18:29:34 **** Build of configuration Debug for project pps_phase_shifter ****
make all 
'Building file: ../startup/startup_stm32.s'
'Invoking: MCU GCC Assembler'
D:\Uczelnia\Rok V\Semestr 10\Praca Magisterska\Oprogramowanie\Git\electronics\Projects\Eclipse Neon\Workspace\pps_phase_shifter\Debug
arm-none-eabi-as -mcpu=cortex-m0 -mthumb -mfloat-abi=soft -I"D:/Uczelnia/Rok V/Semestr 10/Praca Magisterska/Oprogramowanie/Git/electronics/Projects/Eclipse Neon/Workspace/pps_phase_shifter/inc" -I"D:/Uczelnia/Rok V/Semestr 10/Praca Magisterska/Oprogramowanie/Git/electronics/Projects/Eclipse Neon/Workspace/pps_phase_shifter/CMSIS/core" -I"D:/Uczelnia/Rok V/Semestr 10/Praca Magisterska/Oprogramowanie/Git/electronics/Projects/Eclipse Neon/Workspace/pps_phase_shifter/CMSIS/device" -I"D:/Uczelnia/Rok V/Semestr 10/Praca Magisterska/Oprogramowanie/Git/electronics/Projects/Eclipse Neon/Workspace/pps_phase_shifter/HAL_Driver/Inc/Legacy" -I"D:/Uczelnia/Rok V/Semestr 10/Praca Magisterska/Oprogramowanie/Git/electronics/Projects/Eclipse Neon/Workspace/pps_phase_shifter/HAL_Driver/Inc" -g -o "startup/startup_stm32.o" "../startup/startup_stm32.s"
'Finished building: ../startup/startup_stm32.s'
' '
'Building file: ../src/drivers/dds.c'
'Invoking: MCU GCC Compiler'
D:\Uczelnia\Rok V\Semestr 10\Praca Magisterska\Oprogramowanie\Git\electronics\Projects\Eclipse Neon\Workspace\pps_phase_shifter\Debug
arm-none-eabi-gcc -mcpu=cortex-m0 -mthumb -mfloat-abi=soft -DSTM32F0 -DSTM32 -DSTM32F030K6Tx -DDEBUG -DUSE_HAL_DRIVER -DSTM32F030x6 -I"D:/Uczelnia/Rok V/Semestr 10/Praca Magisterska/Oprogramowanie/Git/electronics/Projects/Eclipse Neon/Workspace/pps_phase_shifter/inc" -I"D:/Uczelnia/Rok V/Semestr 10/Praca Magisterska/Oprogramowanie/Git/electronics/Projects/Eclipse Neon/Workspace/pps_phase_shifter/CMSIS/core" -I"D:/Uczelnia/Rok V/Semestr 10/Praca Magisterska/Oprogramowanie/Git/electronics/Projects/Eclipse Neon/Workspace/pps_phase_shifter/CMSIS/device" -I"D:/Uczelnia/Rok V/Semestr 10/Praca Magisterska/Oprogramowanie/Git/electronics/Projects/Eclipse Neon/Workspace/pps_phase_shifter/HAL_Driver/Inc/Legacy" -I"D:/Uczelnia/Rok V/Semestr 10/Praca Magisterska/Oprogramowanie/Git/electronics/Projects/Eclipse Neon/Workspace/pps_phase_shifter/HAL_Driver/Inc" -O3 -g3 -Wall -fmessage-length=0 -ffunction-sections -c -MMD -MP -MF"src/drivers/dds.d" -MT"src/drivers/dds.o" -o "src/drivers/dds.o" "../src/drivers/dds.c"
'Finished building: ../src/drivers/dds.c'
' '
'Building file: ../src/drivers/led.c'
'Invoking: MCU GCC Compiler'
D:\Uczelnia\Rok V\Semestr 10\Praca Magisterska\Oprogramowanie\Git\electronics\Projects\Eclipse Neon\Workspace\pps_phase_shifter\Debug
arm-none-eabi-gcc -mcpu=cortex-m0 -mthumb -mfloat-abi=soft -DSTM32F0 -DSTM32 -DSTM32F030K6Tx -DDEBUG -DUSE_HAL_DRIVER -DSTM32F030x6 -I"D:/Uczelnia/Rok V/Semestr 10/Praca Magisterska/Oprogramowanie/Git/electronics/Projects/Eclipse Neon/Workspace/pps_phase_shifter/inc" -I"D:/Uczelnia/Rok V/Semestr 10/Praca Magisterska/Oprogramowanie/Git/electronics/Projects/Eclipse Neon/Workspace/pps_phase_shifter/CMSIS/core" -I"D:/Uczelnia/Rok V/Semestr 10/Praca Magisterska/Oprogramowanie/Git/electronics/Projects/Eclipse Neon/Workspace/pps_phase_shifter/CMSIS/device" -I"D:/Uczelnia/Rok V/Semestr 10/Praca Magisterska/Oprogramowanie/Git/electronics/Projects/Eclipse Neon/Workspace/pps_phase_shifter/HAL_Driver/Inc/Legacy" -I"D:/Uczelnia/Rok V/Semestr 10/Praca Magisterska/Oprogramowanie/Git/electronics/Projects/Eclipse Neon/Workspace/pps_phase_shifter/HAL_Driver/Inc" -O3 -g3 -Wall -fmessage-length=0 -ffunction-sections -c -MMD -MP -MF"src/drivers/led.d" -MT"src/drivers/led.o" -o "src/drivers/led.o" "../src/drivers/led.c"
'Finished building: ../src/drivers/led.c'
' '
'Building file: ../src/drivers/pc_comm.c'
'Invoking: MCU GCC Compiler'
D:\Uczelnia\Rok V\Semestr 10\Praca Magisterska\Oprogramowanie\Git\electronics\Projects\Eclipse Neon\Workspace\pps_phase_shifter\Debug
arm-none-eabi-gcc -mcpu=cortex-m0 -mthumb -mfloat-abi=soft -DSTM32F0 -DSTM32 -DSTM32F030K6Tx -DDEBUG -DUSE_HAL_DRIVER -DSTM32F030x6 -I"D:/Uczelnia/Rok V/Semestr 10/Praca Magisterska/Oprogramowanie/Git/electronics/Projects/Eclipse Neon/Workspace/pps_phase_shifter/inc" -I"D:/Uczelnia/Rok V/Semestr 10/Praca Magisterska/Oprogramowanie/Git/electronics/Projects/Eclipse Neon/Workspace/pps_phase_shifter/CMSIS/core" -I"D:/Uczelnia/Rok V/Semestr 10/Praca Magisterska/Oprogramowanie/Git/electronics/Projects/Eclipse Neon/Workspace/pps_phase_shifter/CMSIS/device" -I"D:/Uczelnia/Rok V/Semestr 10/Praca Magisterska/Oprogramowanie/Git/electronics/Projects/Eclipse Neon/Workspace/pps_phase_shifter/HAL_Driver/Inc/Legacy" -I"D:/Uczelnia/Rok V/Semestr 10/Praca Magisterska/Oprogramowanie/Git/electronics/Projects/Eclipse Neon/Workspace/pps_phase_shifter/HAL_Driver/Inc" -O3 -g3 -Wall -fmessage-length=0 -ffunction-sections -c -MMD -MP -MF"src/drivers/pc_comm.d" -MT"src/drivers/pc_comm.o" -o "src/drivers/pc_comm.o" "../src/drivers/pc_comm.c"
'Finished building: ../src/drivers/pc_comm.c'
' '
'Building file: ../src/main.c'
'Invoking: MCU GCC Compiler'
D:\Uczelnia\Rok V\Semestr 10\Praca Magisterska\Oprogramowanie\Git\electronics\Projects\Eclipse Neon\Workspace\pps_phase_shifter\Debug
arm-none-eabi-gcc -mcpu=cortex-m0 -mthumb -mfloat-abi=soft -DSTM32F0 -DSTM32 -DSTM32F030K6Tx -DDEBUG -DUSE_HAL_DRIVER -DSTM32F030x6 -I"D:/Uczelnia/Rok V/Semestr 10/Praca Magisterska/Oprogramowanie/Git/electronics/Projects/Eclipse Neon/Workspace/pps_phase_shifter/inc" -I"D:/Uczelnia/Rok V/Semestr 10/Praca Magisterska/Oprogramowanie/Git/electronics/Projects/Eclipse Neon/Workspace/pps_phase_shifter/CMSIS/core" -I"D:/Uczelnia/Rok V/Semestr 10/Praca Magisterska/Oprogramowanie/Git/electronics/Projects/Eclipse Neon/Workspace/pps_phase_shifter/CMSIS/device" -I"D:/Uczelnia/Rok V/Semestr 10/Praca Magisterska/Oprogramowanie/Git/electronics/Projects/Eclipse Neon/Workspace/pps_phase_shifter/HAL_Driver/Inc/Legacy" -I"D:/Uczelnia/Rok V/Semestr 10/Praca Magisterska/Oprogramowanie/Git/electronics/Projects/Eclipse Neon/Workspace/pps_phase_shifter/HAL_Driver/Inc" -O3 -g3 -Wall -fmessage-length=0 -ffunction-sections -c -MMD -MP -MF"src/main.d" -MT"src/main.o" -o "src/main.o" "../src/main.c"
'Finished building: ../src/main.c'
' '
'Building file: ../src/stm32f0xx_it.c'
'Invoking: MCU GCC Compiler'
D:\Uczelnia\Rok V\Semestr 10\Praca Magisterska\Oprogramowanie\Git\electronics\Projects\Eclipse Neon\Workspace\pps_phase_shifter\Debug
arm-none-eabi-gcc -mcpu=cortex-m0 -mthumb -mfloat-abi=soft -DSTM32F0 -DSTM32 -DSTM32F030K6Tx -DDEBUG -DUSE_HAL_DRIVER -DSTM32F030x6 -I"D:/Uczelnia/Rok V/Semestr 10/Praca Magisterska/Oprogramowanie/Git/electronics/Projects/Eclipse Neon/Workspace/pps_phase_shifter/inc" -I"D:/Uczelnia/Rok V/Semestr 10/Praca Magisterska/Oprogramowanie/Git/electronics/Projects/Eclipse Neon/Workspace/pps_phase_shifter/CMSIS/core" -I"D:/Uczelnia/Rok V/Semestr 10/Praca Magisterska/Oprogramowanie/Git/electronics/Projects/Eclipse Neon/Workspace/pps_phase_shifter/CMSIS/device" -I"D:/Uczelnia/Rok V/Semestr 10/Praca Magisterska/Oprogramowanie/Git/electronics/Projects/Eclipse Neon/Workspace/pps_phase_shifter/HAL_Driver/Inc/Legacy" -I"D:/Uczelnia/Rok V/Semestr 10/Praca Magisterska/Oprogramowanie/Git/electronics/Projects/Eclipse Neon/Workspace/pps_phase_shifter/HAL_Driver/Inc" -O3 -g3 -Wall -fmessage-length=0 -ffunction-sections -c -MMD -MP -MF"src/stm32f0xx_it.d" -MT"src/stm32f0xx_it.o" -o "src/stm32f0xx_it.o" "../src/stm32f0xx_it.c"
'Finished building: ../src/stm32f0xx_it.c'
' '
'Building file: ../src/syscalls.c'
'Invoking: MCU GCC Compiler'
D:\Uczelnia\Rok V\Semestr 10\Praca Magisterska\Oprogramowanie\Git\electronics\Projects\Eclipse Neon\Workspace\pps_phase_shifter\Debug
arm-none-eabi-gcc -mcpu=cortex-m0 -mthumb -mfloat-abi=soft -DSTM32F0 -DSTM32 -DSTM32F030K6Tx -DDEBUG -DUSE_HAL_DRIVER -DSTM32F030x6 -I"D:/Uczelnia/Rok V/Semestr 10/Praca Magisterska/Oprogramowanie/Git/electronics/Projects/Eclipse Neon/Workspace/pps_phase_shifter/inc" -I"D:/Uczelnia/Rok V/Semestr 10/Praca Magisterska/Oprogramowanie/Git/electronics/Projects/Eclipse Neon/Workspace/pps_phase_shifter/CMSIS/core" -I"D:/Uczelnia/Rok V/Semestr 10/Praca Magisterska/Oprogramowanie/Git/electronics/Projects/Eclipse Neon/Workspace/pps_phase_shifter/CMSIS/device" -I"D:/Uczelnia/Rok V/Semestr 10/Praca Magisterska/Oprogramowanie/Git/electronics/Projects/Eclipse Neon/Workspace/pps_phase_shifter/HAL_Driver/Inc/Legacy" -I"D:/Uczelnia/Rok V/Semestr 10/Praca Magisterska/Oprogramowanie/Git/electronics/Projects/Eclipse Neon/Workspace/pps_phase_shifter/HAL_Driver/Inc" -O3 -g3 -Wall -fmessage-length=0 -ffunction-sections -c -MMD -MP -MF"src/syscalls.d" -MT"src/syscalls.o" -o "src/syscalls.o" "../src/syscalls.c"
'Finished building: ../src/syscalls.c'
' '
'Building file: ../src/system_stm32f0xx.c'
'Invoking: MCU GCC Compiler'
D:\Uczelnia\Rok V\Semestr 10\Praca Magisterska\Oprogramowanie\Git\electronics\Projects\Eclipse Neon\Workspace\pps_phase_shifter\Debug
arm-none-eabi-gcc -mcpu=cortex-m0 -mthumb -mfloat-abi=soft -DSTM32F0 -DSTM32 -DSTM32F030K6Tx -DDEBUG -DUSE_HAL_DRIVER -DSTM32F030x6 -I"D:/Uczelnia/Rok V/Semestr 10/Praca Magisterska/Oprogramowanie/Git/electronics/Projects/Eclipse Neon/Workspace/pps_phase_shifter/inc" -I"D:/Uczelnia/Rok V/Semestr 10/Praca Magisterska/Oprogramowanie/Git/electronics/Projects/Eclipse Neon/Workspace/pps_phase_shifter/CMSIS/core" -I"D:/Uczelnia/Rok V/Semestr 10/Praca Magisterska/Oprogramowanie/Git/electronics/Projects/Eclipse Neon/Workspace/pps_phase_shifter/CMSIS/device" -I"D:/Uczelnia/Rok V/Semestr 10/Praca Magisterska/Oprogramowanie/Git/electronics/Projects/Eclipse Neon/Workspace/pps_phase_shifter/HAL_Driver/Inc/Legacy" -I"D:/Uczelnia/Rok V/Semestr 10/Praca Magisterska/Oprogramowanie/Git/electronics/Projects/Eclipse Neon/Workspace/pps_phase_shifter/HAL_Driver/Inc" -O3 -g3 -Wall -fmessage-length=0 -ffunction-sections -c -MMD -MP -MF"src/system_stm32f0xx.d" -MT"src/system_stm32f0xx.o" -o "src/system_stm32f0xx.o" "../src/system_stm32f0xx.c"
'Finished building: ../src/system_stm32f0xx.c'
' '
'Building file: ../HAL_Driver/Src/stm32f0xx_hal.c'
'Invoking: MCU GCC Compiler'
D:\Uczelnia\Rok V\Semestr 10\Praca Magisterska\Oprogramowanie\Git\electronics\Projects\Eclipse Neon\Workspace\pps_phase_shifter\Debug
arm-none-eabi-gcc -mcpu=cortex-m0 -mthumb -mfloat-abi=soft -DSTM32F0 -DSTM32 -DSTM32F030K6Tx -DDEBUG -DUSE_HAL_DRIVER -DSTM32F030x6 -I"D:/Uczelnia/Rok V/Semestr 10/Praca Magisterska/Oprogramowanie/Git/electronics/Projects/Eclipse Neon/Workspace/pps_phase_shifter/inc" -I"D:/Uczelnia/Rok V/Semestr 10/Praca Magisterska/Oprogramowanie/Git/electronics/Projects/Eclipse Neon/Workspace/pps_phase_shifter/CMSIS/core" -I"D:/Uczelnia/Rok V/Semestr 10/Praca Magisterska/Oprogramowanie/Git/electronics/Projects/Eclipse Neon/Workspace/pps_phase_shifter/CMSIS/device" -I"D:/Uczelnia/Rok V/Semestr 10/Praca Magisterska/Oprogramowanie/Git/electronics/Projects/Eclipse Neon/Workspace/pps_phase_shifter/HAL_Driver/Inc/Legacy" -I"D:/Uczelnia/Rok V/Semestr 10/Praca Magisterska/Oprogramowanie/Git/electronics/Projects/Eclipse Neon/Workspace/pps_phase_shifter/HAL_Driver/Inc" -O3 -g3 -Wall -fmessage-length=0 -ffunction-sections -c -MMD -MP -MF"HAL_Driver/Src/stm32f0xx_hal.d" -MT"HAL_Driver/Src/stm32f0xx_hal.o" -o "HAL_Driver/Src/stm32f0xx_hal.o" "../HAL_Driver/Src/stm32f0xx_hal.c"
'Finished building: ../HAL_Driver/Src/stm32f0xx_hal.c'
' '
'Building file: ../HAL_Driver/Src/stm32f0xx_hal_adc.c'
'Invoking: MCU GCC Compiler'
D:\Uczelnia\Rok V\Semestr 10\Praca Magisterska\Oprogramowanie\Git\electronics\Projects\Eclipse Neon\Workspace\pps_phase_shifter\Debug
arm-none-eabi-gcc -mcpu=cortex-m0 -mthumb -mfloat-abi=soft -DSTM32F0 -DSTM32 -DSTM32F030K6Tx -DDEBUG -DUSE_HAL_DRIVER -DSTM32F030x6 -I"D:/Uczelnia/Rok V/Semestr 10/Praca Magisterska/Oprogramowanie/Git/electronics/Projects/Eclipse Neon/Workspace/pps_phase_shifter/inc" -I"D:/Uczelnia/Rok V/Semestr 10/Praca Magisterska/Oprogramowanie/Git/electronics/Projects/Eclipse Neon/Workspace/pps_phase_shifter/CMSIS/core" -I"D:/Uczelnia/Rok V/Semestr 10/Praca Magisterska/Oprogramowanie/Git/electronics/Projects/Eclipse Neon/Workspace/pps_phase_shifter/CMSIS/device" -I"D:/Uczelnia/Rok V/Semestr 10/Praca Magisterska/Oprogramowanie/Git/electronics/Projects/Eclipse Neon/Workspace/pps_phase_shifter/HAL_Driver/Inc/Legacy" -I"D:/Uczelnia/Rok V/Semestr 10/Praca Magisterska/Oprogramowanie/Git/electronics/Projects/Eclipse Neon/Workspace/pps_phase_shifter/HAL_Driver/Inc" -O3 -g3 -Wall -fmessage-length=0 -ffunction-sections -c -MMD -MP -MF"HAL_Driver/Src/stm32f0xx_hal_adc.d" -MT"HAL_Driver/Src/stm32f0xx_hal_adc.o" -o "HAL_Driver/Src/stm32f0xx_hal_adc.o" "../HAL_Driver/Src/stm32f0xx_hal_adc.c"
'Finished building: ../HAL_Driver/Src/stm32f0xx_hal_adc.c'
' '
'Building file: ../HAL_Driver/Src/stm32f0xx_hal_adc_ex.c'
'Invoking: MCU GCC Compiler'
D:\Uczelnia\Rok V\Semestr 10\Praca Magisterska\Oprogramowanie\Git\electronics\Projects\Eclipse Neon\Workspace\pps_phase_shifter\Debug
arm-none-eabi-gcc -mcpu=cortex-m0 -mthumb -mfloat-abi=soft -DSTM32F0 -DSTM32 -DSTM32F030K6Tx -DDEBUG -DUSE_HAL_DRIVER -DSTM32F030x6 -I"D:/Uczelnia/Rok V/Semestr 10/Praca Magisterska/Oprogramowanie/Git/electronics/Projects/Eclipse Neon/Workspace/pps_phase_shifter/inc" -I"D:/Uczelnia/Rok V/Semestr 10/Praca Magisterska/Oprogramowanie/Git/electronics/Projects/Eclipse Neon/Workspace/pps_phase_shifter/CMSIS/core" -I"D:/Uczelnia/Rok V/Semestr 10/Praca Magisterska/Oprogramowanie/Git/electronics/Projects/Eclipse Neon/Workspace/pps_phase_shifter/CMSIS/device" -I"D:/Uczelnia/Rok V/Semestr 10/Praca Magisterska/Oprogramowanie/Git/electronics/Projects/Eclipse Neon/Workspace/pps_phase_shifter/HAL_Driver/Inc/Legacy" -I"D:/Uczelnia/Rok V/Semestr 10/Praca Magisterska/Oprogramowanie/Git/electronics/Projects/Eclipse Neon/Workspace/pps_phase_shifter/HAL_Driver/Inc" -O3 -g3 -Wall -fmessage-length=0 -ffunction-sections -c -MMD -MP -MF"HAL_Driver/Src/stm32f0xx_hal_adc_ex.d" -MT"HAL_Driver/Src/stm32f0xx_hal_adc_ex.o" -o "HAL_Driver/Src/stm32f0xx_hal_adc_ex.o" "../HAL_Driver/Src/stm32f0xx_hal_adc_ex.c"
'Finished building: ../HAL_Driver/Src/stm32f0xx_hal_adc_ex.c'
' '
'Building file: ../HAL_Driver/Src/stm32f0xx_hal_can.c'
'Invoking: MCU GCC Compiler'
D:\Uczelnia\Rok V\Semestr 10\Praca Magisterska\Oprogramowanie\Git\electronics\Projects\Eclipse Neon\Workspace\pps_phase_shifter\Debug
arm-none-eabi-gcc -mcpu=cortex-m0 -mthumb -mfloat-abi=soft -DSTM32F0 -DSTM32 -DSTM32F030K6Tx -DDEBUG -DUSE_HAL_DRIVER -DSTM32F030x6 -I"D:/Uczelnia/Rok V/Semestr 10/Praca Magisterska/Oprogramowanie/Git/electronics/Projects/Eclipse Neon/Workspace/pps_phase_shifter/inc" -I"D:/Uczelnia/Rok V/Semestr 10/Praca Magisterska/Oprogramowanie/Git/electronics/Projects/Eclipse Neon/Workspace/pps_phase_shifter/CMSIS/core" -I"D:/Uczelnia/Rok V/Semestr 10/Praca Magisterska/Oprogramowanie/Git/electronics/Projects/Eclipse Neon/Workspace/pps_phase_shifter/CMSIS/device" -I"D:/Uczelnia/Rok V/Semestr 10/Praca Magisterska/Oprogramowanie/Git/electronics/Projects/Eclipse Neon/Workspace/pps_phase_shifter/HAL_Driver/Inc/Legacy" -I"D:/Uczelnia/Rok V/Semestr 10/Praca Magisterska/Oprogramowanie/Git/electronics/Projects/Eclipse Neon/Workspace/pps_phase_shifter/HAL_Driver/Inc" -O3 -g3 -Wall -fmessage-length=0 -ffunction-sections -c -MMD -MP -MF"HAL_Driver/Src/stm32f0xx_hal_can.d" -MT"HAL_Driver/Src/stm32f0xx_hal_can.o" -o "HAL_Driver/Src/stm32f0xx_hal_can.o" "../HAL_Driver/Src/stm32f0xx_hal_can.c"
'Finished building: ../HAL_Driver/Src/stm32f0xx_hal_can.c'
' '
'Building file: ../HAL_Driver/Src/stm32f0xx_hal_cec.c'
'Invoking: MCU GCC Compiler'
D:\Uczelnia\Rok V\Semestr 10\Praca Magisterska\Oprogramowanie\Git\electronics\Projects\Eclipse Neon\Workspace\pps_phase_shifter\Debug
arm-none-eabi-gcc -mcpu=cortex-m0 -mthumb -mfloat-abi=soft -DSTM32F0 -DSTM32 -DSTM32F030K6Tx -DDEBUG -DUSE_HAL_DRIVER -DSTM32F030x6 -I"D:/Uczelnia/Rok V/Semestr 10/Praca Magisterska/Oprogramowanie/Git/electronics/Projects/Eclipse Neon/Workspace/pps_phase_shifter/inc" -I"D:/Uczelnia/Rok V/Semestr 10/Praca Magisterska/Oprogramowanie/Git/electronics/Projects/Eclipse Neon/Workspace/pps_phase_shifter/CMSIS/core" -I"D:/Uczelnia/Rok V/Semestr 10/Praca Magisterska/Oprogramowanie/Git/electronics/Projects/Eclipse Neon/Workspace/pps_phase_shifter/CMSIS/device" -I"D:/Uczelnia/Rok V/Semestr 10/Praca Magisterska/Oprogramowanie/Git/electronics/Projects/Eclipse Neon/Workspace/pps_phase_shifter/HAL_Driver/Inc/Legacy" -I"D:/Uczelnia/Rok V/Semestr 10/Praca Magisterska/Oprogramowanie/Git/electronics/Projects/Eclipse Neon/Workspace/pps_phase_shifter/HAL_Driver/Inc" -O3 -g3 -Wall -fmessage-length=0 -ffunction-sections -c -MMD -MP -MF"HAL_Driver/Src/stm32f0xx_hal_cec.d" -MT"HAL_Driver/Src/stm32f0xx_hal_cec.o" -o "HAL_Driver/Src/stm32f0xx_hal_cec.o" "../HAL_Driver/Src/stm32f0xx_hal_cec.c"
'Finished building: ../HAL_Driver/Src/stm32f0xx_hal_cec.c'
' '
'Building file: ../HAL_Driver/Src/stm32f0xx_hal_comp.c'
'Invoking: MCU GCC Compiler'
D:\Uczelnia\Rok V\Semestr 10\Praca Magisterska\Oprogramowanie\Git\electronics\Projects\Eclipse Neon\Workspace\pps_phase_shifter\Debug
arm-none-eabi-gcc -mcpu=cortex-m0 -mthumb -mfloat-abi=soft -DSTM32F0 -DSTM32 -DSTM32F030K6Tx -DDEBUG -DUSE_HAL_DRIVER -DSTM32F030x6 -I"D:/Uczelnia/Rok V/Semestr 10/Praca Magisterska/Oprogramowanie/Git/electronics/Projects/Eclipse Neon/Workspace/pps_phase_shifter/inc" -I"D:/Uczelnia/Rok V/Semestr 10/Praca Magisterska/Oprogramowanie/Git/electronics/Projects/Eclipse Neon/Workspace/pps_phase_shifter/CMSIS/core" -I"D:/Uczelnia/Rok V/Semestr 10/Praca Magisterska/Oprogramowanie/Git/electronics/Projects/Eclipse Neon/Workspace/pps_phase_shifter/CMSIS/device" -I"D:/Uczelnia/Rok V/Semestr 10/Praca Magisterska/Oprogramowanie/Git/electronics/Projects/Eclipse Neon/Workspace/pps_phase_shifter/HAL_Driver/Inc/Legacy" -I"D:/Uczelnia/Rok V/Semestr 10/Praca Magisterska/Oprogramowanie/Git/electronics/Projects/Eclipse Neon/Workspace/pps_phase_shifter/HAL_Driver/Inc" -O3 -g3 -Wall -fmessage-length=0 -ffunction-sections -c -MMD -MP -MF"HAL_Driver/Src/stm32f0xx_hal_comp.d" -MT"HAL_Driver/Src/stm32f0xx_hal_comp.o" -o "HAL_Driver/Src/stm32f0xx_hal_comp.o" "../HAL_Driver/Src/stm32f0xx_hal_comp.c"
'Finished building: ../HAL_Driver/Src/stm32f0xx_hal_comp.c'
' '
'Building file: ../HAL_Driver/Src/stm32f0xx_hal_cortex.c'
'Invoking: MCU GCC Compiler'
D:\Uczelnia\Rok V\Semestr 10\Praca Magisterska\Oprogramowanie\Git\electronics\Projects\Eclipse Neon\Workspace\pps_phase_shifter\Debug
arm-none-eabi-gcc -mcpu=cortex-m0 -mthumb -mfloat-abi=soft -DSTM32F0 -DSTM32 -DSTM32F030K6Tx -DDEBUG -DUSE_HAL_DRIVER -DSTM32F030x6 -I"D:/Uczelnia/Rok V/Semestr 10/Praca Magisterska/Oprogramowanie/Git/electronics/Projects/Eclipse Neon/Workspace/pps_phase_shifter/inc" -I"D:/Uczelnia/Rok V/Semestr 10/Praca Magisterska/Oprogramowanie/Git/electronics/Projects/Eclipse Neon/Workspace/pps_phase_shifter/CMSIS/core" -I"D:/Uczelnia/Rok V/Semestr 10/Praca Magisterska/Oprogramowanie/Git/electronics/Projects/Eclipse Neon/Workspace/pps_phase_shifter/CMSIS/device" -I"D:/Uczelnia/Rok V/Semestr 10/Praca Magisterska/Oprogramowanie/Git/electronics/Projects/Eclipse Neon/Workspace/pps_phase_shifter/HAL_Driver/Inc/Legacy" -I"D:/Uczelnia/Rok V/Semestr 10/Praca Magisterska/Oprogramowanie/Git/electronics/Projects/Eclipse Neon/Workspace/pps_phase_shifter/HAL_Driver/Inc" -O3 -g3 -Wall -fmessage-length=0 -ffunction-sections -c -MMD -MP -MF"HAL_Driver/Src/stm32f0xx_hal_cortex.d" -MT"HAL_Driver/Src/stm32f0xx_hal_cortex.o" -o "HAL_Driver/Src/stm32f0xx_hal_cortex.o" "../HAL_Driver/Src/stm32f0xx_hal_cortex.c"
'Finished building: ../HAL_Driver/Src/stm32f0xx_hal_cortex.c'
' '
'Building file: ../HAL_Driver/Src/stm32f0xx_hal_crc.c'
'Invoking: MCU GCC Compiler'
D:\Uczelnia\Rok V\Semestr 10\Praca Magisterska\Oprogramowanie\Git\electronics\Projects\Eclipse Neon\Workspace\pps_phase_shifter\Debug
arm-none-eabi-gcc -mcpu=cortex-m0 -mthumb -mfloat-abi=soft -DSTM32F0 -DSTM32 -DSTM32F030K6Tx -DDEBUG -DUSE_HAL_DRIVER -DSTM32F030x6 -I"D:/Uczelnia/Rok V/Semestr 10/Praca Magisterska/Oprogramowanie/Git/electronics/Projects/Eclipse Neon/Workspace/pps_phase_shifter/inc" -I"D:/Uczelnia/Rok V/Semestr 10/Praca Magisterska/Oprogramowanie/Git/electronics/Projects/Eclipse Neon/Workspace/pps_phase_shifter/CMSIS/core" -I"D:/Uczelnia/Rok V/Semestr 10/Praca Magisterska/Oprogramowanie/Git/electronics/Projects/Eclipse Neon/Workspace/pps_phase_shifter/CMSIS/device" -I"D:/Uczelnia/Rok V/Semestr 10/Praca Magisterska/Oprogramowanie/Git/electronics/Projects/Eclipse Neon/Workspace/pps_phase_shifter/HAL_Driver/Inc/Legacy" -I"D:/Uczelnia/Rok V/Semestr 10/Praca Magisterska/Oprogramowanie/Git/electronics/Projects/Eclipse Neon/Workspace/pps_phase_shifter/HAL_Driver/Inc" -O3 -g3 -Wall -fmessage-length=0 -ffunction-sections -c -MMD -MP -MF"HAL_Driver/Src/stm32f0xx_hal_crc.d" -MT"HAL_Driver/Src/stm32f0xx_hal_crc.o" -o "HAL_Driver/Src/stm32f0xx_hal_crc.o" "../HAL_Driver/Src/stm32f0xx_hal_crc.c"
'Finished building: ../HAL_Driver/Src/stm32f0xx_hal_crc.c'
' '
'Building file: ../HAL_Driver/Src/stm32f0xx_hal_crc_ex.c'
'Invoking: MCU GCC Compiler'
D:\Uczelnia\Rok V\Semestr 10\Praca Magisterska\Oprogramowanie\Git\electronics\Projects\Eclipse Neon\Workspace\pps_phase_shifter\Debug
arm-none-eabi-gcc -mcpu=cortex-m0 -mthumb -mfloat-abi=soft -DSTM32F0 -DSTM32 -DSTM32F030K6Tx -DDEBUG -DUSE_HAL_DRIVER -DSTM32F030x6 -I"D:/Uczelnia/Rok V/Semestr 10/Praca Magisterska/Oprogramowanie/Git/electronics/Projects/Eclipse Neon/Workspace/pps_phase_shifter/inc" -I"D:/Uczelnia/Rok V/Semestr 10/Praca Magisterska/Oprogramowanie/Git/electronics/Projects/Eclipse Neon/Workspace/pps_phase_shifter/CMSIS/core" -I"D:/Uczelnia/Rok V/Semestr 10/Praca Magisterska/Oprogramowanie/Git/electronics/Projects/Eclipse Neon/Workspace/pps_phase_shifter/CMSIS/device" -I"D:/Uczelnia/Rok V/Semestr 10/Praca Magisterska/Oprogramowanie/Git/electronics/Projects/Eclipse Neon/Workspace/pps_phase_shifter/HAL_Driver/Inc/Legacy" -I"D:/Uczelnia/Rok V/Semestr 10/Praca Magisterska/Oprogramowanie/Git/electronics/Projects/Eclipse Neon/Workspace/pps_phase_shifter/HAL_Driver/Inc" -O3 -g3 -Wall -fmessage-length=0 -ffunction-sections -c -MMD -MP -MF"HAL_Driver/Src/stm32f0xx_hal_crc_ex.d" -MT"HAL_Driver/Src/stm32f0xx_hal_crc_ex.o" -o "HAL_Driver/Src/stm32f0xx_hal_crc_ex.o" "../HAL_Driver/Src/stm32f0xx_hal_crc_ex.c"
'Finished building: ../HAL_Driver/Src/stm32f0xx_hal_crc_ex.c'
' '
'Building file: ../HAL_Driver/Src/stm32f0xx_hal_dac.c'
'Invoking: MCU GCC Compiler'
D:\Uczelnia\Rok V\Semestr 10\Praca Magisterska\Oprogramowanie\Git\electronics\Projects\Eclipse Neon\Workspace\pps_phase_shifter\Debug
arm-none-eabi-gcc -mcpu=cortex-m0 -mthumb -mfloat-abi=soft -DSTM32F0 -DSTM32 -DSTM32F030K6Tx -DDEBUG -DUSE_HAL_DRIVER -DSTM32F030x6 -I"D:/Uczelnia/Rok V/Semestr 10/Praca Magisterska/Oprogramowanie/Git/electronics/Projects/Eclipse Neon/Workspace/pps_phase_shifter/inc" -I"D:/Uczelnia/Rok V/Semestr 10/Praca Magisterska/Oprogramowanie/Git/electronics/Projects/Eclipse Neon/Workspace/pps_phase_shifter/CMSIS/core" -I"D:/Uczelnia/Rok V/Semestr 10/Praca Magisterska/Oprogramowanie/Git/electronics/Projects/Eclipse Neon/Workspace/pps_phase_shifter/CMSIS/device" -I"D:/Uczelnia/Rok V/Semestr 10/Praca Magisterska/Oprogramowanie/Git/electronics/Projects/Eclipse Neon/Workspace/pps_phase_shifter/HAL_Driver/Inc/Legacy" -I"D:/Uczelnia/Rok V/Semestr 10/Praca Magisterska/Oprogramowanie/Git/electronics/Projects/Eclipse Neon/Workspace/pps_phase_shifter/HAL_Driver/Inc" -O3 -g3 -Wall -fmessage-length=0 -ffunction-sections -c -MMD -MP -MF"HAL_Driver/Src/stm32f0xx_hal_dac.d" -MT"HAL_Driver/Src/stm32f0xx_hal_dac.o" -o "HAL_Driver/Src/stm32f0xx_hal_dac.o" "../HAL_Driver/Src/stm32f0xx_hal_dac.c"
'Finished building: ../HAL_Driver/Src/stm32f0xx_hal_dac.c'
' '
'Building file: ../HAL_Driver/Src/stm32f0xx_hal_dac_ex.c'
'Invoking: MCU GCC Compiler'
D:\Uczelnia\Rok V\Semestr 10\Praca Magisterska\Oprogramowanie\Git\electronics\Projects\Eclipse Neon\Workspace\pps_phase_shifter\Debug
arm-none-eabi-gcc -mcpu=cortex-m0 -mthumb -mfloat-abi=soft -DSTM32F0 -DSTM32 -DSTM32F030K6Tx -DDEBUG -DUSE_HAL_DRIVER -DSTM32F030x6 -I"D:/Uczelnia/Rok V/Semestr 10/Praca Magisterska/Oprogramowanie/Git/electronics/Projects/Eclipse Neon/Workspace/pps_phase_shifter/inc" -I"D:/Uczelnia/Rok V/Semestr 10/Praca Magisterska/Oprogramowanie/Git/electronics/Projects/Eclipse Neon/Workspace/pps_phase_shifter/CMSIS/core" -I"D:/Uczelnia/Rok V/Semestr 10/Praca Magisterska/Oprogramowanie/Git/electronics/Projects/Eclipse Neon/Workspace/pps_phase_shifter/CMSIS/device" -I"D:/Uczelnia/Rok V/Semestr 10/Praca Magisterska/Oprogramowanie/Git/electronics/Projects/Eclipse Neon/Workspace/pps_phase_shifter/HAL_Driver/Inc/Legacy" -I"D:/Uczelnia/Rok V/Semestr 10/Praca Magisterska/Oprogramowanie/Git/electronics/Projects/Eclipse Neon/Workspace/pps_phase_shifter/HAL_Driver/Inc" -O3 -g3 -Wall -fmessage-length=0 -ffunction-sections -c -MMD -MP -MF"HAL_Driver/Src/stm32f0xx_hal_dac_ex.d" -MT"HAL_Driver/Src/stm32f0xx_hal_dac_ex.o" -o "HAL_Driver/Src/stm32f0xx_hal_dac_ex.o" "../HAL_Driver/Src/stm32f0xx_hal_dac_ex.c"
'Finished building: ../HAL_Driver/Src/stm32f0xx_hal_dac_ex.c'
' '
'Building file: ../HAL_Driver/Src/stm32f0xx_hal_dma.c'
'Invoking: MCU GCC Compiler'
D:\Uczelnia\Rok V\Semestr 10\Praca Magisterska\Oprogramowanie\Git\electronics\Projects\Eclipse Neon\Workspace\pps_phase_shifter\Debug
arm-none-eabi-gcc -mcpu=cortex-m0 -mthumb -mfloat-abi=soft -DSTM32F0 -DSTM32 -DSTM32F030K6Tx -DDEBUG -DUSE_HAL_DRIVER -DSTM32F030x6 -I"D:/Uczelnia/Rok V/Semestr 10/Praca Magisterska/Oprogramowanie/Git/electronics/Projects/Eclipse Neon/Workspace/pps_phase_shifter/inc" -I"D:/Uczelnia/Rok V/Semestr 10/Praca Magisterska/Oprogramowanie/Git/electronics/Projects/Eclipse Neon/Workspace/pps_phase_shifter/CMSIS/core" -I"D:/Uczelnia/Rok V/Semestr 10/Praca Magisterska/Oprogramowanie/Git/electronics/Projects/Eclipse Neon/Workspace/pps_phase_shifter/CMSIS/device" -I"D:/Uczelnia/Rok V/Semestr 10/Praca Magisterska/Oprogramowanie/Git/electronics/Projects/Eclipse Neon/Workspace/pps_phase_shifter/HAL_Driver/Inc/Legacy" -I"D:/Uczelnia/Rok V/Semestr 10/Praca Magisterska/Oprogramowanie/Git/electronics/Projects/Eclipse Neon/Workspace/pps_phase_shifter/HAL_Driver/Inc" -O3 -g3 -Wall -fmessage-length=0 -ffunction-sections -c -MMD -MP -MF"HAL_Driver/Src/stm32f0xx_hal_dma.d" -MT"HAL_Driver/Src/stm32f0xx_hal_dma.o" -o "HAL_Driver/Src/stm32f0xx_hal_dma.o" "../HAL_Driver/Src/stm32f0xx_hal_dma.c"
'Finished building: ../HAL_Driver/Src/stm32f0xx_hal_dma.c'
' '
'Building file: ../HAL_Driver/Src/stm32f0xx_hal_flash.c'
'Invoking: MCU GCC Compiler'
D:\Uczelnia\Rok V\Semestr 10\Praca Magisterska\Oprogramowanie\Git\electronics\Projects\Eclipse Neon\Workspace\pps_phase_shifter\Debug
arm-none-eabi-gcc -mcpu=cortex-m0 -mthumb -mfloat-abi=soft -DSTM32F0 -DSTM32 -DSTM32F030K6Tx -DDEBUG -DUSE_HAL_DRIVER -DSTM32F030x6 -I"D:/Uczelnia/Rok V/Semestr 10/Praca Magisterska/Oprogramowanie/Git/electronics/Projects/Eclipse Neon/Workspace/pps_phase_shifter/inc" -I"D:/Uczelnia/Rok V/Semestr 10/Praca Magisterska/Oprogramowanie/Git/electronics/Projects/Eclipse Neon/Workspace/pps_phase_shifter/CMSIS/core" -I"D:/Uczelnia/Rok V/Semestr 10/Praca Magisterska/Oprogramowanie/Git/electronics/Projects/Eclipse Neon/Workspace/pps_phase_shifter/CMSIS/device" -I"D:/Uczelnia/Rok V/Semestr 10/Praca Magisterska/Oprogramowanie/Git/electronics/Projects/Eclipse Neon/Workspace/pps_phase_shifter/HAL_Driver/Inc/Legacy" -I"D:/Uczelnia/Rok V/Semestr 10/Praca Magisterska/Oprogramowanie/Git/electronics/Projects/Eclipse Neon/Workspace/pps_phase_shifter/HAL_Driver/Inc" -O3 -g3 -Wall -fmessage-length=0 -ffunction-sections -c -MMD -MP -MF"HAL_Driver/Src/stm32f0xx_hal_flash.d" -MT"HAL_Driver/Src/stm32f0xx_hal_flash.o" -o "HAL_Driver/Src/stm32f0xx_hal_flash.o" "../HAL_Driver/Src/stm32f0xx_hal_flash.c"
'Finished building: ../HAL_Driver/Src/stm32f0xx_hal_flash.c'
' '
'Building file: ../HAL_Driver/Src/stm32f0xx_hal_flash_ex.c'
'Invoking: MCU GCC Compiler'
D:\Uczelnia\Rok V\Semestr 10\Praca Magisterska\Oprogramowanie\Git\electronics\Projects\Eclipse Neon\Workspace\pps_phase_shifter\Debug
arm-none-eabi-gcc -mcpu=cortex-m0 -mthumb -mfloat-abi=soft -DSTM32F0 -DSTM32 -DSTM32F030K6Tx -DDEBUG -DUSE_HAL_DRIVER -DSTM32F030x6 -I"D:/Uczelnia/Rok V/Semestr 10/Praca Magisterska/Oprogramowanie/Git/electronics/Projects/Eclipse Neon/Workspace/pps_phase_shifter/inc" -I"D:/Uczelnia/Rok V/Semestr 10/Praca Magisterska/Oprogramowanie/Git/electronics/Projects/Eclipse Neon/Workspace/pps_phase_shifter/CMSIS/core" -I"D:/Uczelnia/Rok V/Semestr 10/Praca Magisterska/Oprogramowanie/Git/electronics/Projects/Eclipse Neon/Workspace/pps_phase_shifter/CMSIS/device" -I"D:/Uczelnia/Rok V/Semestr 10/Praca Magisterska/Oprogramowanie/Git/electronics/Projects/Eclipse Neon/Workspace/pps_phase_shifter/HAL_Driver/Inc/Legacy" -I"D:/Uczelnia/Rok V/Semestr 10/Praca Magisterska/Oprogramowanie/Git/electronics/Projects/Eclipse Neon/Workspace/pps_phase_shifter/HAL_Driver/Inc" -O3 -g3 -Wall -fmessage-length=0 -ffunction-sections -c -MMD -MP -MF"HAL_Driver/Src/stm32f0xx_hal_flash_ex.d" -MT"HAL_Driver/Src/stm32f0xx_hal_flash_ex.o" -o "HAL_Driver/Src/stm32f0xx_hal_flash_ex.o" "../HAL_Driver/Src/stm32f0xx_hal_flash_ex.c"
'Finished building: ../HAL_Driver/Src/stm32f0xx_hal_flash_ex.c'
' '
'Building file: ../HAL_Driver/Src/stm32f0xx_hal_gpio.c'
'Invoking: MCU GCC Compiler'
D:\Uczelnia\Rok V\Semestr 10\Praca Magisterska\Oprogramowanie\Git\electronics\Projects\Eclipse Neon\Workspace\pps_phase_shifter\Debug
arm-none-eabi-gcc -mcpu=cortex-m0 -mthumb -mfloat-abi=soft -DSTM32F0 -DSTM32 -DSTM32F030K6Tx -DDEBUG -DUSE_HAL_DRIVER -DSTM32F030x6 -I"D:/Uczelnia/Rok V/Semestr 10/Praca Magisterska/Oprogramowanie/Git/electronics/Projects/Eclipse Neon/Workspace/pps_phase_shifter/inc" -I"D:/Uczelnia/Rok V/Semestr 10/Praca Magisterska/Oprogramowanie/Git/electronics/Projects/Eclipse Neon/Workspace/pps_phase_shifter/CMSIS/core" -I"D:/Uczelnia/Rok V/Semestr 10/Praca Magisterska/Oprogramowanie/Git/electronics/Projects/Eclipse Neon/Workspace/pps_phase_shifter/CMSIS/device" -I"D:/Uczelnia/Rok V/Semestr 10/Praca Magisterska/Oprogramowanie/Git/electronics/Projects/Eclipse Neon/Workspace/pps_phase_shifter/HAL_Driver/Inc/Legacy" -I"D:/Uczelnia/Rok V/Semestr 10/Praca Magisterska/Oprogramowanie/Git/electronics/Projects/Eclipse Neon/Workspace/pps_phase_shifter/HAL_Driver/Inc" -O3 -g3 -Wall -fmessage-length=0 -ffunction-sections -c -MMD -MP -MF"HAL_Driver/Src/stm32f0xx_hal_gpio.d" -MT"HAL_Driver/Src/stm32f0xx_hal_gpio.o" -o "HAL_Driver/Src/stm32f0xx_hal_gpio.o" "../HAL_Driver/Src/stm32f0xx_hal_gpio.c"
'Finished building: ../HAL_Driver/Src/stm32f0xx_hal_gpio.c'
' '
'Building file: ../HAL_Driver/Src/stm32f0xx_hal_i2c.c'
'Invoking: MCU GCC Compiler'
D:\Uczelnia\Rok V\Semestr 10\Praca Magisterska\Oprogramowanie\Git\electronics\Projects\Eclipse Neon\Workspace\pps_phase_shifter\Debug
arm-none-eabi-gcc -mcpu=cortex-m0 -mthumb -mfloat-abi=soft -DSTM32F0 -DSTM32 -DSTM32F030K6Tx -DDEBUG -DUSE_HAL_DRIVER -DSTM32F030x6 -I"D:/Uczelnia/Rok V/Semestr 10/Praca Magisterska/Oprogramowanie/Git/electronics/Projects/Eclipse Neon/Workspace/pps_phase_shifter/inc" -I"D:/Uczelnia/Rok V/Semestr 10/Praca Magisterska/Oprogramowanie/Git/electronics/Projects/Eclipse Neon/Workspace/pps_phase_shifter/CMSIS/core" -I"D:/Uczelnia/Rok V/Semestr 10/Praca Magisterska/Oprogramowanie/Git/electronics/Projects/Eclipse Neon/Workspace/pps_phase_shifter/CMSIS/device" -I"D:/Uczelnia/Rok V/Semestr 10/Praca Magisterska/Oprogramowanie/Git/electronics/Projects/Eclipse Neon/Workspace/pps_phase_shifter/HAL_Driver/Inc/Legacy" -I"D:/Uczelnia/Rok V/Semestr 10/Praca Magisterska/Oprogramowanie/Git/electronics/Projects/Eclipse Neon/Workspace/pps_phase_shifter/HAL_Driver/Inc" -O3 -g3 -Wall -fmessage-length=0 -ffunction-sections -c -MMD -MP -MF"HAL_Driver/Src/stm32f0xx_hal_i2c.d" -MT"HAL_Driver/Src/stm32f0xx_hal_i2c.o" -o "HAL_Driver/Src/stm32f0xx_hal_i2c.o" "../HAL_Driver/Src/stm32f0xx_hal_i2c.c"
'Finished building: ../HAL_Driver/Src/stm32f0xx_hal_i2c.c'
' '
'Building file: ../HAL_Driver/Src/stm32f0xx_hal_i2c_ex.c'
'Invoking: MCU GCC Compiler'
D:\Uczelnia\Rok V\Semestr 10\Praca Magisterska\Oprogramowanie\Git\electronics\Projects\Eclipse Neon\Workspace\pps_phase_shifter\Debug
arm-none-eabi-gcc -mcpu=cortex-m0 -mthumb -mfloat-abi=soft -DSTM32F0 -DSTM32 -DSTM32F030K6Tx -DDEBUG -DUSE_HAL_DRIVER -DSTM32F030x6 -I"D:/Uczelnia/Rok V/Semestr 10/Praca Magisterska/Oprogramowanie/Git/electronics/Projects/Eclipse Neon/Workspace/pps_phase_shifter/inc" -I"D:/Uczelnia/Rok V/Semestr 10/Praca Magisterska/Oprogramowanie/Git/electronics/Projects/Eclipse Neon/Workspace/pps_phase_shifter/CMSIS/core" -I"D:/Uczelnia/Rok V/Semestr 10/Praca Magisterska/Oprogramowanie/Git/electronics/Projects/Eclipse Neon/Workspace/pps_phase_shifter/CMSIS/device" -I"D:/Uczelnia/Rok V/Semestr 10/Praca Magisterska/Oprogramowanie/Git/electronics/Projects/Eclipse Neon/Workspace/pps_phase_shifter/HAL_Driver/Inc/Legacy" -I"D:/Uczelnia/Rok V/Semestr 10/Praca Magisterska/Oprogramowanie/Git/electronics/Projects/Eclipse Neon/Workspace/pps_phase_shifter/HAL_Driver/Inc" -O3 -g3 -Wall -fmessage-length=0 -ffunction-sections -c -MMD -MP -MF"HAL_Driver/Src/stm32f0xx_hal_i2c_ex.d" -MT"HAL_Driver/Src/stm32f0xx_hal_i2c_ex.o" -o "HAL_Driver/Src/stm32f0xx_hal_i2c_ex.o" "../HAL_Driver/Src/stm32f0xx_hal_i2c_ex.c"
'Finished building: ../HAL_Driver/Src/stm32f0xx_hal_i2c_ex.c'
' '
'Building file: ../HAL_Driver/Src/stm32f0xx_hal_i2s.c'
'Invoking: MCU GCC Compiler'
D:\Uczelnia\Rok V\Semestr 10\Praca Magisterska\Oprogramowanie\Git\electronics\Projects\Eclipse Neon\Workspace\pps_phase_shifter\Debug
arm-none-eabi-gcc -mcpu=cortex-m0 -mthumb -mfloat-abi=soft -DSTM32F0 -DSTM32 -DSTM32F030K6Tx -DDEBUG -DUSE_HAL_DRIVER -DSTM32F030x6 -I"D:/Uczelnia/Rok V/Semestr 10/Praca Magisterska/Oprogramowanie/Git/electronics/Projects/Eclipse Neon/Workspace/pps_phase_shifter/inc" -I"D:/Uczelnia/Rok V/Semestr 10/Praca Magisterska/Oprogramowanie/Git/electronics/Projects/Eclipse Neon/Workspace/pps_phase_shifter/CMSIS/core" -I"D:/Uczelnia/Rok V/Semestr 10/Praca Magisterska/Oprogramowanie/Git/electronics/Projects/Eclipse Neon/Workspace/pps_phase_shifter/CMSIS/device" -I"D:/Uczelnia/Rok V/Semestr 10/Praca Magisterska/Oprogramowanie/Git/electronics/Projects/Eclipse Neon/Workspace/pps_phase_shifter/HAL_Driver/Inc/Legacy" -I"D:/Uczelnia/Rok V/Semestr 10/Praca Magisterska/Oprogramowanie/Git/electronics/Projects/Eclipse Neon/Workspace/pps_phase_shifter/HAL_Driver/Inc" -O3 -g3 -Wall -fmessage-length=0 -ffunction-sections -c -MMD -MP -MF"HAL_Driver/Src/stm32f0xx_hal_i2s.d" -MT"HAL_Driver/Src/stm32f0xx_hal_i2s.o" -o "HAL_Driver/Src/stm32f0xx_hal_i2s.o" "../HAL_Driver/Src/stm32f0xx_hal_i2s.c"
'Finished building: ../HAL_Driver/Src/stm32f0xx_hal_i2s.c'
' '
'Building file: ../HAL_Driver/Src/stm32f0xx_hal_irda.c'
'Invoking: MCU GCC Compiler'
D:\Uczelnia\Rok V\Semestr 10\Praca Magisterska\Oprogramowanie\Git\electronics\Projects\Eclipse Neon\Workspace\pps_phase_shifter\Debug
arm-none-eabi-gcc -mcpu=cortex-m0 -mthumb -mfloat-abi=soft -DSTM32F0 -DSTM32 -DSTM32F030K6Tx -DDEBUG -DUSE_HAL_DRIVER -DSTM32F030x6 -I"D:/Uczelnia/Rok V/Semestr 10/Praca Magisterska/Oprogramowanie/Git/electronics/Projects/Eclipse Neon/Workspace/pps_phase_shifter/inc" -I"D:/Uczelnia/Rok V/Semestr 10/Praca Magisterska/Oprogramowanie/Git/electronics/Projects/Eclipse Neon/Workspace/pps_phase_shifter/CMSIS/core" -I"D:/Uczelnia/Rok V/Semestr 10/Praca Magisterska/Oprogramowanie/Git/electronics/Projects/Eclipse Neon/Workspace/pps_phase_shifter/CMSIS/device" -I"D:/Uczelnia/Rok V/Semestr 10/Praca Magisterska/Oprogramowanie/Git/electronics/Projects/Eclipse Neon/Workspace/pps_phase_shifter/HAL_Driver/Inc/Legacy" -I"D:/Uczelnia/Rok V/Semestr 10/Praca Magisterska/Oprogramowanie/Git/electronics/Projects/Eclipse Neon/Workspace/pps_phase_shifter/HAL_Driver/Inc" -O3 -g3 -Wall -fmessage-length=0 -ffunction-sections -c -MMD -MP -MF"HAL_Driver/Src/stm32f0xx_hal_irda.d" -MT"HAL_Driver/Src/stm32f0xx_hal_irda.o" -o "HAL_Driver/Src/stm32f0xx_hal_irda.o" "../HAL_Driver/Src/stm32f0xx_hal_irda.c"
'Finished building: ../HAL_Driver/Src/stm32f0xx_hal_irda.c'
' '
'Building file: ../HAL_Driver/Src/stm32f0xx_hal_iwdg.c'
'Invoking: MCU GCC Compiler'
D:\Uczelnia\Rok V\Semestr 10\Praca Magisterska\Oprogramowanie\Git\electronics\Projects\Eclipse Neon\Workspace\pps_phase_shifter\Debug
arm-none-eabi-gcc -mcpu=cortex-m0 -mthumb -mfloat-abi=soft -DSTM32F0 -DSTM32 -DSTM32F030K6Tx -DDEBUG -DUSE_HAL_DRIVER -DSTM32F030x6 -I"D:/Uczelnia/Rok V/Semestr 10/Praca Magisterska/Oprogramowanie/Git/electronics/Projects/Eclipse Neon/Workspace/pps_phase_shifter/inc" -I"D:/Uczelnia/Rok V/Semestr 10/Praca Magisterska/Oprogramowanie/Git/electronics/Projects/Eclipse Neon/Workspace/pps_phase_shifter/CMSIS/core" -I"D:/Uczelnia/Rok V/Semestr 10/Praca Magisterska/Oprogramowanie/Git/electronics/Projects/Eclipse Neon/Workspace/pps_phase_shifter/CMSIS/device" -I"D:/Uczelnia/Rok V/Semestr 10/Praca Magisterska/Oprogramowanie/Git/electronics/Projects/Eclipse Neon/Workspace/pps_phase_shifter/HAL_Driver/Inc/Legacy" -I"D:/Uczelnia/Rok V/Semestr 10/Praca Magisterska/Oprogramowanie/Git/electronics/Projects/Eclipse Neon/Workspace/pps_phase_shifter/HAL_Driver/Inc" -O3 -g3 -Wall -fmessage-length=0 -ffunction-sections -c -MMD -MP -MF"HAL_Driver/Src/stm32f0xx_hal_iwdg.d" -MT"HAL_Driver/Src/stm32f0xx_hal_iwdg.o" -o "HAL_Driver/Src/stm32f0xx_hal_iwdg.o" "../HAL_Driver/Src/stm32f0xx_hal_iwdg.c"
'Finished building: ../HAL_Driver/Src/stm32f0xx_hal_iwdg.c'
' '
'Building file: ../HAL_Driver/Src/stm32f0xx_hal_msp_template.c'
'Invoking: MCU GCC Compiler'
D:\Uczelnia\Rok V\Semestr 10\Praca Magisterska\Oprogramowanie\Git\electronics\Projects\Eclipse Neon\Workspace\pps_phase_shifter\Debug
arm-none-eabi-gcc -mcpu=cortex-m0 -mthumb -mfloat-abi=soft -DSTM32F0 -DSTM32 -DSTM32F030K6Tx -DDEBUG -DUSE_HAL_DRIVER -DSTM32F030x6 -I"D:/Uczelnia/Rok V/Semestr 10/Praca Magisterska/Oprogramowanie/Git/electronics/Projects/Eclipse Neon/Workspace/pps_phase_shifter/inc" -I"D:/Uczelnia/Rok V/Semestr 10/Praca Magisterska/Oprogramowanie/Git/electronics/Projects/Eclipse Neon/Workspace/pps_phase_shifter/CMSIS/core" -I"D:/Uczelnia/Rok V/Semestr 10/Praca Magisterska/Oprogramowanie/Git/electronics/Projects/Eclipse Neon/Workspace/pps_phase_shifter/CMSIS/device" -I"D:/Uczelnia/Rok V/Semestr 10/Praca Magisterska/Oprogramowanie/Git/electronics/Projects/Eclipse Neon/Workspace/pps_phase_shifter/HAL_Driver/Inc/Legacy" -I"D:/Uczelnia/Rok V/Semestr 10/Praca Magisterska/Oprogramowanie/Git/electronics/Projects/Eclipse Neon/Workspace/pps_phase_shifter/HAL_Driver/Inc" -O3 -g3 -Wall -fmessage-length=0 -ffunction-sections -c -MMD -MP -MF"HAL_Driver/Src/stm32f0xx_hal_msp_template.d" -MT"HAL_Driver/Src/stm32f0xx_hal_msp_template.o" -o "HAL_Driver/Src/stm32f0xx_hal_msp_template.o" "../HAL_Driver/Src/stm32f0xx_hal_msp_template.c"
'Finished building: ../HAL_Driver/Src/stm32f0xx_hal_msp_template.c'
' '
'Building file: ../HAL_Driver/Src/stm32f0xx_hal_pcd.c'
'Invoking: MCU GCC Compiler'
D:\Uczelnia\Rok V\Semestr 10\Praca Magisterska\Oprogramowanie\Git\electronics\Projects\Eclipse Neon\Workspace\pps_phase_shifter\Debug
arm-none-eabi-gcc -mcpu=cortex-m0 -mthumb -mfloat-abi=soft -DSTM32F0 -DSTM32 -DSTM32F030K6Tx -DDEBUG -DUSE_HAL_DRIVER -DSTM32F030x6 -I"D:/Uczelnia/Rok V/Semestr 10/Praca Magisterska/Oprogramowanie/Git/electronics/Projects/Eclipse Neon/Workspace/pps_phase_shifter/inc" -I"D:/Uczelnia/Rok V/Semestr 10/Praca Magisterska/Oprogramowanie/Git/electronics/Projects/Eclipse Neon/Workspace/pps_phase_shifter/CMSIS/core" -I"D:/Uczelnia/Rok V/Semestr 10/Praca Magisterska/Oprogramowanie/Git/electronics/Projects/Eclipse Neon/Workspace/pps_phase_shifter/CMSIS/device" -I"D:/Uczelnia/Rok V/Semestr 10/Praca Magisterska/Oprogramowanie/Git/electronics/Projects/Eclipse Neon/Workspace/pps_phase_shifter/HAL_Driver/Inc/Legacy" -I"D:/Uczelnia/Rok V/Semestr 10/Praca Magisterska/Oprogramowanie/Git/electronics/Projects/Eclipse Neon/Workspace/pps_phase_shifter/HAL_Driver/Inc" -O3 -g3 -Wall -fmessage-length=0 -ffunction-sections -c -MMD -MP -MF"HAL_Driver/Src/stm32f0xx_hal_pcd.d" -MT"HAL_Driver/Src/stm32f0xx_hal_pcd.o" -o "HAL_Driver/Src/stm32f0xx_hal_pcd.o" "../HAL_Driver/Src/stm32f0xx_hal_pcd.c"
'Finished building: ../HAL_Driver/Src/stm32f0xx_hal_pcd.c'
' '
'Building file: ../HAL_Driver/Src/stm32f0xx_hal_pcd_ex.c'
'Invoking: MCU GCC Compiler'
D:\Uczelnia\Rok V\Semestr 10\Praca Magisterska\Oprogramowanie\Git\electronics\Projects\Eclipse Neon\Workspace\pps_phase_shifter\Debug
arm-none-eabi-gcc -mcpu=cortex-m0 -mthumb -mfloat-abi=soft -DSTM32F0 -DSTM32 -DSTM32F030K6Tx -DDEBUG -DUSE_HAL_DRIVER -DSTM32F030x6 -I"D:/Uczelnia/Rok V/Semestr 10/Praca Magisterska/Oprogramowanie/Git/electronics/Projects/Eclipse Neon/Workspace/pps_phase_shifter/inc" -I"D:/Uczelnia/Rok V/Semestr 10/Praca Magisterska/Oprogramowanie/Git/electronics/Projects/Eclipse Neon/Workspace/pps_phase_shifter/CMSIS/core" -I"D:/Uczelnia/Rok V/Semestr 10/Praca Magisterska/Oprogramowanie/Git/electronics/Projects/Eclipse Neon/Workspace/pps_phase_shifter/CMSIS/device" -I"D:/Uczelnia/Rok V/Semestr 10/Praca Magisterska/Oprogramowanie/Git/electronics/Projects/Eclipse Neon/Workspace/pps_phase_shifter/HAL_Driver/Inc/Legacy" -I"D:/Uczelnia/Rok V/Semestr 10/Praca Magisterska/Oprogramowanie/Git/electronics/Projects/Eclipse Neon/Workspace/pps_phase_shifter/HAL_Driver/Inc" -O3 -g3 -Wall -fmessage-length=0 -ffunction-sections -c -MMD -MP -MF"HAL_Driver/Src/stm32f0xx_hal_pcd_ex.d" -MT"HAL_Driver/Src/stm32f0xx_hal_pcd_ex.o" -o "HAL_Driver/Src/stm32f0xx_hal_pcd_ex.o" "../HAL_Driver/Src/stm32f0xx_hal_pcd_ex.c"
'Finished building: ../HAL_Driver/Src/stm32f0xx_hal_pcd_ex.c'
' '
'Building file: ../HAL_Driver/Src/stm32f0xx_hal_pwr.c'
'Invoking: MCU GCC Compiler'
D:\Uczelnia\Rok V\Semestr 10\Praca Magisterska\Oprogramowanie\Git\electronics\Projects\Eclipse Neon\Workspace\pps_phase_shifter\Debug
arm-none-eabi-gcc -mcpu=cortex-m0 -mthumb -mfloat-abi=soft -DSTM32F0 -DSTM32 -DSTM32F030K6Tx -DDEBUG -DUSE_HAL_DRIVER -DSTM32F030x6 -I"D:/Uczelnia/Rok V/Semestr 10/Praca Magisterska/Oprogramowanie/Git/electronics/Projects/Eclipse Neon/Workspace/pps_phase_shifter/inc" -I"D:/Uczelnia/Rok V/Semestr 10/Praca Magisterska/Oprogramowanie/Git/electronics/Projects/Eclipse Neon/Workspace/pps_phase_shifter/CMSIS/core" -I"D:/Uczelnia/Rok V/Semestr 10/Praca Magisterska/Oprogramowanie/Git/electronics/Projects/Eclipse Neon/Workspace/pps_phase_shifter/CMSIS/device" -I"D:/Uczelnia/Rok V/Semestr 10/Praca Magisterska/Oprogramowanie/Git/electronics/Projects/Eclipse Neon/Workspace/pps_phase_shifter/HAL_Driver/Inc/Legacy" -I"D:/Uczelnia/Rok V/Semestr 10/Praca Magisterska/Oprogramowanie/Git/electronics/Projects/Eclipse Neon/Workspace/pps_phase_shifter/HAL_Driver/Inc" -O3 -g3 -Wall -fmessage-length=0 -ffunction-sections -c -MMD -MP -MF"HAL_Driver/Src/stm32f0xx_hal_pwr.d" -MT"HAL_Driver/Src/stm32f0xx_hal_pwr.o" -o "HAL_Driver/Src/stm32f0xx_hal_pwr.o" "../HAL_Driver/Src/stm32f0xx_hal_pwr.c"
'Finished building: ../HAL_Driver/Src/stm32f0xx_hal_pwr.c'
' '
'Building file: ../HAL_Driver/Src/stm32f0xx_hal_pwr_ex.c'
'Invoking: MCU GCC Compiler'
D:\Uczelnia\Rok V\Semestr 10\Praca Magisterska\Oprogramowanie\Git\electronics\Projects\Eclipse Neon\Workspace\pps_phase_shifter\Debug
arm-none-eabi-gcc -mcpu=cortex-m0 -mthumb -mfloat-abi=soft -DSTM32F0 -DSTM32 -DSTM32F030K6Tx -DDEBUG -DUSE_HAL_DRIVER -DSTM32F030x6 -I"D:/Uczelnia/Rok V/Semestr 10/Praca Magisterska/Oprogramowanie/Git/electronics/Projects/Eclipse Neon/Workspace/pps_phase_shifter/inc" -I"D:/Uczelnia/Rok V/Semestr 10/Praca Magisterska/Oprogramowanie/Git/electronics/Projects/Eclipse Neon/Workspace/pps_phase_shifter/CMSIS/core" -I"D:/Uczelnia/Rok V/Semestr 10/Praca Magisterska/Oprogramowanie/Git/electronics/Projects/Eclipse Neon/Workspace/pps_phase_shifter/CMSIS/device" -I"D:/Uczelnia/Rok V/Semestr 10/Praca Magisterska/Oprogramowanie/Git/electronics/Projects/Eclipse Neon/Workspace/pps_phase_shifter/HAL_Driver/Inc/Legacy" -I"D:/Uczelnia/Rok V/Semestr 10/Praca Magisterska/Oprogramowanie/Git/electronics/Projects/Eclipse Neon/Workspace/pps_phase_shifter/HAL_Driver/Inc" -O3 -g3 -Wall -fmessage-length=0 -ffunction-sections -c -MMD -MP -MF"HAL_Driver/Src/stm32f0xx_hal_pwr_ex.d" -MT"HAL_Driver/Src/stm32f0xx_hal_pwr_ex.o" -o "HAL_Driver/Src/stm32f0xx_hal_pwr_ex.o" "../HAL_Driver/Src/stm32f0xx_hal_pwr_ex.c"
'Finished building: ../HAL_Driver/Src/stm32f0xx_hal_pwr_ex.c'
' '
'Building file: ../HAL_Driver/Src/stm32f0xx_hal_rcc.c'
'Invoking: MCU GCC Compiler'
D:\Uczelnia\Rok V\Semestr 10\Praca Magisterska\Oprogramowanie\Git\electronics\Projects\Eclipse Neon\Workspace\pps_phase_shifter\Debug
arm-none-eabi-gcc -mcpu=cortex-m0 -mthumb -mfloat-abi=soft -DSTM32F0 -DSTM32 -DSTM32F030K6Tx -DDEBUG -DUSE_HAL_DRIVER -DSTM32F030x6 -I"D:/Uczelnia/Rok V/Semestr 10/Praca Magisterska/Oprogramowanie/Git/electronics/Projects/Eclipse Neon/Workspace/pps_phase_shifter/inc" -I"D:/Uczelnia/Rok V/Semestr 10/Praca Magisterska/Oprogramowanie/Git/electronics/Projects/Eclipse Neon/Workspace/pps_phase_shifter/CMSIS/core" -I"D:/Uczelnia/Rok V/Semestr 10/Praca Magisterska/Oprogramowanie/Git/electronics/Projects/Eclipse Neon/Workspace/pps_phase_shifter/CMSIS/device" -I"D:/Uczelnia/Rok V/Semestr 10/Praca Magisterska/Oprogramowanie/Git/electronics/Projects/Eclipse Neon/Workspace/pps_phase_shifter/HAL_Driver/Inc/Legacy" -I"D:/Uczelnia/Rok V/Semestr 10/Praca Magisterska/Oprogramowanie/Git/electronics/Projects/Eclipse Neon/Workspace/pps_phase_shifter/HAL_Driver/Inc" -O3 -g3 -Wall -fmessage-length=0 -ffunction-sections -c -MMD -MP -MF"HAL_Driver/Src/stm32f0xx_hal_rcc.d" -MT"HAL_Driver/Src/stm32f0xx_hal_rcc.o" -o "HAL_Driver/Src/stm32f0xx_hal_rcc.o" "../HAL_Driver/Src/stm32f0xx_hal_rcc.c"
'Finished building: ../HAL_Driver/Src/stm32f0xx_hal_rcc.c'
' '
'Building file: ../HAL_Driver/Src/stm32f0xx_hal_rcc_ex.c'
'Invoking: MCU GCC Compiler'
D:\Uczelnia\Rok V\Semestr 10\Praca Magisterska\Oprogramowanie\Git\electronics\Projects\Eclipse Neon\Workspace\pps_phase_shifter\Debug
arm-none-eabi-gcc -mcpu=cortex-m0 -mthumb -mfloat-abi=soft -DSTM32F0 -DSTM32 -DSTM32F030K6Tx -DDEBUG -DUSE_HAL_DRIVER -DSTM32F030x6 -I"D:/Uczelnia/Rok V/Semestr 10/Praca Magisterska/Oprogramowanie/Git/electronics/Projects/Eclipse Neon/Workspace/pps_phase_shifter/inc" -I"D:/Uczelnia/Rok V/Semestr 10/Praca Magisterska/Oprogramowanie/Git/electronics/Projects/Eclipse Neon/Workspace/pps_phase_shifter/CMSIS/core" -I"D:/Uczelnia/Rok V/Semestr 10/Praca Magisterska/Oprogramowanie/Git/electronics/Projects/Eclipse Neon/Workspace/pps_phase_shifter/CMSIS/device" -I"D:/Uczelnia/Rok V/Semestr 10/Praca Magisterska/Oprogramowanie/Git/electronics/Projects/Eclipse Neon/Workspace/pps_phase_shifter/HAL_Driver/Inc/Legacy" -I"D:/Uczelnia/Rok V/Semestr 10/Praca Magisterska/Oprogramowanie/Git/electronics/Projects/Eclipse Neon/Workspace/pps_phase_shifter/HAL_Driver/Inc" -O3 -g3 -Wall -fmessage-length=0 -ffunction-sections -c -MMD -MP -MF"HAL_Driver/Src/stm32f0xx_hal_rcc_ex.d" -MT"HAL_Driver/Src/stm32f0xx_hal_rcc_ex.o" -o "HAL_Driver/Src/stm32f0xx_hal_rcc_ex.o" "../HAL_Driver/Src/stm32f0xx_hal_rcc_ex.c"
'Finished building: ../HAL_Driver/Src/stm32f0xx_hal_rcc_ex.c'
' '
'Building file: ../HAL_Driver/Src/stm32f0xx_hal_rtc.c'
'Invoking: MCU GCC Compiler'
D:\Uczelnia\Rok V\Semestr 10\Praca Magisterska\Oprogramowanie\Git\electronics\Projects\Eclipse Neon\Workspace\pps_phase_shifter\Debug
arm-none-eabi-gcc -mcpu=cortex-m0 -mthumb -mfloat-abi=soft -DSTM32F0 -DSTM32 -DSTM32F030K6Tx -DDEBUG -DUSE_HAL_DRIVER -DSTM32F030x6 -I"D:/Uczelnia/Rok V/Semestr 10/Praca Magisterska/Oprogramowanie/Git/electronics/Projects/Eclipse Neon/Workspace/pps_phase_shifter/inc" -I"D:/Uczelnia/Rok V/Semestr 10/Praca Magisterska/Oprogramowanie/Git/electronics/Projects/Eclipse Neon/Workspace/pps_phase_shifter/CMSIS/core" -I"D:/Uczelnia/Rok V/Semestr 10/Praca Magisterska/Oprogramowanie/Git/electronics/Projects/Eclipse Neon/Workspace/pps_phase_shifter/CMSIS/device" -I"D:/Uczelnia/Rok V/Semestr 10/Praca Magisterska/Oprogramowanie/Git/electronics/Projects/Eclipse Neon/Workspace/pps_phase_shifter/HAL_Driver/Inc/Legacy" -I"D:/Uczelnia/Rok V/Semestr 10/Praca Magisterska/Oprogramowanie/Git/electronics/Projects/Eclipse Neon/Workspace/pps_phase_shifter/HAL_Driver/Inc" -O3 -g3 -Wall -fmessage-length=0 -ffunction-sections -c -MMD -MP -MF"HAL_Driver/Src/stm32f0xx_hal_rtc.d" -MT"HAL_Driver/Src/stm32f0xx_hal_rtc.o" -o "HAL_Driver/Src/stm32f0xx_hal_rtc.o" "../HAL_Driver/Src/stm32f0xx_hal_rtc.c"
'Finished building: ../HAL_Driver/Src/stm32f0xx_hal_rtc.c'
' '
'Building file: ../HAL_Driver/Src/stm32f0xx_hal_rtc_ex.c'
'Invoking: MCU GCC Compiler'
D:\Uczelnia\Rok V\Semestr 10\Praca Magisterska\Oprogramowanie\Git\electronics\Projects\Eclipse Neon\Workspace\pps_phase_shifter\Debug
arm-none-eabi-gcc -mcpu=cortex-m0 -mthumb -mfloat-abi=soft -DSTM32F0 -DSTM32 -DSTM32F030K6Tx -DDEBUG -DUSE_HAL_DRIVER -DSTM32F030x6 -I"D:/Uczelnia/Rok V/Semestr 10/Praca Magisterska/Oprogramowanie/Git/electronics/Projects/Eclipse Neon/Workspace/pps_phase_shifter/inc" -I"D:/Uczelnia/Rok V/Semestr 10/Praca Magisterska/Oprogramowanie/Git/electronics/Projects/Eclipse Neon/Workspace/pps_phase_shifter/CMSIS/core" -I"D:/Uczelnia/Rok V/Semestr 10/Praca Magisterska/Oprogramowanie/Git/electronics/Projects/Eclipse Neon/Workspace/pps_phase_shifter/CMSIS/device" -I"D:/Uczelnia/Rok V/Semestr 10/Praca Magisterska/Oprogramowanie/Git/electronics/Projects/Eclipse Neon/Workspace/pps_phase_shifter/HAL_Driver/Inc/Legacy" -I"D:/Uczelnia/Rok V/Semestr 10/Praca Magisterska/Oprogramowanie/Git/electronics/Projects/Eclipse Neon/Workspace/pps_phase_shifter/HAL_Driver/Inc" -O3 -g3 -Wall -fmessage-length=0 -ffunction-sections -c -MMD -MP -MF"HAL_Driver/Src/stm32f0xx_hal_rtc_ex.d" -MT"HAL_Driver/Src/stm32f0xx_hal_rtc_ex.o" -o "HAL_Driver/Src/stm32f0xx_hal_rtc_ex.o" "../HAL_Driver/Src/stm32f0xx_hal_rtc_ex.c"
'Finished building: ../HAL_Driver/Src/stm32f0xx_hal_rtc_ex.c'
' '
'Building file: ../HAL_Driver/Src/stm32f0xx_hal_smartcard.c'
'Invoking: MCU GCC Compiler'
D:\Uczelnia\Rok V\Semestr 10\Praca Magisterska\Oprogramowanie\Git\electronics\Projects\Eclipse Neon\Workspace\pps_phase_shifter\Debug
arm-none-eabi-gcc -mcpu=cortex-m0 -mthumb -mfloat-abi=soft -DSTM32F0 -DSTM32 -DSTM32F030K6Tx -DDEBUG -DUSE_HAL_DRIVER -DSTM32F030x6 -I"D:/Uczelnia/Rok V/Semestr 10/Praca Magisterska/Oprogramowanie/Git/electronics/Projects/Eclipse Neon/Workspace/pps_phase_shifter/inc" -I"D:/Uczelnia/Rok V/Semestr 10/Praca Magisterska/Oprogramowanie/Git/electronics/Projects/Eclipse Neon/Workspace/pps_phase_shifter/CMSIS/core" -I"D:/Uczelnia/Rok V/Semestr 10/Praca Magisterska/Oprogramowanie/Git/electronics/Projects/Eclipse Neon/Workspace/pps_phase_shifter/CMSIS/device" -I"D:/Uczelnia/Rok V/Semestr 10/Praca Magisterska/Oprogramowanie/Git/electronics/Projects/Eclipse Neon/Workspace/pps_phase_shifter/HAL_Driver/Inc/Legacy" -I"D:/Uczelnia/Rok V/Semestr 10/Praca Magisterska/Oprogramowanie/Git/electronics/Projects/Eclipse Neon/Workspace/pps_phase_shifter/HAL_Driver/Inc" -O3 -g3 -Wall -fmessage-length=0 -ffunction-sections -c -MMD -MP -MF"HAL_Driver/Src/stm32f0xx_hal_smartcard.d" -MT"HAL_Driver/Src/stm32f0xx_hal_smartcard.o" -o "HAL_Driver/Src/stm32f0xx_hal_smartcard.o" "../HAL_Driver/Src/stm32f0xx_hal_smartcard.c"
'Finished building: ../HAL_Driver/Src/stm32f0xx_hal_smartcard.c'
' '
'Building file: ../HAL_Driver/Src/stm32f0xx_hal_smartcard_ex.c'
'Invoking: MCU GCC Compiler'
D:\Uczelnia\Rok V\Semestr 10\Praca Magisterska\Oprogramowanie\Git\electronics\Projects\Eclipse Neon\Workspace\pps_phase_shifter\Debug
arm-none-eabi-gcc -mcpu=cortex-m0 -mthumb -mfloat-abi=soft -DSTM32F0 -DSTM32 -DSTM32F030K6Tx -DDEBUG -DUSE_HAL_DRIVER -DSTM32F030x6 -I"D:/Uczelnia/Rok V/Semestr 10/Praca Magisterska/Oprogramowanie/Git/electronics/Projects/Eclipse Neon/Workspace/pps_phase_shifter/inc" -I"D:/Uczelnia/Rok V/Semestr 10/Praca Magisterska/Oprogramowanie/Git/electronics/Projects/Eclipse Neon/Workspace/pps_phase_shifter/CMSIS/core" -I"D:/Uczelnia/Rok V/Semestr 10/Praca Magisterska/Oprogramowanie/Git/electronics/Projects/Eclipse Neon/Workspace/pps_phase_shifter/CMSIS/device" -I"D:/Uczelnia/Rok V/Semestr 10/Praca Magisterska/Oprogramowanie/Git/electronics/Projects/Eclipse Neon/Workspace/pps_phase_shifter/HAL_Driver/Inc/Legacy" -I"D:/Uczelnia/Rok V/Semestr 10/Praca Magisterska/Oprogramowanie/Git/electronics/Projects/Eclipse Neon/Workspace/pps_phase_shifter/HAL_Driver/Inc" -O3 -g3 -Wall -fmessage-length=0 -ffunction-sections -c -MMD -MP -MF"HAL_Driver/Src/stm32f0xx_hal_smartcard_ex.d" -MT"HAL_Driver/Src/stm32f0xx_hal_smartcard_ex.o" -o "HAL_Driver/Src/stm32f0xx_hal_smartcard_ex.o" "../HAL_Driver/Src/stm32f0xx_hal_smartcard_ex.c"
'Finished building: ../HAL_Driver/Src/stm32f0xx_hal_smartcard_ex.c'
' '
'Building file: ../HAL_Driver/Src/stm32f0xx_hal_smbus.c'
'Invoking: MCU GCC Compiler'
D:\Uczelnia\Rok V\Semestr 10\Praca Magisterska\Oprogramowanie\Git\electronics\Projects\Eclipse Neon\Workspace\pps_phase_shifter\Debug
arm-none-eabi-gcc -mcpu=cortex-m0 -mthumb -mfloat-abi=soft -DSTM32F0 -DSTM32 -DSTM32F030K6Tx -DDEBUG -DUSE_HAL_DRIVER -DSTM32F030x6 -I"D:/Uczelnia/Rok V/Semestr 10/Praca Magisterska/Oprogramowanie/Git/electronics/Projects/Eclipse Neon/Workspace/pps_phase_shifter/inc" -I"D:/Uczelnia/Rok V/Semestr 10/Praca Magisterska/Oprogramowanie/Git/electronics/Projects/Eclipse Neon/Workspace/pps_phase_shifter/CMSIS/core" -I"D:/Uczelnia/Rok V/Semestr 10/Praca Magisterska/Oprogramowanie/Git/electronics/Projects/Eclipse Neon/Workspace/pps_phase_shifter/CMSIS/device" -I"D:/Uczelnia/Rok V/Semestr 10/Praca Magisterska/Oprogramowanie/Git/electronics/Projects/Eclipse Neon/Workspace/pps_phase_shifter/HAL_Driver/Inc/Legacy" -I"D:/Uczelnia/Rok V/Semestr 10/Praca Magisterska/Oprogramowanie/Git/electronics/Projects/Eclipse Neon/Workspace/pps_phase_shifter/HAL_Driver/Inc" -O3 -g3 -Wall -fmessage-length=0 -ffunction-sections -c -MMD -MP -MF"HAL_Driver/Src/stm32f0xx_hal_smbus.d" -MT"HAL_Driver/Src/stm32f0xx_hal_smbus.o" -o "HAL_Driver/Src/stm32f0xx_hal_smbus.o" "../HAL_Driver/Src/stm32f0xx_hal_smbus.c"
'Finished building: ../HAL_Driver/Src/stm32f0xx_hal_smbus.c'
' '
'Building file: ../HAL_Driver/Src/stm32f0xx_hal_spi.c'
'Invoking: MCU GCC Compiler'
D:\Uczelnia\Rok V\Semestr 10\Praca Magisterska\Oprogramowanie\Git\electronics\Projects\Eclipse Neon\Workspace\pps_phase_shifter\Debug
arm-none-eabi-gcc -mcpu=cortex-m0 -mthumb -mfloat-abi=soft -DSTM32F0 -DSTM32 -DSTM32F030K6Tx -DDEBUG -DUSE_HAL_DRIVER -DSTM32F030x6 -I"D:/Uczelnia/Rok V/Semestr 10/Praca Magisterska/Oprogramowanie/Git/electronics/Projects/Eclipse Neon/Workspace/pps_phase_shifter/inc" -I"D:/Uczelnia/Rok V/Semestr 10/Praca Magisterska/Oprogramowanie/Git/electronics/Projects/Eclipse Neon/Workspace/pps_phase_shifter/CMSIS/core" -I"D:/Uczelnia/Rok V/Semestr 10/Praca Magisterska/Oprogramowanie/Git/electronics/Projects/Eclipse Neon/Workspace/pps_phase_shifter/CMSIS/device" -I"D:/Uczelnia/Rok V/Semestr 10/Praca Magisterska/Oprogramowanie/Git/electronics/Projects/Eclipse Neon/Workspace/pps_phase_shifter/HAL_Driver/Inc/Legacy" -I"D:/Uczelnia/Rok V/Semestr 10/Praca Magisterska/Oprogramowanie/Git/electronics/Projects/Eclipse Neon/Workspace/pps_phase_shifter/HAL_Driver/Inc" -O3 -g3 -Wall -fmessage-length=0 -ffunction-sections -c -MMD -MP -MF"HAL_Driver/Src/stm32f0xx_hal_spi.d" -MT"HAL_Driver/Src/stm32f0xx_hal_spi.o" -o "HAL_Driver/Src/stm32f0xx_hal_spi.o" "../HAL_Driver/Src/stm32f0xx_hal_spi.c"
'Finished building: ../HAL_Driver/Src/stm32f0xx_hal_spi.c'
' '
'Building file: ../HAL_Driver/Src/stm32f0xx_hal_spi_ex.c'
'Invoking: MCU GCC Compiler'
D:\Uczelnia\Rok V\Semestr 10\Praca Magisterska\Oprogramowanie\Git\electronics\Projects\Eclipse Neon\Workspace\pps_phase_shifter\Debug
arm-none-eabi-gcc -mcpu=cortex-m0 -mthumb -mfloat-abi=soft -DSTM32F0 -DSTM32 -DSTM32F030K6Tx -DDEBUG -DUSE_HAL_DRIVER -DSTM32F030x6 -I"D:/Uczelnia/Rok V/Semestr 10/Praca Magisterska/Oprogramowanie/Git/electronics/Projects/Eclipse Neon/Workspace/pps_phase_shifter/inc" -I"D:/Uczelnia/Rok V/Semestr 10/Praca Magisterska/Oprogramowanie/Git/electronics/Projects/Eclipse Neon/Workspace/pps_phase_shifter/CMSIS/core" -I"D:/Uczelnia/Rok V/Semestr 10/Praca Magisterska/Oprogramowanie/Git/electronics/Projects/Eclipse Neon/Workspace/pps_phase_shifter/CMSIS/device" -I"D:/Uczelnia/Rok V/Semestr 10/Praca Magisterska/Oprogramowanie/Git/electronics/Projects/Eclipse Neon/Workspace/pps_phase_shifter/HAL_Driver/Inc/Legacy" -I"D:/Uczelnia/Rok V/Semestr 10/Praca Magisterska/Oprogramowanie/Git/electronics/Projects/Eclipse Neon/Workspace/pps_phase_shifter/HAL_Driver/Inc" -O3 -g3 -Wall -fmessage-length=0 -ffunction-sections -c -MMD -MP -MF"HAL_Driver/Src/stm32f0xx_hal_spi_ex.d" -MT"HAL_Driver/Src/stm32f0xx_hal_spi_ex.o" -o "HAL_Driver/Src/stm32f0xx_hal_spi_ex.o" "../HAL_Driver/Src/stm32f0xx_hal_spi_ex.c"
'Finished building: ../HAL_Driver/Src/stm32f0xx_hal_spi_ex.c'
' '
'Building file: ../HAL_Driver/Src/stm32f0xx_hal_tim.c'
'Invoking: MCU GCC Compiler'
D:\Uczelnia\Rok V\Semestr 10\Praca Magisterska\Oprogramowanie\Git\electronics\Projects\Eclipse Neon\Workspace\pps_phase_shifter\Debug
arm-none-eabi-gcc -mcpu=cortex-m0 -mthumb -mfloat-abi=soft -DSTM32F0 -DSTM32 -DSTM32F030K6Tx -DDEBUG -DUSE_HAL_DRIVER -DSTM32F030x6 -I"D:/Uczelnia/Rok V/Semestr 10/Praca Magisterska/Oprogramowanie/Git/electronics/Projects/Eclipse Neon/Workspace/pps_phase_shifter/inc" -I"D:/Uczelnia/Rok V/Semestr 10/Praca Magisterska/Oprogramowanie/Git/electronics/Projects/Eclipse Neon/Workspace/pps_phase_shifter/CMSIS/core" -I"D:/Uczelnia/Rok V/Semestr 10/Praca Magisterska/Oprogramowanie/Git/electronics/Projects/Eclipse Neon/Workspace/pps_phase_shifter/CMSIS/device" -I"D:/Uczelnia/Rok V/Semestr 10/Praca Magisterska/Oprogramowanie/Git/electronics/Projects/Eclipse Neon/Workspace/pps_phase_shifter/HAL_Driver/Inc/Legacy" -I"D:/Uczelnia/Rok V/Semestr 10/Praca Magisterska/Oprogramowanie/Git/electronics/Projects/Eclipse Neon/Workspace/pps_phase_shifter/HAL_Driver/Inc" -O3 -g3 -Wall -fmessage-length=0 -ffunction-sections -c -MMD -MP -MF"HAL_Driver/Src/stm32f0xx_hal_tim.d" -MT"HAL_Driver/Src/stm32f0xx_hal_tim.o" -o "HAL_Driver/Src/stm32f0xx_hal_tim.o" "../HAL_Driver/Src/stm32f0xx_hal_tim.c"
'Finished building: ../HAL_Driver/Src/stm32f0xx_hal_tim.c'
' '
'Building file: ../HAL_Driver/Src/stm32f0xx_hal_tim_ex.c'
'Invoking: MCU GCC Compiler'
D:\Uczelnia\Rok V\Semestr 10\Praca Magisterska\Oprogramowanie\Git\electronics\Projects\Eclipse Neon\Workspace\pps_phase_shifter\Debug
arm-none-eabi-gcc -mcpu=cortex-m0 -mthumb -mfloat-abi=soft -DSTM32F0 -DSTM32 -DSTM32F030K6Tx -DDEBUG -DUSE_HAL_DRIVER -DSTM32F030x6 -I"D:/Uczelnia/Rok V/Semestr 10/Praca Magisterska/Oprogramowanie/Git/electronics/Projects/Eclipse Neon/Workspace/pps_phase_shifter/inc" -I"D:/Uczelnia/Rok V/Semestr 10/Praca Magisterska/Oprogramowanie/Git/electronics/Projects/Eclipse Neon/Workspace/pps_phase_shifter/CMSIS/core" -I"D:/Uczelnia/Rok V/Semestr 10/Praca Magisterska/Oprogramowanie/Git/electronics/Projects/Eclipse Neon/Workspace/pps_phase_shifter/CMSIS/device" -I"D:/Uczelnia/Rok V/Semestr 10/Praca Magisterska/Oprogramowanie/Git/electronics/Projects/Eclipse Neon/Workspace/pps_phase_shifter/HAL_Driver/Inc/Legacy" -I"D:/Uczelnia/Rok V/Semestr 10/Praca Magisterska/Oprogramowanie/Git/electronics/Projects/Eclipse Neon/Workspace/pps_phase_shifter/HAL_Driver/Inc" -O3 -g3 -Wall -fmessage-length=0 -ffunction-sections -c -MMD -MP -MF"HAL_Driver/Src/stm32f0xx_hal_tim_ex.d" -MT"HAL_Driver/Src/stm32f0xx_hal_tim_ex.o" -o "HAL_Driver/Src/stm32f0xx_hal_tim_ex.o" "../HAL_Driver/Src/stm32f0xx_hal_tim_ex.c"
'Finished building: ../HAL_Driver/Src/stm32f0xx_hal_tim_ex.c'
' '
'Building file: ../HAL_Driver/Src/stm32f0xx_hal_tsc.c'
'Invoking: MCU GCC Compiler'
D:\Uczelnia\Rok V\Semestr 10\Praca Magisterska\Oprogramowanie\Git\electronics\Projects\Eclipse Neon\Workspace\pps_phase_shifter\Debug
arm-none-eabi-gcc -mcpu=cortex-m0 -mthumb -mfloat-abi=soft -DSTM32F0 -DSTM32 -DSTM32F030K6Tx -DDEBUG -DUSE_HAL_DRIVER -DSTM32F030x6 -I"D:/Uczelnia/Rok V/Semestr 10/Praca Magisterska/Oprogramowanie/Git/electronics/Projects/Eclipse Neon/Workspace/pps_phase_shifter/inc" -I"D:/Uczelnia/Rok V/Semestr 10/Praca Magisterska/Oprogramowanie/Git/electronics/Projects/Eclipse Neon/Workspace/pps_phase_shifter/CMSIS/core" -I"D:/Uczelnia/Rok V/Semestr 10/Praca Magisterska/Oprogramowanie/Git/electronics/Projects/Eclipse Neon/Workspace/pps_phase_shifter/CMSIS/device" -I"D:/Uczelnia/Rok V/Semestr 10/Praca Magisterska/Oprogramowanie/Git/electronics/Projects/Eclipse Neon/Workspace/pps_phase_shifter/HAL_Driver/Inc/Legacy" -I"D:/Uczelnia/Rok V/Semestr 10/Praca Magisterska/Oprogramowanie/Git/electronics/Projects/Eclipse Neon/Workspace/pps_phase_shifter/HAL_Driver/Inc" -O3 -g3 -Wall -fmessage-length=0 -ffunction-sections -c -MMD -MP -MF"HAL_Driver/Src/stm32f0xx_hal_tsc.d" -MT"HAL_Driver/Src/stm32f0xx_hal_tsc.o" -o "HAL_Driver/Src/stm32f0xx_hal_tsc.o" "../HAL_Driver/Src/stm32f0xx_hal_tsc.c"
'Finished building: ../HAL_Driver/Src/stm32f0xx_hal_tsc.c'
' '
'Building file: ../HAL_Driver/Src/stm32f0xx_hal_uart.c'
'Invoking: MCU GCC Compiler'
D:\Uczelnia\Rok V\Semestr 10\Praca Magisterska\Oprogramowanie\Git\electronics\Projects\Eclipse Neon\Workspace\pps_phase_shifter\Debug
arm-none-eabi-gcc -mcpu=cortex-m0 -mthumb -mfloat-abi=soft -DSTM32F0 -DSTM32 -DSTM32F030K6Tx -DDEBUG -DUSE_HAL_DRIVER -DSTM32F030x6 -I"D:/Uczelnia/Rok V/Semestr 10/Praca Magisterska/Oprogramowanie/Git/electronics/Projects/Eclipse Neon/Workspace/pps_phase_shifter/inc" -I"D:/Uczelnia/Rok V/Semestr 10/Praca Magisterska/Oprogramowanie/Git/electronics/Projects/Eclipse Neon/Workspace/pps_phase_shifter/CMSIS/core" -I"D:/Uczelnia/Rok V/Semestr 10/Praca Magisterska/Oprogramowanie/Git/electronics/Projects/Eclipse Neon/Workspace/pps_phase_shifter/CMSIS/device" -I"D:/Uczelnia/Rok V/Semestr 10/Praca Magisterska/Oprogramowanie/Git/electronics/Projects/Eclipse Neon/Workspace/pps_phase_shifter/HAL_Driver/Inc/Legacy" -I"D:/Uczelnia/Rok V/Semestr 10/Praca Magisterska/Oprogramowanie/Git/electronics/Projects/Eclipse Neon/Workspace/pps_phase_shifter/HAL_Driver/Inc" -O3 -g3 -Wall -fmessage-length=0 -ffunction-sections -c -MMD -MP -MF"HAL_Driver/Src/stm32f0xx_hal_uart.d" -MT"HAL_Driver/Src/stm32f0xx_hal_uart.o" -o "HAL_Driver/Src/stm32f0xx_hal_uart.o" "../HAL_Driver/Src/stm32f0xx_hal_uart.c"
'Finished building: ../HAL_Driver/Src/stm32f0xx_hal_uart.c'
' '
'Building file: ../HAL_Driver/Src/stm32f0xx_hal_uart_ex.c'
'Invoking: MCU GCC Compiler'
D:\Uczelnia\Rok V\Semestr 10\Praca Magisterska\Oprogramowanie\Git\electronics\Projects\Eclipse Neon\Workspace\pps_phase_shifter\Debug
arm-none-eabi-gcc -mcpu=cortex-m0 -mthumb -mfloat-abi=soft -DSTM32F0 -DSTM32 -DSTM32F030K6Tx -DDEBUG -DUSE_HAL_DRIVER -DSTM32F030x6 -I"D:/Uczelnia/Rok V/Semestr 10/Praca Magisterska/Oprogramowanie/Git/electronics/Projects/Eclipse Neon/Workspace/pps_phase_shifter/inc" -I"D:/Uczelnia/Rok V/Semestr 10/Praca Magisterska/Oprogramowanie/Git/electronics/Projects/Eclipse Neon/Workspace/pps_phase_shifter/CMSIS/core" -I"D:/Uczelnia/Rok V/Semestr 10/Praca Magisterska/Oprogramowanie/Git/electronics/Projects/Eclipse Neon/Workspace/pps_phase_shifter/CMSIS/device" -I"D:/Uczelnia/Rok V/Semestr 10/Praca Magisterska/Oprogramowanie/Git/electronics/Projects/Eclipse Neon/Workspace/pps_phase_shifter/HAL_Driver/Inc/Legacy" -I"D:/Uczelnia/Rok V/Semestr 10/Praca Magisterska/Oprogramowanie/Git/electronics/Projects/Eclipse Neon/Workspace/pps_phase_shifter/HAL_Driver/Inc" -O3 -g3 -Wall -fmessage-length=0 -ffunction-sections -c -MMD -MP -MF"HAL_Driver/Src/stm32f0xx_hal_uart_ex.d" -MT"HAL_Driver/Src/stm32f0xx_hal_uart_ex.o" -o "HAL_Driver/Src/stm32f0xx_hal_uart_ex.o" "../HAL_Driver/Src/stm32f0xx_hal_uart_ex.c"
'Finished building: ../HAL_Driver/Src/stm32f0xx_hal_uart_ex.c'
' '
'Building file: ../HAL_Driver/Src/stm32f0xx_hal_usart.c'
'Invoking: MCU GCC Compiler'
D:\Uczelnia\Rok V\Semestr 10\Praca Magisterska\Oprogramowanie\Git\electronics\Projects\Eclipse Neon\Workspace\pps_phase_shifter\Debug
arm-none-eabi-gcc -mcpu=cortex-m0 -mthumb -mfloat-abi=soft -DSTM32F0 -DSTM32 -DSTM32F030K6Tx -DDEBUG -DUSE_HAL_DRIVER -DSTM32F030x6 -I"D:/Uczelnia/Rok V/Semestr 10/Praca Magisterska/Oprogramowanie/Git/electronics/Projects/Eclipse Neon/Workspace/pps_phase_shifter/inc" -I"D:/Uczelnia/Rok V/Semestr 10/Praca Magisterska/Oprogramowanie/Git/electronics/Projects/Eclipse Neon/Workspace/pps_phase_shifter/CMSIS/core" -I"D:/Uczelnia/Rok V/Semestr 10/Praca Magisterska/Oprogramowanie/Git/electronics/Projects/Eclipse Neon/Workspace/pps_phase_shifter/CMSIS/device" -I"D:/Uczelnia/Rok V/Semestr 10/Praca Magisterska/Oprogramowanie/Git/electronics/Projects/Eclipse Neon/Workspace/pps_phase_shifter/HAL_Driver/Inc/Legacy" -I"D:/Uczelnia/Rok V/Semestr 10/Praca Magisterska/Oprogramowanie/Git/electronics/Projects/Eclipse Neon/Workspace/pps_phase_shifter/HAL_Driver/Inc" -O3 -g3 -Wall -fmessage-length=0 -ffunction-sections -c -MMD -MP -MF"HAL_Driver/Src/stm32f0xx_hal_usart.d" -MT"HAL_Driver/Src/stm32f0xx_hal_usart.o" -o "HAL_Driver/Src/stm32f0xx_hal_usart.o" "../HAL_Driver/Src/stm32f0xx_hal_usart.c"
'Finished building: ../HAL_Driver/Src/stm32f0xx_hal_usart.c'
' '
'Building file: ../HAL_Driver/Src/stm32f0xx_hal_wwdg.c'
'Invoking: MCU GCC Compiler'
D:\Uczelnia\Rok V\Semestr 10\Praca Magisterska\Oprogramowanie\Git\electronics\Projects\Eclipse Neon\Workspace\pps_phase_shifter\Debug
arm-none-eabi-gcc -mcpu=cortex-m0 -mthumb -mfloat-abi=soft -DSTM32F0 -DSTM32 -DSTM32F030K6Tx -DDEBUG -DUSE_HAL_DRIVER -DSTM32F030x6 -I"D:/Uczelnia/Rok V/Semestr 10/Praca Magisterska/Oprogramowanie/Git/electronics/Projects/Eclipse Neon/Workspace/pps_phase_shifter/inc" -I"D:/Uczelnia/Rok V/Semestr 10/Praca Magisterska/Oprogramowanie/Git/electronics/Projects/Eclipse Neon/Workspace/pps_phase_shifter/CMSIS/core" -I"D:/Uczelnia/Rok V/Semestr 10/Praca Magisterska/Oprogramowanie/Git/electronics/Projects/Eclipse Neon/Workspace/pps_phase_shifter/CMSIS/device" -I"D:/Uczelnia/Rok V/Semestr 10/Praca Magisterska/Oprogramowanie/Git/electronics/Projects/Eclipse Neon/Workspace/pps_phase_shifter/HAL_Driver/Inc/Legacy" -I"D:/Uczelnia/Rok V/Semestr 10/Praca Magisterska/Oprogramowanie/Git/electronics/Projects/Eclipse Neon/Workspace/pps_phase_shifter/HAL_Driver/Inc" -O3 -g3 -Wall -fmessage-length=0 -ffunction-sections -c -MMD -MP -MF"HAL_Driver/Src/stm32f0xx_hal_wwdg.d" -MT"HAL_Driver/Src/stm32f0xx_hal_wwdg.o" -o "HAL_Driver/Src/stm32f0xx_hal_wwdg.o" "../HAL_Driver/Src/stm32f0xx_hal_wwdg.c"
'Finished building: ../HAL_Driver/Src/stm32f0xx_hal_wwdg.c'
' '
'Building file: ../HAL_Driver/Src/stm32f0xx_ll_adc.c'
'Invoking: MCU GCC Compiler'
D:\Uczelnia\Rok V\Semestr 10\Praca Magisterska\Oprogramowanie\Git\electronics\Projects\Eclipse Neon\Workspace\pps_phase_shifter\Debug
arm-none-eabi-gcc -mcpu=cortex-m0 -mthumb -mfloat-abi=soft -DSTM32F0 -DSTM32 -DSTM32F030K6Tx -DDEBUG -DUSE_HAL_DRIVER -DSTM32F030x6 -I"D:/Uczelnia/Rok V/Semestr 10/Praca Magisterska/Oprogramowanie/Git/electronics/Projects/Eclipse Neon/Workspace/pps_phase_shifter/inc" -I"D:/Uczelnia/Rok V/Semestr 10/Praca Magisterska/Oprogramowanie/Git/electronics/Projects/Eclipse Neon/Workspace/pps_phase_shifter/CMSIS/core" -I"D:/Uczelnia/Rok V/Semestr 10/Praca Magisterska/Oprogramowanie/Git/electronics/Projects/Eclipse Neon/Workspace/pps_phase_shifter/CMSIS/device" -I"D:/Uczelnia/Rok V/Semestr 10/Praca Magisterska/Oprogramowanie/Git/electronics/Projects/Eclipse Neon/Workspace/pps_phase_shifter/HAL_Driver/Inc/Legacy" -I"D:/Uczelnia/Rok V/Semestr 10/Praca Magisterska/Oprogramowanie/Git/electronics/Projects/Eclipse Neon/Workspace/pps_phase_shifter/HAL_Driver/Inc" -O3 -g3 -Wall -fmessage-length=0 -ffunction-sections -c -MMD -MP -MF"HAL_Driver/Src/stm32f0xx_ll_adc.d" -MT"HAL_Driver/Src/stm32f0xx_ll_adc.o" -o "HAL_Driver/Src/stm32f0xx_ll_adc.o" "../HAL_Driver/Src/stm32f0xx_ll_adc.c"
'Finished building: ../HAL_Driver/Src/stm32f0xx_ll_adc.c'
' '
'Building file: ../HAL_Driver/Src/stm32f0xx_ll_comp.c'
'Invoking: MCU GCC Compiler'
D:\Uczelnia\Rok V\Semestr 10\Praca Magisterska\Oprogramowanie\Git\electronics\Projects\Eclipse Neon\Workspace\pps_phase_shifter\Debug
arm-none-eabi-gcc -mcpu=cortex-m0 -mthumb -mfloat-abi=soft -DSTM32F0 -DSTM32 -DSTM32F030K6Tx -DDEBUG -DUSE_HAL_DRIVER -DSTM32F030x6 -I"D:/Uczelnia/Rok V/Semestr 10/Praca Magisterska/Oprogramowanie/Git/electronics/Projects/Eclipse Neon/Workspace/pps_phase_shifter/inc" -I"D:/Uczelnia/Rok V/Semestr 10/Praca Magisterska/Oprogramowanie/Git/electronics/Projects/Eclipse Neon/Workspace/pps_phase_shifter/CMSIS/core" -I"D:/Uczelnia/Rok V/Semestr 10/Praca Magisterska/Oprogramowanie/Git/electronics/Projects/Eclipse Neon/Workspace/pps_phase_shifter/CMSIS/device" -I"D:/Uczelnia/Rok V/Semestr 10/Praca Magisterska/Oprogramowanie/Git/electronics/Projects/Eclipse Neon/Workspace/pps_phase_shifter/HAL_Driver/Inc/Legacy" -I"D:/Uczelnia/Rok V/Semestr 10/Praca Magisterska/Oprogramowanie/Git/electronics/Projects/Eclipse Neon/Workspace/pps_phase_shifter/HAL_Driver/Inc" -O3 -g3 -Wall -fmessage-length=0 -ffunction-sections -c -MMD -MP -MF"HAL_Driver/Src/stm32f0xx_ll_comp.d" -MT"HAL_Driver/Src/stm32f0xx_ll_comp.o" -o "HAL_Driver/Src/stm32f0xx_ll_comp.o" "../HAL_Driver/Src/stm32f0xx_ll_comp.c"
'Finished building: ../HAL_Driver/Src/stm32f0xx_ll_comp.c'
' '
'Building file: ../HAL_Driver/Src/stm32f0xx_ll_crc.c'
'Invoking: MCU GCC Compiler'
D:\Uczelnia\Rok V\Semestr 10\Praca Magisterska\Oprogramowanie\Git\electronics\Projects\Eclipse Neon\Workspace\pps_phase_shifter\Debug
arm-none-eabi-gcc -mcpu=cortex-m0 -mthumb -mfloat-abi=soft -DSTM32F0 -DSTM32 -DSTM32F030K6Tx -DDEBUG -DUSE_HAL_DRIVER -DSTM32F030x6 -I"D:/Uczelnia/Rok V/Semestr 10/Praca Magisterska/Oprogramowanie/Git/electronics/Projects/Eclipse Neon/Workspace/pps_phase_shifter/inc" -I"D:/Uczelnia/Rok V/Semestr 10/Praca Magisterska/Oprogramowanie/Git/electronics/Projects/Eclipse Neon/Workspace/pps_phase_shifter/CMSIS/core" -I"D:/Uczelnia/Rok V/Semestr 10/Praca Magisterska/Oprogramowanie/Git/electronics/Projects/Eclipse Neon/Workspace/pps_phase_shifter/CMSIS/device" -I"D:/Uczelnia/Rok V/Semestr 10/Praca Magisterska/Oprogramowanie/Git/electronics/Projects/Eclipse Neon/Workspace/pps_phase_shifter/HAL_Driver/Inc/Legacy" -I"D:/Uczelnia/Rok V/Semestr 10/Praca Magisterska/Oprogramowanie/Git/electronics/Projects/Eclipse Neon/Workspace/pps_phase_shifter/HAL_Driver/Inc" -O3 -g3 -Wall -fmessage-length=0 -ffunction-sections -c -MMD -MP -MF"HAL_Driver/Src/stm32f0xx_ll_crc.d" -MT"HAL_Driver/Src/stm32f0xx_ll_crc.o" -o "HAL_Driver/Src/stm32f0xx_ll_crc.o" "../HAL_Driver/Src/stm32f0xx_ll_crc.c"
'Finished building: ../HAL_Driver/Src/stm32f0xx_ll_crc.c'
' '
'Building file: ../HAL_Driver/Src/stm32f0xx_ll_crs.c'
'Invoking: MCU GCC Compiler'
D:\Uczelnia\Rok V\Semestr 10\Praca Magisterska\Oprogramowanie\Git\electronics\Projects\Eclipse Neon\Workspace\pps_phase_shifter\Debug
arm-none-eabi-gcc -mcpu=cortex-m0 -mthumb -mfloat-abi=soft -DSTM32F0 -DSTM32 -DSTM32F030K6Tx -DDEBUG -DUSE_HAL_DRIVER -DSTM32F030x6 -I"D:/Uczelnia/Rok V/Semestr 10/Praca Magisterska/Oprogramowanie/Git/electronics/Projects/Eclipse Neon/Workspace/pps_phase_shifter/inc" -I"D:/Uczelnia/Rok V/Semestr 10/Praca Magisterska/Oprogramowanie/Git/electronics/Projects/Eclipse Neon/Workspace/pps_phase_shifter/CMSIS/core" -I"D:/Uczelnia/Rok V/Semestr 10/Praca Magisterska/Oprogramowanie/Git/electronics/Projects/Eclipse Neon/Workspace/pps_phase_shifter/CMSIS/device" -I"D:/Uczelnia/Rok V/Semestr 10/Praca Magisterska/Oprogramowanie/Git/electronics/Projects/Eclipse Neon/Workspace/pps_phase_shifter/HAL_Driver/Inc/Legacy" -I"D:/Uczelnia/Rok V/Semestr 10/Praca Magisterska/Oprogramowanie/Git/electronics/Projects/Eclipse Neon/Workspace/pps_phase_shifter/HAL_Driver/Inc" -O3 -g3 -Wall -fmessage-length=0 -ffunction-sections -c -MMD -MP -MF"HAL_Driver/Src/stm32f0xx_ll_crs.d" -MT"HAL_Driver/Src/stm32f0xx_ll_crs.o" -o "HAL_Driver/Src/stm32f0xx_ll_crs.o" "../HAL_Driver/Src/stm32f0xx_ll_crs.c"
'Finished building: ../HAL_Driver/Src/stm32f0xx_ll_crs.c'
' '
'Building file: ../HAL_Driver/Src/stm32f0xx_ll_dac.c'
'Invoking: MCU GCC Compiler'
D:\Uczelnia\Rok V\Semestr 10\Praca Magisterska\Oprogramowanie\Git\electronics\Projects\Eclipse Neon\Workspace\pps_phase_shifter\Debug
arm-none-eabi-gcc -mcpu=cortex-m0 -mthumb -mfloat-abi=soft -DSTM32F0 -DSTM32 -DSTM32F030K6Tx -DDEBUG -DUSE_HAL_DRIVER -DSTM32F030x6 -I"D:/Uczelnia/Rok V/Semestr 10/Praca Magisterska/Oprogramowanie/Git/electronics/Projects/Eclipse Neon/Workspace/pps_phase_shifter/inc" -I"D:/Uczelnia/Rok V/Semestr 10/Praca Magisterska/Oprogramowanie/Git/electronics/Projects/Eclipse Neon/Workspace/pps_phase_shifter/CMSIS/core" -I"D:/Uczelnia/Rok V/Semestr 10/Praca Magisterska/Oprogramowanie/Git/electronics/Projects/Eclipse Neon/Workspace/pps_phase_shifter/CMSIS/device" -I"D:/Uczelnia/Rok V/Semestr 10/Praca Magisterska/Oprogramowanie/Git/electronics/Projects/Eclipse Neon/Workspace/pps_phase_shifter/HAL_Driver/Inc/Legacy" -I"D:/Uczelnia/Rok V/Semestr 10/Praca Magisterska/Oprogramowanie/Git/electronics/Projects/Eclipse Neon/Workspace/pps_phase_shifter/HAL_Driver/Inc" -O3 -g3 -Wall -fmessage-length=0 -ffunction-sections -c -MMD -MP -MF"HAL_Driver/Src/stm32f0xx_ll_dac.d" -MT"HAL_Driver/Src/stm32f0xx_ll_dac.o" -o "HAL_Driver/Src/stm32f0xx_ll_dac.o" "../HAL_Driver/Src/stm32f0xx_ll_dac.c"
'Finished building: ../HAL_Driver/Src/stm32f0xx_ll_dac.c'
' '
'Building file: ../HAL_Driver/Src/stm32f0xx_ll_dma.c'
'Invoking: MCU GCC Compiler'
D:\Uczelnia\Rok V\Semestr 10\Praca Magisterska\Oprogramowanie\Git\electronics\Projects\Eclipse Neon\Workspace\pps_phase_shifter\Debug
arm-none-eabi-gcc -mcpu=cortex-m0 -mthumb -mfloat-abi=soft -DSTM32F0 -DSTM32 -DSTM32F030K6Tx -DDEBUG -DUSE_HAL_DRIVER -DSTM32F030x6 -I"D:/Uczelnia/Rok V/Semestr 10/Praca Magisterska/Oprogramowanie/Git/electronics/Projects/Eclipse Neon/Workspace/pps_phase_shifter/inc" -I"D:/Uczelnia/Rok V/Semestr 10/Praca Magisterska/Oprogramowanie/Git/electronics/Projects/Eclipse Neon/Workspace/pps_phase_shifter/CMSIS/core" -I"D:/Uczelnia/Rok V/Semestr 10/Praca Magisterska/Oprogramowanie/Git/electronics/Projects/Eclipse Neon/Workspace/pps_phase_shifter/CMSIS/device" -I"D:/Uczelnia/Rok V/Semestr 10/Praca Magisterska/Oprogramowanie/Git/electronics/Projects/Eclipse Neon/Workspace/pps_phase_shifter/HAL_Driver/Inc/Legacy" -I"D:/Uczelnia/Rok V/Semestr 10/Praca Magisterska/Oprogramowanie/Git/electronics/Projects/Eclipse Neon/Workspace/pps_phase_shifter/HAL_Driver/Inc" -O3 -g3 -Wall -fmessage-length=0 -ffunction-sections -c -MMD -MP -MF"HAL_Driver/Src/stm32f0xx_ll_dma.d" -MT"HAL_Driver/Src/stm32f0xx_ll_dma.o" -o "HAL_Driver/Src/stm32f0xx_ll_dma.o" "../HAL_Driver/Src/stm32f0xx_ll_dma.c"
'Finished building: ../HAL_Driver/Src/stm32f0xx_ll_dma.c'
' '
'Building file: ../HAL_Driver/Src/stm32f0xx_ll_exti.c'
'Invoking: MCU GCC Compiler'
D:\Uczelnia\Rok V\Semestr 10\Praca Magisterska\Oprogramowanie\Git\electronics\Projects\Eclipse Neon\Workspace\pps_phase_shifter\Debug
arm-none-eabi-gcc -mcpu=cortex-m0 -mthumb -mfloat-abi=soft -DSTM32F0 -DSTM32 -DSTM32F030K6Tx -DDEBUG -DUSE_HAL_DRIVER -DSTM32F030x6 -I"D:/Uczelnia/Rok V/Semestr 10/Praca Magisterska/Oprogramowanie/Git/electronics/Projects/Eclipse Neon/Workspace/pps_phase_shifter/inc" -I"D:/Uczelnia/Rok V/Semestr 10/Praca Magisterska/Oprogramowanie/Git/electronics/Projects/Eclipse Neon/Workspace/pps_phase_shifter/CMSIS/core" -I"D:/Uczelnia/Rok V/Semestr 10/Praca Magisterska/Oprogramowanie/Git/electronics/Projects/Eclipse Neon/Workspace/pps_phase_shifter/CMSIS/device" -I"D:/Uczelnia/Rok V/Semestr 10/Praca Magisterska/Oprogramowanie/Git/electronics/Projects/Eclipse Neon/Workspace/pps_phase_shifter/HAL_Driver/Inc/Legacy" -I"D:/Uczelnia/Rok V/Semestr 10/Praca Magisterska/Oprogramowanie/Git/electronics/Projects/Eclipse Neon/Workspace/pps_phase_shifter/HAL_Driver/Inc" -O3 -g3 -Wall -fmessage-length=0 -ffunction-sections -c -MMD -MP -MF"HAL_Driver/Src/stm32f0xx_ll_exti.d" -MT"HAL_Driver/Src/stm32f0xx_ll_exti.o" -o "HAL_Driver/Src/stm32f0xx_ll_exti.o" "../HAL_Driver/Src/stm32f0xx_ll_exti.c"
'Finished building: ../HAL_Driver/Src/stm32f0xx_ll_exti.c'
' '
'Building file: ../HAL_Driver/Src/stm32f0xx_ll_gpio.c'
'Invoking: MCU GCC Compiler'
D:\Uczelnia\Rok V\Semestr 10\Praca Magisterska\Oprogramowanie\Git\electronics\Projects\Eclipse Neon\Workspace\pps_phase_shifter\Debug
arm-none-eabi-gcc -mcpu=cortex-m0 -mthumb -mfloat-abi=soft -DSTM32F0 -DSTM32 -DSTM32F030K6Tx -DDEBUG -DUSE_HAL_DRIVER -DSTM32F030x6 -I"D:/Uczelnia/Rok V/Semestr 10/Praca Magisterska/Oprogramowanie/Git/electronics/Projects/Eclipse Neon/Workspace/pps_phase_shifter/inc" -I"D:/Uczelnia/Rok V/Semestr 10/Praca Magisterska/Oprogramowanie/Git/electronics/Projects/Eclipse Neon/Workspace/pps_phase_shifter/CMSIS/core" -I"D:/Uczelnia/Rok V/Semestr 10/Praca Magisterska/Oprogramowanie/Git/electronics/Projects/Eclipse Neon/Workspace/pps_phase_shifter/CMSIS/device" -I"D:/Uczelnia/Rok V/Semestr 10/Praca Magisterska/Oprogramowanie/Git/electronics/Projects/Eclipse Neon/Workspace/pps_phase_shifter/HAL_Driver/Inc/Legacy" -I"D:/Uczelnia/Rok V/Semestr 10/Praca Magisterska/Oprogramowanie/Git/electronics/Projects/Eclipse Neon/Workspace/pps_phase_shifter/HAL_Driver/Inc" -O3 -g3 -Wall -fmessage-length=0 -ffunction-sections -c -MMD -MP -MF"HAL_Driver/Src/stm32f0xx_ll_gpio.d" -MT"HAL_Driver/Src/stm32f0xx_ll_gpio.o" -o "HAL_Driver/Src/stm32f0xx_ll_gpio.o" "../HAL_Driver/Src/stm32f0xx_ll_gpio.c"
'Finished building: ../HAL_Driver/Src/stm32f0xx_ll_gpio.c'
' '
'Building file: ../HAL_Driver/Src/stm32f0xx_ll_i2c.c'
'Invoking: MCU GCC Compiler'
D:\Uczelnia\Rok V\Semestr 10\Praca Magisterska\Oprogramowanie\Git\electronics\Projects\Eclipse Neon\Workspace\pps_phase_shifter\Debug
arm-none-eabi-gcc -mcpu=cortex-m0 -mthumb -mfloat-abi=soft -DSTM32F0 -DSTM32 -DSTM32F030K6Tx -DDEBUG -DUSE_HAL_DRIVER -DSTM32F030x6 -I"D:/Uczelnia/Rok V/Semestr 10/Praca Magisterska/Oprogramowanie/Git/electronics/Projects/Eclipse Neon/Workspace/pps_phase_shifter/inc" -I"D:/Uczelnia/Rok V/Semestr 10/Praca Magisterska/Oprogramowanie/Git/electronics/Projects/Eclipse Neon/Workspace/pps_phase_shifter/CMSIS/core" -I"D:/Uczelnia/Rok V/Semestr 10/Praca Magisterska/Oprogramowanie/Git/electronics/Projects/Eclipse Neon/Workspace/pps_phase_shifter/CMSIS/device" -I"D:/Uczelnia/Rok V/Semestr 10/Praca Magisterska/Oprogramowanie/Git/electronics/Projects/Eclipse Neon/Workspace/pps_phase_shifter/HAL_Driver/Inc/Legacy" -I"D:/Uczelnia/Rok V/Semestr 10/Praca Magisterska/Oprogramowanie/Git/electronics/Projects/Eclipse Neon/Workspace/pps_phase_shifter/HAL_Driver/Inc" -O3 -g3 -Wall -fmessage-length=0 -ffunction-sections -c -MMD -MP -MF"HAL_Driver/Src/stm32f0xx_ll_i2c.d" -MT"HAL_Driver/Src/stm32f0xx_ll_i2c.o" -o "HAL_Driver/Src/stm32f0xx_ll_i2c.o" "../HAL_Driver/Src/stm32f0xx_ll_i2c.c"
'Finished building: ../HAL_Driver/Src/stm32f0xx_ll_i2c.c'
' '
'Building file: ../HAL_Driver/Src/stm32f0xx_ll_pwr.c'
'Invoking: MCU GCC Compiler'
D:\Uczelnia\Rok V\Semestr 10\Praca Magisterska\Oprogramowanie\Git\electronics\Projects\Eclipse Neon\Workspace\pps_phase_shifter\Debug
arm-none-eabi-gcc -mcpu=cortex-m0 -mthumb -mfloat-abi=soft -DSTM32F0 -DSTM32 -DSTM32F030K6Tx -DDEBUG -DUSE_HAL_DRIVER -DSTM32F030x6 -I"D:/Uczelnia/Rok V/Semestr 10/Praca Magisterska/Oprogramowanie/Git/electronics/Projects/Eclipse Neon/Workspace/pps_phase_shifter/inc" -I"D:/Uczelnia/Rok V/Semestr 10/Praca Magisterska/Oprogramowanie/Git/electronics/Projects/Eclipse Neon/Workspace/pps_phase_shifter/CMSIS/core" -I"D:/Uczelnia/Rok V/Semestr 10/Praca Magisterska/Oprogramowanie/Git/electronics/Projects/Eclipse Neon/Workspace/pps_phase_shifter/CMSIS/device" -I"D:/Uczelnia/Rok V/Semestr 10/Praca Magisterska/Oprogramowanie/Git/electronics/Projects/Eclipse Neon/Workspace/pps_phase_shifter/HAL_Driver/Inc/Legacy" -I"D:/Uczelnia/Rok V/Semestr 10/Praca Magisterska/Oprogramowanie/Git/electronics/Projects/Eclipse Neon/Workspace/pps_phase_shifter/HAL_Driver/Inc" -O3 -g3 -Wall -fmessage-length=0 -ffunction-sections -c -MMD -MP -MF"HAL_Driver/Src/stm32f0xx_ll_pwr.d" -MT"HAL_Driver/Src/stm32f0xx_ll_pwr.o" -o "HAL_Driver/Src/stm32f0xx_ll_pwr.o" "../HAL_Driver/Src/stm32f0xx_ll_pwr.c"
'Finished building: ../HAL_Driver/Src/stm32f0xx_ll_pwr.c'
' '
'Building file: ../HAL_Driver/Src/stm32f0xx_ll_rcc.c'
[...]
'Finished building: ../src/main.c'
' '
'Building file: ../HAL_Driver/Src/stm32f0xx_hal.c'
'Invoking: MCU GCC Compiler'
D:\Uczelnia\Rok V\Semestr 10\Praca Magisterska\Oprogramowanie\Git\electronics\Projects\Eclipse Neon\Workspace\pps_phase_shifter\Debug
arm-none-eabi-gcc -mcpu=cortex-m0 -mthumb -mfloat-abi=soft -DSTM32F0 -DSTM32 -DSTM32F030K6Tx -DDEBUG -DUSE_HAL_DRIVER -DSTM32F030x6 -I"D:/Uczelnia/Rok V/Semestr 10/Praca Magisterska/Oprogramowanie/Git/electronics/Projects/Eclipse Neon/Workspace/pps_phase_shifter/inc" -I"D:/Uczelnia/Rok V/Semestr 10/Praca Magisterska/Oprogramowanie/Git/electronics/Projects/Eclipse Neon/Workspace/pps_phase_shifter/CMSIS/core" -I"D:/Uczelnia/Rok V/Semestr 10/Praca Magisterska/Oprogramowanie/Git/electronics/Projects/Eclipse Neon/Workspace/pps_phase_shifter/CMSIS/device" -I"D:/Uczelnia/Rok V/Semestr 10/Praca Magisterska/Oprogramowanie/Git/electronics/Projects/Eclipse Neon/Workspace/pps_phase_shifter/HAL_Driver/Inc/Legacy" -I"D:/Uczelnia/Rok V/Semestr 10/Praca Magisterska/Oprogramowanie/Git/electronics/Projects/Eclipse Neon/Workspace/pps_phase_shifter/HAL_Driver/Inc" -O3 -g3 -Wall -fmessage-length=0 -ffunction-sections -c -MMD -MP -MF"HAL_Driver/Src/stm32f0xx_hal.d" -MT"HAL_Driver/Src/stm32f0xx_hal.o" -o "HAL_Driver/Src/stm32f0xx_hal.o" "../HAL_Driver/Src/stm32f0xx_hal.c"
'Finished building: ../HAL_Driver/Src/stm32f0xx_hal.c'
' '
'Building target: pps_phase_shifter.elf'
'Invoking: MCU G++ Linker'
arm-none-eabi-g++ -mcpu=cortex-m0 -mthumb -mfloat-abi=soft -T"D:\Uczelnia\Rok V\Semestr 10\Praca Magisterska\Oprogramowanie\Git\electronics\Projects\Eclipse Neon\Workspace\pps_phase_shifter\LinkerScript.ld" -Wl,-Map=output.map -Wl,--gc-sections -fno-exceptions -fno-rtti -lm -o "pps_phase_shifter.elf" @"objects.list"  
'Finished building target: pps_phase_shifter.elf'
' '
make --no-print-directory post-build
'Generating binary and Printing size information:'
arm-none-eabi-objcopy -O binary "pps_phase_shifter.elf" "pps_phase_shifter.bin"
arm-none-eabi-size "pps_phase_shifter.elf"
   text	   data	    bss	    dec	    hex	filename
   4124	   1084	   1056	   6264	   1878	pps_phase_shifter.elf
' '
18:41:43 **** Incremental Build of configuration Debug for project pps_phase_shifter ****
make all 
'Building file: ../src/main.c'
'Invoking: MCU GCC Compiler'
D:\Uczelnia\Rok V\Semestr 10\Praca Magisterska\Oprogramowanie\Git\electronics\Projects\Eclipse Neon\Workspace\pps_phase_shifter\Debug
arm-none-eabi-gcc -mcpu=cortex-m0 -mthumb -mfloat-abi=soft -DSTM32F0 -DSTM32 -DSTM32F030K6Tx -DDEBUG -DUSE_HAL_DRIVER -DSTM32F030x6 -I"D:/Uczelnia/Rok V/Semestr 10/Praca Magisterska/Oprogramowanie/Git/electronics/Projects/Eclipse Neon/Workspace/pps_phase_shifter/inc" -I"D:/Uczelnia/Rok V/Semestr 10/Praca Magisterska/Oprogramowanie/Git/electronics/Projects/Eclipse Neon/Workspace/pps_phase_shifter/CMSIS/core" -I"D:/Uczelnia/Rok V/Semestr 10/Praca Magisterska/Oprogramowanie/Git/electronics/Projects/Eclipse Neon/Workspace/pps_phase_shifter/CMSIS/device" -I"D:/Uczelnia/Rok V/Semestr 10/Praca Magisterska/Oprogramowanie/Git/electronics/Projects/Eclipse Neon/Workspace/pps_phase_shifter/HAL_Driver/Inc/Legacy" -I"D:/Uczelnia/Rok V/Semestr 10/Praca Magisterska/Oprogramowanie/Git/electronics/Projects/Eclipse Neon/Workspace/pps_phase_shifter/HAL_Driver/Inc" -O3 -g3 -Wall -fmessage-length=0 -ffunction-sections -c -MMD -MP -MF"src/main.d" -MT"src/main.o" -o "src/main.o" "../src/main.c"
'Finished building: ../src/main.c'
' '
'Building target: pps_phase_shifter.elf'
'Invoking: MCU G++ Linker'
arm-none-eabi-g++ -mcpu=cortex-m0 -mthumb -mfloat-abi=soft -T"D:\Uczelnia\Rok V\Semestr 10\Praca Magisterska\Oprogramowanie\Git\electronics\Projects\Eclipse Neon\Workspace\pps_phase_shifter\LinkerScript.ld" -Wl,-Map=output.map -Wl,--gc-sections -fno-exceptions -fno-rtti -lm -o "pps_phase_shifter.elf" @"objects.list"  
'Finished building target: pps_phase_shifter.elf'
' '
make --no-print-directory post-build
'Generating binary and Printing size information:'
arm-none-eabi-objcopy -O binary "pps_phase_shifter.elf" "pps_phase_shifter.bin"
arm-none-eabi-size "pps_phase_shifter.elf"
   text	   data	    bss	    dec	    hex	filename
   4124	   1084	   1056	   6264	   1878	pps_phase_shifter.elf
' '
18:43:31 **** Incremental Build of configuration Debug for project pps_phase_shifter ****
make all 
'Building file: ../src/main.c'
'Invoking: MCU GCC Compiler'
D:\Uczelnia\Rok V\Semestr 10\Praca Magisterska\Oprogramowanie\Git\electronics\Projects\Eclipse Neon\Workspace\pps_phase_shifter\Debug
arm-none-eabi-gcc -mcpu=cortex-m0 -mthumb -mfloat-abi=soft -DSTM32F0 -DSTM32 -DSTM32F030K6Tx -DDEBUG -DUSE_HAL_DRIVER -DSTM32F030x6 -I"D:/Uczelnia/Rok V/Semestr 10/Praca Magisterska/Oprogramowanie/Git/electronics/Projects/Eclipse Neon/Workspace/pps_phase_shifter/inc" -I"D:/Uczelnia/Rok V/Semestr 10/Praca Magisterska/Oprogramowanie/Git/electronics/Projects/Eclipse Neon/Workspace/pps_phase_shifter/CMSIS/core" -I"D:/Uczelnia/Rok V/Semestr 10/Praca Magisterska/Oprogramowanie/Git/electronics/Projects/Eclipse Neon/Workspace/pps_phase_shifter/CMSIS/device" -I"D:/Uczelnia/Rok V/Semestr 10/Praca Magisterska/Oprogramowanie/Git/electronics/Projects/Eclipse Neon/Workspace/pps_phase_shifter/HAL_Driver/Inc/Legacy" -I"D:/Uczelnia/Rok V/Semestr 10/Praca Magisterska/Oprogramowanie/Git/electronics/Projects/Eclipse Neon/Workspace/pps_phase_shifter/HAL_Driver/Inc" -O3 -g3 -Wall -fmessage-length=0 -ffunction-sections -c -MMD -MP -MF"src/main.d" -MT"src/main.o" -o "src/main.o" "../src/main.c"
../src/main.c: In function 'main':
../src/main.c:21:23: warning: unused variable 'dupa' [-Wunused-variable]
     volatile uint32_t dupa = HAL_RCC_GetSysClockFreq();
                       ^
'Finished building: ../src/main.c'
' '
'Building target: pps_phase_shifter.elf'
'Invoking: MCU G++ Linker'
arm-none-eabi-g++ -mcpu=cortex-m0 -mthumb -mfloat-abi=soft -T"D:\Uczelnia\Rok V\Semestr 10\Praca Magisterska\Oprogramowanie\Git\electronics\Projects\Eclipse Neon\Workspace\pps_phase_shifter\LinkerScript.ld" -Wl,-Map=output.map -Wl,--gc-sections -fno-exceptions -fno-rtti -lm -o "pps_phase_shifter.elf" @"objects.list"  
'Finished building target: pps_phase_shifter.elf'
' '
make --no-print-directory post-build
'Generating binary and Printing size information:'
arm-none-eabi-objcopy -O binary "pps_phase_shifter.elf" "pps_phase_shifter.bin"
arm-none-eabi-size "pps_phase_shifter.elf"
   text	   data	    bss	    dec	    hex	filename
   4236	   1084	   1056	   6376	   18e8	pps_phase_shifter.elf
' '
18:43:38 **** Incremental Build of configuration Debug for project pps_phase_shifter ****
make all 
make: Nothing to be done for `all'.
18:46:15 **** Incremental Build of configuration Debug for project pps_phase_shifter ****
make all 
'Building file: ../src/drivers/clock.c'
'Invoking: MCU GCC Compiler'
D:\Uczelnia\Rok V\Semestr 10\Praca Magisterska\Oprogramowanie\Git\electronics\Projects\Eclipse Neon\Workspace\pps_phase_shifter\Debug
arm-none-eabi-gcc -mcpu=cortex-m0 -mthumb -mfloat-abi=soft -DSTM32F0 -DSTM32 -DSTM32F030K6Tx -DDEBUG -DUSE_HAL_DRIVER -DSTM32F030x6 -I"D:/Uczelnia/Rok V/Semestr 10/Praca Magisterska/Oprogramowanie/Git/electronics/Projects/Eclipse Neon/Workspace/pps_phase_shifter/inc" -I"D:/Uczelnia/Rok V/Semestr 10/Praca Magisterska/Oprogramowanie/Git/electronics/Projects/Eclipse Neon/Workspace/pps_phase_shifter/CMSIS/core" -I"D:/Uczelnia/Rok V/Semestr 10/Praca Magisterska/Oprogramowanie/Git/electronics/Projects/Eclipse Neon/Workspace/pps_phase_shifter/CMSIS/device" -I"D:/Uczelnia/Rok V/Semestr 10/Praca Magisterska/Oprogramowanie/Git/electronics/Projects/Eclipse Neon/Workspace/pps_phase_shifter/HAL_Driver/Inc/Legacy" -I"D:/Uczelnia/Rok V/Semestr 10/Praca Magisterska/Oprogramowanie/Git/electronics/Projects/Eclipse Neon/Workspace/pps_phase_shifter/HAL_Driver/Inc" -O3 -g3 -Wall -fmessage-length=0 -ffunction-sections -c -MMD -MP -MF"src/drivers/clock.d" -MT"src/drivers/clock.o" -o "src/drivers/clock.o" "../src/drivers/clock.c"
'Finished building: ../src/drivers/clock.c'
' '
'Building file: ../src/main.c'
'Invoking: MCU GCC Compiler'
D:\Uczelnia\Rok V\Semestr 10\Praca Magisterska\Oprogramowanie\Git\electronics\Projects\Eclipse Neon\Workspace\pps_phase_shifter\Debug
arm-none-eabi-gcc -mcpu=cortex-m0 -mthumb -mfloat-abi=soft -DSTM32F0 -DSTM32 -DSTM32F030K6Tx -DDEBUG -DUSE_HAL_DRIVER -DSTM32F030x6 -I"D:/Uczelnia/Rok V/Semestr 10/Praca Magisterska/Oprogramowanie/Git/electronics/Projects/Eclipse Neon/Workspace/pps_phase_shifter/inc" -I"D:/Uczelnia/Rok V/Semestr 10/Praca Magisterska/Oprogramowanie/Git/electronics/Projects/Eclipse Neon/Workspace/pps_phase_shifter/CMSIS/core" -I"D:/Uczelnia/Rok V/Semestr 10/Praca Magisterska/Oprogramowanie/Git/electronics/Projects/Eclipse Neon/Workspace/pps_phase_shifter/CMSIS/device" -I"D:/Uczelnia/Rok V/Semestr 10/Praca Magisterska/Oprogramowanie/Git/electronics/Projects/Eclipse Neon/Workspace/pps_phase_shifter/HAL_Driver/Inc/Legacy" -I"D:/Uczelnia/Rok V/Semestr 10/Praca Magisterska/Oprogramowanie/Git/electronics/Projects/Eclipse Neon/Workspace/pps_phase_shifter/HAL_Driver/Inc" -O3 -g3 -Wall -fmessage-length=0 -ffunction-sections -c -MMD -MP -MF"src/main.d" -MT"src/main.o" -o "src/main.o" "../src/main.c"
../src/main.c: In function 'main':
../src/main.c:21:23: warning: unused variable 'dupa' [-Wunused-variable]
     volatile uint32_t dupa = HAL_RCC_GetSysClockFreq();
                       ^
'Finished building: ../src/main.c'
' '
'Building file: ../HAL_Driver/Src/stm32f0xx_hal.c'
'Invoking: MCU GCC Compiler'
D:\Uczelnia\Rok V\Semestr 10\Praca Magisterska\Oprogramowanie\Git\electronics\Projects\Eclipse Neon\Workspace\pps_phase_shifter\Debug
arm-none-eabi-gcc -mcpu=cortex-m0 -mthumb -mfloat-abi=soft -DSTM32F0 -DSTM32 -DSTM32F030K6Tx -DDEBUG -DUSE_HAL_DRIVER -DSTM32F030x6 -I"D:/Uczelnia/Rok V/Semestr 10/Praca Magisterska/Oprogramowanie/Git/electronics/Projects/Eclipse Neon/Workspace/pps_phase_shifter/inc" -I"D:/Uczelnia/Rok V/Semestr 10/Praca Magisterska/Oprogramowanie/Git/electronics/Projects/Eclipse Neon/Workspace/pps_phase_shifter/CMSIS/core" -I"D:/Uczelnia/Rok V/Semestr 10/Praca Magisterska/Oprogramowanie/Git/electronics/Projects/Eclipse Neon/Workspace/pps_phase_shifter/CMSIS/device" -I"D:/Uczelnia/Rok V/Semestr 10/Praca Magisterska/Oprogramowanie/Git/electronics/Projects/Eclipse Neon/Workspace/pps_phase_shifter/HAL_Driver/Inc/Legacy" -I"D:/Uczelnia/Rok V/Semestr 10/Praca Magisterska/Oprogramowanie/Git/electronics/Projects/Eclipse Neon/Workspace/pps_phase_shifter/HAL_Driver/Inc" -O3 -g3 -Wall -fmessage-length=0 -ffunction-sections -c -MMD -MP -MF"HAL_Driver/Src/stm32f0xx_hal.d" -MT"HAL_Driver/Src/stm32f0xx_hal.o" -o "HAL_Driver/Src/stm32f0xx_hal.o" "../HAL_Driver/Src/stm32f0xx_hal.c"
'Finished building: ../HAL_Driver/Src/stm32f0xx_hal.c'
' '
'Building target: pps_phase_shifter.elf'
'Invoking: MCU G++ Linker'
arm-none-eabi-g++ -mcpu=cortex-m0 -mthumb -mfloat-abi=soft -T"D:\Uczelnia\Rok V\Semestr 10\Praca Magisterska\Oprogramowanie\Git\electronics\Projects\Eclipse Neon\Workspace\pps_phase_shifter\LinkerScript.ld" -Wl,-Map=output.map -Wl,--gc-sections -fno-exceptions -fno-rtti -lm -o "pps_phase_shifter.elf" @"objects.list"  
'Finished building target: pps_phase_shifter.elf'
' '
make --no-print-directory post-build
'Generating binary and Printing size information:'
arm-none-eabi-objcopy -O binary "pps_phase_shifter.elf" "pps_phase_shifter.bin"
arm-none-eabi-size "pps_phase_shifter.elf"
   text	   data	    bss	    dec	    hex	filename
   4252	   1084	   1056	   6392	   18f8	pps_phase_shifter.elf
' '
18:46:28 **** Incremental Build of configuration Debug for project pps_phase_shifter ****
make all 
make: Nothing to be done for `all'.
18:48:31 **** Incremental Build of configuration Debug for project pps_phase_shifter ****
make all 
'Building file: ../src/drivers/clock.c'
'Invoking: MCU GCC Compiler'
D:\Uczelnia\Rok V\Semestr 10\Praca Magisterska\Oprogramowanie\Git\electronics\Projects\Eclipse Neon\Workspace\pps_phase_shifter\Debug
arm-none-eabi-gcc -mcpu=cortex-m0 -mthumb -mfloat-abi=soft -DSTM32F0 -DSTM32 -DSTM32F030K6Tx -DDEBUG -DUSE_HAL_DRIVER -DSTM32F030x6 -I"D:/Uczelnia/Rok V/Semestr 10/Praca Magisterska/Oprogramowanie/Git/electronics/Projects/Eclipse Neon/Workspace/pps_phase_shifter/inc" -I"D:/Uczelnia/Rok V/Semestr 10/Praca Magisterska/Oprogramowanie/Git/electronics/Projects/Eclipse Neon/Workspace/pps_phase_shifter/CMSIS/core" -I"D:/Uczelnia/Rok V/Semestr 10/Praca Magisterska/Oprogramowanie/Git/electronics/Projects/Eclipse Neon/Workspace/pps_phase_shifter/CMSIS/device" -I"D:/Uczelnia/Rok V/Semestr 10/Praca Magisterska/Oprogramowanie/Git/electronics/Projects/Eclipse Neon/Workspace/pps_phase_shifter/HAL_Driver/Inc/Legacy" -I"D:/Uczelnia/Rok V/Semestr 10/Praca Magisterska/Oprogramowanie/Git/electronics/Projects/Eclipse Neon/Workspace/pps_phase_shifter/HAL_Driver/Inc" -O3 -g3 -Wall -fmessage-length=0 -ffunction-sections -c -MMD -MP -MF"src/drivers/clock.d" -MT"src/drivers/clock.o" -o "src/drivers/clock.o" "../src/drivers/clock.c"
'Finished building: ../src/drivers/clock.c'
' '
'Building file: ../src/main.c'
'Invoking: MCU GCC Compiler'
D:\Uczelnia\Rok V\Semestr 10\Praca Magisterska\Oprogramowanie\Git\electronics\Projects\Eclipse Neon\Workspace\pps_phase_shifter\Debug
arm-none-eabi-gcc -mcpu=cortex-m0 -mthumb -mfloat-abi=soft -DSTM32F0 -DSTM32 -DSTM32F030K6Tx -DDEBUG -DUSE_HAL_DRIVER -DSTM32F030x6 -I"D:/Uczelnia/Rok V/Semestr 10/Praca Magisterska/Oprogramowanie/Git/electronics/Projects/Eclipse Neon/Workspace/pps_phase_shifter/inc" -I"D:/Uczelnia/Rok V/Semestr 10/Praca Magisterska/Oprogramowanie/Git/electronics/Projects/Eclipse Neon/Workspace/pps_phase_shifter/CMSIS/core" -I"D:/Uczelnia/Rok V/Semestr 10/Praca Magisterska/Oprogramowanie/Git/electronics/Projects/Eclipse Neon/Workspace/pps_phase_shifter/CMSIS/device" -I"D:/Uczelnia/Rok V/Semestr 10/Praca Magisterska/Oprogramowanie/Git/electronics/Projects/Eclipse Neon/Workspace/pps_phase_shifter/HAL_Driver/Inc/Legacy" -I"D:/Uczelnia/Rok V/Semestr 10/Praca Magisterska/Oprogramowanie/Git/electronics/Projects/Eclipse Neon/Workspace/pps_phase_shifter/HAL_Driver/Inc" -O3 -g3 -Wall -fmessage-length=0 -ffunction-sections -c -MMD -MP -MF"src/main.d" -MT"src/main.o" -o "src/main.o" "../src/main.c"
../src/main.c: In function 'main':
../src/main.c:21:23: warning: unused variable 'dupa' [-Wunused-variable]
     volatile uint32_t dupa = HAL_RCC_GetSysClockFreq();
                       ^
'Finished building: ../src/main.c'
' '
'Building target: pps_phase_shifter.elf'
'Invoking: MCU G++ Linker'
arm-none-eabi-g++ -mcpu=cortex-m0 -mthumb -mfloat-abi=soft -T"D:\Uczelnia\Rok V\Semestr 10\Praca Magisterska\Oprogramowanie\Git\electronics\Projects\Eclipse Neon\Workspace\pps_phase_shifter\LinkerScript.ld" -Wl,-Map=output.map -Wl,--gc-sections -fno-exceptions -fno-rtti -lm -o "pps_phase_shifter.elf" @"objects.list"  
'Finished building target: pps_phase_shifter.elf'
' '
make --no-print-directory post-build
'Generating binary and Printing size information:'
arm-none-eabi-objcopy -O binary "pps_phase_shifter.elf" "pps_phase_shifter.bin"
arm-none-eabi-size "pps_phase_shifter.elf"
   text	   data	    bss	    dec	    hex	filename
   4252	   1084	   1056	   6392	   18f8	pps_phase_shifter.elf
' '
19:14:06 **** Incremental Build of configuration Debug for project pps_phase_shift_cubemx ****
make all 
make: Nothing to be done for `all'.
19:14:08 **** Incremental Build of configuration Debug for project pps_phase_shifter ****
make all 
'Building file: ../src/drivers/clock.c'
'Invoking: MCU GCC Compiler'
D:\Uczelnia\Rok V\Semestr 10\Praca Magisterska\Oprogramowanie\Git\electronics\Projects\Eclipse Neon\Workspace\pps_phase_shifter\Debug
arm-none-eabi-gcc -mcpu=cortex-m0 -mthumb -mfloat-abi=soft -DSTM32F0 -DSTM32 -DSTM32F030K6Tx -DDEBUG -DUSE_HAL_DRIVER -DSTM32F030x6 -I"D:/Uczelnia/Rok V/Semestr 10/Praca Magisterska/Oprogramowanie/Git/electronics/Projects/Eclipse Neon/Workspace/pps_phase_shifter/inc" -I"D:/Uczelnia/Rok V/Semestr 10/Praca Magisterska/Oprogramowanie/Git/electronics/Projects/Eclipse Neon/Workspace/pps_phase_shifter/CMSIS/core" -I"D:/Uczelnia/Rok V/Semestr 10/Praca Magisterska/Oprogramowanie/Git/electronics/Projects/Eclipse Neon/Workspace/pps_phase_shifter/CMSIS/device" -I"D:/Uczelnia/Rok V/Semestr 10/Praca Magisterska/Oprogramowanie/Git/electronics/Projects/Eclipse Neon/Workspace/pps_phase_shifter/HAL_Driver/Inc/Legacy" -I"D:/Uczelnia/Rok V/Semestr 10/Praca Magisterska/Oprogramowanie/Git/electronics/Projects/Eclipse Neon/Workspace/pps_phase_shifter/HAL_Driver/Inc" -O3 -g3 -Wall -fmessage-length=0 -ffunction-sections -c -MMD -MP -MF"src/drivers/clock.d" -MT"src/drivers/clock.o" -o "src/drivers/clock.o" "../src/drivers/clock.c"
'Finished building: ../src/drivers/clock.c'
' '
'Building target: pps_phase_shifter.elf'
'Invoking: MCU G++ Linker'
arm-none-eabi-g++ -mcpu=cortex-m0 -mthumb -mfloat-abi=soft -T"D:\Uczelnia\Rok V\Semestr 10\Praca Magisterska\Oprogramowanie\Git\electronics\Projects\Eclipse Neon\Workspace\pps_phase_shifter\LinkerScript.ld" -Wl,-Map=output.map -Wl,--gc-sections -fno-exceptions -fno-rtti -lm -o "pps_phase_shifter.elf" @"objects.list"  
'Finished building target: pps_phase_shifter.elf'
' '
make --no-print-directory post-build
'Generating binary and Printing size information:'
arm-none-eabi-objcopy -O binary "pps_phase_shifter.elf" "pps_phase_shifter.bin"
arm-none-eabi-size "pps_phase_shifter.elf"
   text	   data	    bss	    dec	    hex	filename
   4252	   1084	   1056	   6392	   18f8	pps_phase_shifter.elf
' '
19:22:31 **** Incremental Build of configuration Debug for project pps_phase_shift_cubemx ****
make all 
make: Nothing to be done for `all'.
19:22:32 **** Incremental Build of configuration Debug for project pps_phase_shifter ****
make all 
'Building file: ../src/drivers/clock.c'
'Invoking: MCU GCC Compiler'
D:\Uczelnia\Rok V\Semestr 10\Praca Magisterska\Oprogramowanie\Git\electronics\Projects\Eclipse Neon\Workspace\pps_phase_shifter\Debug
arm-none-eabi-gcc -mcpu=cortex-m0 -mthumb -mfloat-abi=soft -DSTM32F0 -DSTM32 -DSTM32F030K6Tx -DDEBUG -DUSE_HAL_DRIVER -DSTM32F030x6 -I"D:/Uczelnia/Rok V/Semestr 10/Praca Magisterska/Oprogramowanie/Git/electronics/Projects/Eclipse Neon/Workspace/pps_phase_shifter/inc" -I"D:/Uczelnia/Rok V/Semestr 10/Praca Magisterska/Oprogramowanie/Git/electronics/Projects/Eclipse Neon/Workspace/pps_phase_shifter/CMSIS/core" -I"D:/Uczelnia/Rok V/Semestr 10/Praca Magisterska/Oprogramowanie/Git/electronics/Projects/Eclipse Neon/Workspace/pps_phase_shifter/CMSIS/device" -I"D:/Uczelnia/Rok V/Semestr 10/Praca Magisterska/Oprogramowanie/Git/electronics/Projects/Eclipse Neon/Workspace/pps_phase_shifter/HAL_Driver/Inc/Legacy" -I"D:/Uczelnia/Rok V/Semestr 10/Praca Magisterska/Oprogramowanie/Git/electronics/Projects/Eclipse Neon/Workspace/pps_phase_shifter/HAL_Driver/Inc" -O3 -g3 -Wall -fmessage-length=0 -ffunction-sections -c -MMD -MP -MF"src/drivers/clock.d" -MT"src/drivers/clock.o" -o "src/drivers/clock.o" "../src/drivers/clock.c"
'Finished building: ../src/drivers/clock.c'
' '
'Building target: pps_phase_shifter.elf'
'Invoking: MCU G++ Linker'
arm-none-eabi-g++ -mcpu=cortex-m0 -mthumb -mfloat-abi=soft -T"D:\Uczelnia\Rok V\Semestr 10\Praca Magisterska\Oprogramowanie\Git\electronics\Projects\Eclipse Neon\Workspace\pps_phase_shifter\LinkerScript.ld" -Wl,-Map=output.map -Wl,--gc-sections -fno-exceptions -fno-rtti -lm -o "pps_phase_shifter.elf" @"objects.list"  
'Finished building target: pps_phase_shifter.elf'
' '
make --no-print-directory post-build
'Generating binary and Printing size information:'
arm-none-eabi-objcopy -O binary "pps_phase_shifter.elf" "pps_phase_shifter.bin"
arm-none-eabi-size "pps_phase_shifter.elf"
   text	   data	    bss	    dec	    hex	filename
   4556	   1084	   1056	   6696	   1a28	pps_phase_shifter.elf
' '
