17:34:25 **** Incremental Build of configuration Debug for project pps_phase_shifter ****
make all 
'Building file: ../src/drivers/pc_comm.c'
'Invoking: MCU GCC Compiler'
D:\Uczelnia\Rok V\Semestr 10\Praca Magisterska\Oprogramowanie\Git\electronics\Projects\Eclipse Neon\Workspace\pps_phase_shifter\Debug
arm-none-eabi-gcc -mcpu=cortex-m0 -mthumb -mfloat-abi=soft -DSTM32F0 -DSTM32 -DSTM32F030K6Tx -DDEBUG -DUSE_HAL_DRIVER -DSTM32F030x6 -I"D:/Uczelnia/Rok V/Semestr 10/Praca Magisterska/Oprogramowanie/Git/electronics/Projects/Eclipse Neon/Workspace/pps_phase_shifter/inc" -I"D:/Uczelnia/Rok V/Semestr 10/Praca Magisterska/Oprogramowanie/Git/electronics/Projects/Eclipse Neon/Workspace/pps_phase_shifter/CMSIS/core" -I"D:/Uczelnia/Rok V/Semestr 10/Praca Magisterska/Oprogramowanie/Git/electronics/Projects/Eclipse Neon/Workspace/pps_phase_shifter/CMSIS/device" -I"D:/Uczelnia/Rok V/Semestr 10/Praca Magisterska/Oprogramowanie/Git/electronics/Projects/Eclipse Neon/Workspace/pps_phase_shifter/HAL_Driver/Inc/Legacy" -I"D:/Uczelnia/Rok V/Semestr 10/Praca Magisterska/Oprogramowanie/Git/electronics/Projects/Eclipse Neon/Workspace/pps_phase_shifter/HAL_Driver/Inc" -O0 -g3 -Wall -fmessage-length=0 -ffunction-sections -c -MMD -MP -MF"src/drivers/pc_comm.d" -MT"src/drivers/pc_comm.o" -o "src/drivers/pc_comm.o" "../src/drivers/pc_comm.c"
'Finished building: ../src/drivers/pc_comm.c'
' '
'Building target: pps_phase_shifter.elf'
'Invoking: MCU G++ Linker'
arm-none-eabi-g++ -mcpu=cortex-m0 -mthumb -mfloat-abi=soft -T"D:\Uczelnia\Rok V\Semestr 10\Praca Magisterska\Oprogramowanie\Git\electronics\Projects\Eclipse Neon\Workspace\pps_phase_shifter\LinkerScript.ld" -Wl,-Map=output.map -Wl,--gc-sections -fno-exceptions -fno-rtti -lm -o "pps_phase_shifter.elf" @"objects.list"  
'Finished building target: pps_phase_shifter.elf'
' '
make --no-print-directory post-build
'Generating binary and Printing size information:'
arm-none-eabi-objcopy -O binary "pps_phase_shifter.elf" "pps_phase_shifter.bin"
arm-none-eabi-size "pps_phase_shifter.elf"
   text	   data	    bss	    dec	    hex	filename
   9900	   1084	   1304	  12288	   3000	pps_phase_shifter.elf
' '
17:34:45 **** Incremental Build of configuration Debug for project pps_phase_shifter ****
make all 
make: Nothing to be done for `all'.
22:10:00 **** Incremental Build of configuration Debug for project pps_phase_shift_cubemx ****
make all 
make: Nothing to be done for `all'.
22:10:03 **** Incremental Build of configuration Debug for project pps_phase_shifter ****
make all 
'Building file: ../src/drivers/pc_comm.c'
'Invoking: MCU GCC Compiler'
D:\Uczelnia\Rok V\Semestr 10\Praca Magisterska\Oprogramowanie\Git\electronics\Projects\Eclipse Neon\Workspace\pps_phase_shifter\Debug
arm-none-eabi-gcc -mcpu=cortex-m0 -mthumb -mfloat-abi=soft -DSTM32F0 -DSTM32 -DSTM32F030K6Tx -DDEBUG -DUSE_HAL_DRIVER -DSTM32F030x6 -I"D:/Uczelnia/Rok V/Semestr 10/Praca Magisterska/Oprogramowanie/Git/electronics/Projects/Eclipse Neon/Workspace/pps_phase_shifter/inc" -I"D:/Uczelnia/Rok V/Semestr 10/Praca Magisterska/Oprogramowanie/Git/electronics/Projects/Eclipse Neon/Workspace/pps_phase_shifter/CMSIS/core" -I"D:/Uczelnia/Rok V/Semestr 10/Praca Magisterska/Oprogramowanie/Git/electronics/Projects/Eclipse Neon/Workspace/pps_phase_shifter/CMSIS/device" -I"D:/Uczelnia/Rok V/Semestr 10/Praca Magisterska/Oprogramowanie/Git/electronics/Projects/Eclipse Neon/Workspace/pps_phase_shifter/HAL_Driver/Inc/Legacy" -I"D:/Uczelnia/Rok V/Semestr 10/Praca Magisterska/Oprogramowanie/Git/electronics/Projects/Eclipse Neon/Workspace/pps_phase_shifter/HAL_Driver/Inc" -O0 -g3 -Wall -fmessage-length=0 -ffunction-sections -c -MMD -MP -MF"src/drivers/pc_comm.d" -MT"src/drivers/pc_comm.o" -o "src/drivers/pc_comm.o" "../src/drivers/pc_comm.c"
'Finished building: ../src/drivers/pc_comm.c'
' '
'Building target: pps_phase_shifter.elf'
'Invoking: MCU G++ Linker'
arm-none-eabi-g++ -mcpu=cortex-m0 -mthumb -mfloat-abi=soft -T"D:\Uczelnia\Rok V\Semestr 10\Praca Magisterska\Oprogramowanie\Git\electronics\Projects\Eclipse Neon\Workspace\pps_phase_shifter\LinkerScript.ld" -Wl,-Map=output.map -Wl,--gc-sections -fno-exceptions -fno-rtti -lm -o "pps_phase_shifter.elf" @"objects.list"  
'Finished building target: pps_phase_shifter.elf'
' '
make --no-print-directory post-build
'Generating binary and Printing size information:'
arm-none-eabi-objcopy -O binary "pps_phase_shifter.elf" "pps_phase_shifter.bin"
arm-none-eabi-size "pps_phase_shifter.elf"
   text	   data	    bss	    dec	    hex	filename
   9900	   1084	   1304	  12288	   3000	pps_phase_shifter.elf
' '
22:10:19 **** Incremental Build of configuration Debug for project pps_phase_shifter ****
make all 
make: Nothing to be done for `all'.
22:13:43 **** Incremental Build of configuration Debug for project pps_phase_shifter ****
make all 
make: Nothing to be done for `all'.
22:18:05 **** Incremental Build of configuration Debug for project pps_phase_shift_cubemx ****
make all 
make: Nothing to be done for `all'.
22:18:07 **** Incremental Build of configuration Debug for project pps_phase_shifter ****
make all 
'Building file: ../src/main.c'
'Invoking: MCU GCC Compiler'
D:\Uczelnia\Rok V\Semestr 10\Praca Magisterska\Oprogramowanie\Git\electronics\Projects\Eclipse Neon\Workspace\pps_phase_shifter\Debug
arm-none-eabi-gcc -mcpu=cortex-m0 -mthumb -mfloat-abi=soft -DSTM32F0 -DSTM32 -DSTM32F030K6Tx -DDEBUG -DUSE_HAL_DRIVER -DSTM32F030x6 -I"D:/Uczelnia/Rok V/Semestr 10/Praca Magisterska/Oprogramowanie/Git/electronics/Projects/Eclipse Neon/Workspace/pps_phase_shifter/inc" -I"D:/Uczelnia/Rok V/Semestr 10/Praca Magisterska/Oprogramowanie/Git/electronics/Projects/Eclipse Neon/Workspace/pps_phase_shifter/CMSIS/core" -I"D:/Uczelnia/Rok V/Semestr 10/Praca Magisterska/Oprogramowanie/Git/electronics/Projects/Eclipse Neon/Workspace/pps_phase_shifter/CMSIS/device" -I"D:/Uczelnia/Rok V/Semestr 10/Praca Magisterska/Oprogramowanie/Git/electronics/Projects/Eclipse Neon/Workspace/pps_phase_shifter/HAL_Driver/Inc/Legacy" -I"D:/Uczelnia/Rok V/Semestr 10/Praca Magisterska/Oprogramowanie/Git/electronics/Projects/Eclipse Neon/Workspace/pps_phase_shifter/HAL_Driver/Inc" -O0 -g3 -Wall -fmessage-length=0 -ffunction-sections -c -MMD -MP -MF"src/main.d" -MT"src/main.o" -o "src/main.o" "../src/main.c"
../src/main.c: In function 'main':
../src/main.c:66:23: warning: unused variable 'dupa' [-Wunused-variable]
     volatile uint32_t dupa = HAL_RCC_GetSysClockFreq();
                       ^
'Finished building: ../src/main.c'
' '
'Building target: pps_phase_shifter.elf'
'Invoking: MCU G++ Linker'
arm-none-eabi-g++ -mcpu=cortex-m0 -mthumb -mfloat-abi=soft -T"D:\Uczelnia\Rok V\Semestr 10\Praca Magisterska\Oprogramowanie\Git\electronics\Projects\Eclipse Neon\Workspace\pps_phase_shifter\LinkerScript.ld" -Wl,-Map=output.map -Wl,--gc-sections -fno-exceptions -fno-rtti -lm -o "pps_phase_shifter.elf" @"objects.list"  
'Finished building target: pps_phase_shifter.elf'
' '
make --no-print-directory post-build
'Generating binary and Printing size information:'
arm-none-eabi-objcopy -O binary "pps_phase_shifter.elf" "pps_phase_shifter.bin"
arm-none-eabi-size "pps_phase_shifter.elf"
   text	   data	    bss	    dec	    hex	filename
   9900	   1084	   1304	  12288	   3000	pps_phase_shifter.elf
' '
22:18:15 **** Incremental Build of configuration Debug for project pps_phase_shifter ****
make all 
make: Nothing to be done for `all'.
22:30:41 **** Incremental Build of configuration Debug for project pps_phase_shift_cubemx ****
make all 
make: Nothing to be done for `all'.
22:30:42 **** Incremental Build of configuration Debug for project pps_phase_shifter ****
make all 
'Building file: ../src/main.c'
'Invoking: MCU GCC Compiler'
D:\Uczelnia\Rok V\Semestr 10\Praca Magisterska\Oprogramowanie\Git\electronics\Projects\Eclipse Neon\Workspace\pps_phase_shifter\Debug
arm-none-eabi-gcc -mcpu=cortex-m0 -mthumb -mfloat-abi=soft -DSTM32F0 -DSTM32 -DSTM32F030K6Tx -DDEBUG -DUSE_HAL_DRIVER -DSTM32F030x6 -I"D:/Uczelnia/Rok V/Semestr 10/Praca Magisterska/Oprogramowanie/Git/electronics/Projects/Eclipse Neon/Workspace/pps_phase_shifter/inc" -I"D:/Uczelnia/Rok V/Semestr 10/Praca Magisterska/Oprogramowanie/Git/electronics/Projects/Eclipse Neon/Workspace/pps_phase_shifter/CMSIS/core" -I"D:/Uczelnia/Rok V/Semestr 10/Praca Magisterska/Oprogramowanie/Git/electronics/Projects/Eclipse Neon/Workspace/pps_phase_shifter/CMSIS/device" -I"D:/Uczelnia/Rok V/Semestr 10/Praca Magisterska/Oprogramowanie/Git/electronics/Projects/Eclipse Neon/Workspace/pps_phase_shifter/HAL_Driver/Inc/Legacy" -I"D:/Uczelnia/Rok V/Semestr 10/Praca Magisterska/Oprogramowanie/Git/electronics/Projects/Eclipse Neon/Workspace/pps_phase_shifter/HAL_Driver/Inc" -O0 -g3 -Wall -fmessage-length=0 -ffunction-sections -c -MMD -MP -MF"src/main.d" -MT"src/main.o" -o "src/main.o" "../src/main.c"
../src/main.c: In function 'main':
../src/main.c:66:23: warning: unused variable 'dupa' [-Wunused-variable]
     volatile uint32_t dupa = HAL_RCC_GetSysClockFreq();
                       ^
'Finished building: ../src/main.c'
' '
'Building target: pps_phase_shifter.elf'
'Invoking: MCU G++ Linker'
arm-none-eabi-g++ -mcpu=cortex-m0 -mthumb -mfloat-abi=soft -T"D:\Uczelnia\Rok V\Semestr 10\Praca Magisterska\Oprogramowanie\Git\electronics\Projects\Eclipse Neon\Workspace\pps_phase_shifter\LinkerScript.ld" -Wl,-Map=output.map -Wl,--gc-sections -fno-exceptions -fno-rtti -lm -o "pps_phase_shifter.elf" @"objects.list"  
'Finished building target: pps_phase_shifter.elf'
' '
make --no-print-directory post-build
'Generating binary and Printing size information:'
arm-none-eabi-objcopy -O binary "pps_phase_shifter.elf" "pps_phase_shifter.bin"
arm-none-eabi-size "pps_phase_shifter.elf"
   text	   data	    bss	    dec	    hex	filename
   9904	   1084	   1304	  12292	   3004	pps_phase_shifter.elf
' '
22:30:59 **** Incremental Build of configuration Debug for project pps_phase_shifter ****
make all 
make: Nothing to be done for `all'.
22:33:20 **** Incremental Build of configuration Debug for project pps_phase_shift_cubemx ****
make all 
make: Nothing to be done for `all'.
22:33:21 **** Incremental Build of configuration Debug for project pps_phase_shifter ****
make all 
'Building file: ../src/main.c'
'Invoking: MCU GCC Compiler'
D:\Uczelnia\Rok V\Semestr 10\Praca Magisterska\Oprogramowanie\Git\electronics\Projects\Eclipse Neon\Workspace\pps_phase_shifter\Debug
arm-none-eabi-gcc -mcpu=cortex-m0 -mthumb -mfloat-abi=soft -DSTM32F0 -DSTM32 -DSTM32F030K6Tx -DDEBUG -DUSE_HAL_DRIVER -DSTM32F030x6 -I"D:/Uczelnia/Rok V/Semestr 10/Praca Magisterska/Oprogramowanie/Git/electronics/Projects/Eclipse Neon/Workspace/pps_phase_shifter/inc" -I"D:/Uczelnia/Rok V/Semestr 10/Praca Magisterska/Oprogramowanie/Git/electronics/Projects/Eclipse Neon/Workspace/pps_phase_shifter/CMSIS/core" -I"D:/Uczelnia/Rok V/Semestr 10/Praca Magisterska/Oprogramowanie/Git/electronics/Projects/Eclipse Neon/Workspace/pps_phase_shifter/CMSIS/device" -I"D:/Uczelnia/Rok V/Semestr 10/Praca Magisterska/Oprogramowanie/Git/electronics/Projects/Eclipse Neon/Workspace/pps_phase_shifter/HAL_Driver/Inc/Legacy" -I"D:/Uczelnia/Rok V/Semestr 10/Praca Magisterska/Oprogramowanie/Git/electronics/Projects/Eclipse Neon/Workspace/pps_phase_shifter/HAL_Driver/Inc" -O0 -g3 -Wall -fmessage-length=0 -ffunction-sections -c -MMD -MP -MF"src/main.d" -MT"src/main.o" -o "src/main.o" "../src/main.c"
../src/main.c: In function 'main':
../src/main.c:84:7: warning: unused variable 'status' [-Wunused-variable]
  bool status = false;
       ^
../src/main.c:66:23: warning: unused variable 'dupa' [-Wunused-variable]
     volatile uint32_t dupa = HAL_RCC_GetSysClockFreq();
                       ^
'Finished building: ../src/main.c'
' '
'Building target: pps_phase_shifter.elf'
'Invoking: MCU G++ Linker'
arm-none-eabi-g++ -mcpu=cortex-m0 -mthumb -mfloat-abi=soft -T"D:\Uczelnia\Rok V\Semestr 10\Praca Magisterska\Oprogramowanie\Git\electronics\Projects\Eclipse Neon\Workspace\pps_phase_shifter\LinkerScript.ld" -Wl,-Map=output.map -Wl,--gc-sections -fno-exceptions -fno-rtti -lm -o "pps_phase_shifter.elf" @"objects.list"  
'Finished building target: pps_phase_shifter.elf'
' '
make --no-print-directory post-build
'Generating binary and Printing size information:'
arm-none-eabi-objcopy -O binary "pps_phase_shifter.elf" "pps_phase_shifter.bin"
arm-none-eabi-size "pps_phase_shifter.elf"
   text	   data	    bss	    dec	    hex	filename
   9932	   1084	   1304	  12320	   3020	pps_phase_shifter.elf
' '
22:33:34 **** Incremental Build of configuration Debug for project pps_phase_shifter ****
make all 
make: Nothing to be done for `all'.
22:37:17 **** Incremental Build of configuration Debug for project pps_phase_shift_cubemx ****
make all 
make: Nothing to be done for `all'.
22:37:19 **** Incremental Build of configuration Debug for project pps_phase_shifter ****
make all 
'Building file: ../src/drivers/pc_comm.c'
'Invoking: MCU GCC Compiler'
D:\Uczelnia\Rok V\Semestr 10\Praca Magisterska\Oprogramowanie\Git\electronics\Projects\Eclipse Neon\Workspace\pps_phase_shifter\Debug
arm-none-eabi-gcc -mcpu=cortex-m0 -mthumb -mfloat-abi=soft -DSTM32F0 -DSTM32 -DSTM32F030K6Tx -DDEBUG -DUSE_HAL_DRIVER -DSTM32F030x6 -I"D:/Uczelnia/Rok V/Semestr 10/Praca Magisterska/Oprogramowanie/Git/electronics/Projects/Eclipse Neon/Workspace/pps_phase_shifter/inc" -I"D:/Uczelnia/Rok V/Semestr 10/Praca Magisterska/Oprogramowanie/Git/electronics/Projects/Eclipse Neon/Workspace/pps_phase_shifter/CMSIS/core" -I"D:/Uczelnia/Rok V/Semestr 10/Praca Magisterska/Oprogramowanie/Git/electronics/Projects/Eclipse Neon/Workspace/pps_phase_shifter/CMSIS/device" -I"D:/Uczelnia/Rok V/Semestr 10/Praca Magisterska/Oprogramowanie/Git/electronics/Projects/Eclipse Neon/Workspace/pps_phase_shifter/HAL_Driver/Inc/Legacy" -I"D:/Uczelnia/Rok V/Semestr 10/Praca Magisterska/Oprogramowanie/Git/electronics/Projects/Eclipse Neon/Workspace/pps_phase_shifter/HAL_Driver/Inc" -O0 -g3 -Wall -fmessage-length=0 -ffunction-sections -c -MMD -MP -MF"src/drivers/pc_comm.d" -MT"src/drivers/pc_comm.o" -o "src/drivers/pc_comm.o" "../src/drivers/pc_comm.c"
'Finished building: ../src/drivers/pc_comm.c'
' '
'Building file: ../src/main.c'
'Invoking: MCU GCC Compiler'
D:\Uczelnia\Rok V\Semestr 10\Praca Magisterska\Oprogramowanie\Git\electronics\Projects\Eclipse Neon\Workspace\pps_phase_shifter\Debug
arm-none-eabi-gcc -mcpu=cortex-m0 -mthumb -mfloat-abi=soft -DSTM32F0 -DSTM32 -DSTM32F030K6Tx -DDEBUG -DUSE_HAL_DRIVER -DSTM32F030x6 -I"D:/Uczelnia/Rok V/Semestr 10/Praca Magisterska/Oprogramowanie/Git/electronics/Projects/Eclipse Neon/Workspace/pps_phase_shifter/inc" -I"D:/Uczelnia/Rok V/Semestr 10/Praca Magisterska/Oprogramowanie/Git/electronics/Projects/Eclipse Neon/Workspace/pps_phase_shifter/CMSIS/core" -I"D:/Uczelnia/Rok V/Semestr 10/Praca Magisterska/Oprogramowanie/Git/electronics/Projects/Eclipse Neon/Workspace/pps_phase_shifter/CMSIS/device" -I"D:/Uczelnia/Rok V/Semestr 10/Praca Magisterska/Oprogramowanie/Git/electronics/Projects/Eclipse Neon/Workspace/pps_phase_shifter/HAL_Driver/Inc/Legacy" -I"D:/Uczelnia/Rok V/Semestr 10/Praca Magisterska/Oprogramowanie/Git/electronics/Projects/Eclipse Neon/Workspace/pps_phase_shifter/HAL_Driver/Inc" -O0 -g3 -Wall -fmessage-length=0 -ffunction-sections -c -MMD -MP -MF"src/main.d" -MT"src/main.o" -o "src/main.o" "../src/main.c"
../src/main.c: In function 'main':
../src/main.c:66:23: warning: unused variable 'dupa' [-Wunused-variable]
     volatile uint32_t dupa = HAL_RCC_GetSysClockFreq();
                       ^
'Finished building: ../src/main.c'
' '
'Building target: pps_phase_shifter.elf'
'Invoking: MCU G++ Linker'
arm-none-eabi-g++ -mcpu=cortex-m0 -mthumb -mfloat-abi=soft -T"D:\Uczelnia\Rok V\Semestr 10\Praca Magisterska\Oprogramowanie\Git\electronics\Projects\Eclipse Neon\Workspace\pps_phase_shifter\LinkerScript.ld" -Wl,-Map=output.map -Wl,--gc-sections -fno-exceptions -fno-rtti -lm -o "pps_phase_shifter.elf" @"objects.list"  
'Finished building target: pps_phase_shifter.elf'
' '
make --no-print-directory post-build
'Generating binary and Printing size information:'
arm-none-eabi-objcopy -O binary "pps_phase_shifter.elf" "pps_phase_shifter.bin"
arm-none-eabi-size "pps_phase_shifter.elf"
   text	   data	    bss	    dec	    hex	filename
   9900	   1084	   1304	  12288	   3000	pps_phase_shifter.elf
' '
22:37:27 **** Incremental Build of configuration Debug for project pps_phase_shifter ****
make all 
make: Nothing to be done for `all'.
22:44:28 **** Incremental Build of configuration Debug for project pps_phase_shift_cubemx ****
make all 
make: Nothing to be done for `all'.
22:44:29 **** Incremental Build of configuration Debug for project pps_phase_shifter ****
make all 
'Building file: ../src/drivers/pc_comm.c'
'Invoking: MCU GCC Compiler'
D:\Uczelnia\Rok V\Semestr 10\Praca Magisterska\Oprogramowanie\Git\electronics\Projects\Eclipse Neon\Workspace\pps_phase_shifter\Debug
arm-none-eabi-gcc -mcpu=cortex-m0 -mthumb -mfloat-abi=soft -DSTM32F0 -DSTM32 -DSTM32F030K6Tx -DDEBUG -DUSE_HAL_DRIVER -DSTM32F030x6 -I"D:/Uczelnia/Rok V/Semestr 10/Praca Magisterska/Oprogramowanie/Git/electronics/Projects/Eclipse Neon/Workspace/pps_phase_shifter/inc" -I"D:/Uczelnia/Rok V/Semestr 10/Praca Magisterska/Oprogramowanie/Git/electronics/Projects/Eclipse Neon/Workspace/pps_phase_shifter/CMSIS/core" -I"D:/Uczelnia/Rok V/Semestr 10/Praca Magisterska/Oprogramowanie/Git/electronics/Projects/Eclipse Neon/Workspace/pps_phase_shifter/CMSIS/device" -I"D:/Uczelnia/Rok V/Semestr 10/Praca Magisterska/Oprogramowanie/Git/electronics/Projects/Eclipse Neon/Workspace/pps_phase_shifter/HAL_Driver/Inc/Legacy" -I"D:/Uczelnia/Rok V/Semestr 10/Praca Magisterska/Oprogramowanie/Git/electronics/Projects/Eclipse Neon/Workspace/pps_phase_shifter/HAL_Driver/Inc" -O0 -g3 -Wall -fmessage-length=0 -ffunction-sections -c -MMD -MP -MF"src/drivers/pc_comm.d" -MT"src/drivers/pc_comm.o" -o "src/drivers/pc_comm.o" "../src/drivers/pc_comm.c"
'Finished building: ../src/drivers/pc_comm.c'
' '
'Building file: ../src/stm32f0xx_it.c'
'Invoking: MCU GCC Compiler'
D:\Uczelnia\Rok V\Semestr 10\Praca Magisterska\Oprogramowanie\Git\electronics\Projects\Eclipse Neon\Workspace\pps_phase_shifter\Debug
arm-none-eabi-gcc -mcpu=cortex-m0 -mthumb -mfloat-abi=soft -DSTM32F0 -DSTM32 -DSTM32F030K6Tx -DDEBUG -DUSE_HAL_DRIVER -DSTM32F030x6 -I"D:/Uczelnia/Rok V/Semestr 10/Praca Magisterska/Oprogramowanie/Git/electronics/Projects/Eclipse Neon/Workspace/pps_phase_shifter/inc" -I"D:/Uczelnia/Rok V/Semestr 10/Praca Magisterska/Oprogramowanie/Git/electronics/Projects/Eclipse Neon/Workspace/pps_phase_shifter/CMSIS/core" -I"D:/Uczelnia/Rok V/Semestr 10/Praca Magisterska/Oprogramowanie/Git/electronics/Projects/Eclipse Neon/Workspace/pps_phase_shifter/CMSIS/device" -I"D:/Uczelnia/Rok V/Semestr 10/Praca Magisterska/Oprogramowanie/Git/electronics/Projects/Eclipse Neon/Workspace/pps_phase_shifter/HAL_Driver/Inc/Legacy" -I"D:/Uczelnia/Rok V/Semestr 10/Praca Magisterska/Oprogramowanie/Git/electronics/Projects/Eclipse Neon/Workspace/pps_phase_shifter/HAL_Driver/Inc" -O0 -g3 -Wall -fmessage-length=0 -ffunction-sections -c -MMD -MP -MF"src/stm32f0xx_it.d" -MT"src/stm32f0xx_it.o" -o "src/stm32f0xx_it.o" "../src/stm32f0xx_it.c"
'Finished building: ../src/stm32f0xx_it.c'
' '
'Building target: pps_phase_shifter.elf'
'Invoking: MCU G++ Linker'
arm-none-eabi-g++ -mcpu=cortex-m0 -mthumb -mfloat-abi=soft -T"D:\Uczelnia\Rok V\Semestr 10\Praca Magisterska\Oprogramowanie\Git\electronics\Projects\Eclipse Neon\Workspace\pps_phase_shifter\LinkerScript.ld" -Wl,-Map=output.map -Wl,--gc-sections -fno-exceptions -fno-rtti -lm -o "pps_phase_shifter.elf" @"objects.list"  
'Finished building target: pps_phase_shifter.elf'
' '
make --no-print-directory post-build
'Generating binary and Printing size information:'
arm-none-eabi-objcopy -O binary "pps_phase_shifter.elf" "pps_phase_shifter.bin"
arm-none-eabi-size "pps_phase_shifter.elf"
   text	   data	    bss	    dec	    hex	filename
   9908	   1084	   1304	  12296	   3008	pps_phase_shifter.elf
' '
22:44:39 **** Incremental Build of configuration Debug for project pps_phase_shifter ****
make all 
make: Nothing to be done for `all'.
22:44:51 **** Incremental Build of configuration Debug for project pps_phase_shifter ****
make all 
make: Nothing to be done for `all'.
22:52:53 **** Incremental Build of configuration Debug for project pps_phase_shift_cubemx ****
make all 
make: Nothing to be done for `all'.
22:52:55 **** Incremental Build of configuration Debug for project pps_phase_shifter ****
make all 
'Building file: ../src/drivers/pc_comm.c'
'Invoking: MCU GCC Compiler'
D:\Uczelnia\Rok V\Semestr 10\Praca Magisterska\Oprogramowanie\Git\electronics\Projects\Eclipse Neon\Workspace\pps_phase_shifter\Debug
arm-none-eabi-gcc -mcpu=cortex-m0 -mthumb -mfloat-abi=soft -DSTM32F0 -DSTM32 -DSTM32F030K6Tx -DDEBUG -DUSE_HAL_DRIVER -DSTM32F030x6 -I"D:/Uczelnia/Rok V/Semestr 10/Praca Magisterska/Oprogramowanie/Git/electronics/Projects/Eclipse Neon/Workspace/pps_phase_shifter/inc" -I"D:/Uczelnia/Rok V/Semestr 10/Praca Magisterska/Oprogramowanie/Git/electronics/Projects/Eclipse Neon/Workspace/pps_phase_shifter/CMSIS/core" -I"D:/Uczelnia/Rok V/Semestr 10/Praca Magisterska/Oprogramowanie/Git/electronics/Projects/Eclipse Neon/Workspace/pps_phase_shifter/CMSIS/device" -I"D:/Uczelnia/Rok V/Semestr 10/Praca Magisterska/Oprogramowanie/Git/electronics/Projects/Eclipse Neon/Workspace/pps_phase_shifter/HAL_Driver/Inc/Legacy" -I"D:/Uczelnia/Rok V/Semestr 10/Praca Magisterska/Oprogramowanie/Git/electronics/Projects/Eclipse Neon/Workspace/pps_phase_shifter/HAL_Driver/Inc" -O0 -g3 -Wall -fmessage-length=0 -ffunction-sections -c -MMD -MP -MF"src/drivers/pc_comm.d" -MT"src/drivers/pc_comm.o" -o "src/drivers/pc_comm.o" "../src/drivers/pc_comm.c"
../src/drivers/pc_comm.c: In function 'HAL_UART_MspInit':
../src/drivers/pc_comm.c:61:32: error: 'DMA_CIRCULARL' undeclared (first use in this function)
     hdma_usart1_tx.Init.Mode = DMA_CIRCULARL;
                                ^
../src/drivers/pc_comm.c:61:32: note: each undeclared identifier is reported only once for each function it appears in
make: *** [src/drivers/pc_comm.o] Error 1
22:53:04 **** Incremental Build of configuration Debug for project pps_phase_shift_cubemx ****
make all 
make: Nothing to be done for `all'.
22:53:05 **** Incremental Build of configuration Debug for project pps_phase_shifter ****
make all 
'Building file: ../src/drivers/pc_comm.c'
'Invoking: MCU GCC Compiler'
D:\Uczelnia\Rok V\Semestr 10\Praca Magisterska\Oprogramowanie\Git\electronics\Projects\Eclipse Neon\Workspace\pps_phase_shifter\Debug
arm-none-eabi-gcc -mcpu=cortex-m0 -mthumb -mfloat-abi=soft -DSTM32F0 -DSTM32 -DSTM32F030K6Tx -DDEBUG -DUSE_HAL_DRIVER -DSTM32F030x6 -I"D:/Uczelnia/Rok V/Semestr 10/Praca Magisterska/Oprogramowanie/Git/electronics/Projects/Eclipse Neon/Workspace/pps_phase_shifter/inc" -I"D:/Uczelnia/Rok V/Semestr 10/Praca Magisterska/Oprogramowanie/Git/electronics/Projects/Eclipse Neon/Workspace/pps_phase_shifter/CMSIS/core" -I"D:/Uczelnia/Rok V/Semestr 10/Praca Magisterska/Oprogramowanie/Git/electronics/Projects/Eclipse Neon/Workspace/pps_phase_shifter/CMSIS/device" -I"D:/Uczelnia/Rok V/Semestr 10/Praca Magisterska/Oprogramowanie/Git/electronics/Projects/Eclipse Neon/Workspace/pps_phase_shifter/HAL_Driver/Inc/Legacy" -I"D:/Uczelnia/Rok V/Semestr 10/Praca Magisterska/Oprogramowanie/Git/electronics/Projects/Eclipse Neon/Workspace/pps_phase_shifter/HAL_Driver/Inc" -O0 -g3 -Wall -fmessage-length=0 -ffunction-sections -c -MMD -MP -MF"src/drivers/pc_comm.d" -MT"src/drivers/pc_comm.o" -o "src/drivers/pc_comm.o" "../src/drivers/pc_comm.c"
'Finished building: ../src/drivers/pc_comm.c'
' '
'Building file: ../src/stm32f0xx_it.c'
'Invoking: MCU GCC Compiler'
D:\Uczelnia\Rok V\Semestr 10\Praca Magisterska\Oprogramowanie\Git\electronics\Projects\Eclipse Neon\Workspace\pps_phase_shifter\Debug
arm-none-eabi-gcc -mcpu=cortex-m0 -mthumb -mfloat-abi=soft -DSTM32F0 -DSTM32 -DSTM32F030K6Tx -DDEBUG -DUSE_HAL_DRIVER -DSTM32F030x6 -I"D:/Uczelnia/Rok V/Semestr 10/Praca Magisterska/Oprogramowanie/Git/electronics/Projects/Eclipse Neon/Workspace/pps_phase_shifter/inc" -I"D:/Uczelnia/Rok V/Semestr 10/Praca Magisterska/Oprogramowanie/Git/electronics/Projects/Eclipse Neon/Workspace/pps_phase_shifter/CMSIS/core" -I"D:/Uczelnia/Rok V/Semestr 10/Praca Magisterska/Oprogramowanie/Git/electronics/Projects/Eclipse Neon/Workspace/pps_phase_shifter/CMSIS/device" -I"D:/Uczelnia/Rok V/Semestr 10/Praca Magisterska/Oprogramowanie/Git/electronics/Projects/Eclipse Neon/Workspace/pps_phase_shifter/HAL_Driver/Inc/Legacy" -I"D:/Uczelnia/Rok V/Semestr 10/Praca Magisterska/Oprogramowanie/Git/electronics/Projects/Eclipse Neon/Workspace/pps_phase_shifter/HAL_Driver/Inc" -O0 -g3 -Wall -fmessage-length=0 -ffunction-sections -c -MMD -MP -MF"src/stm32f0xx_it.d" -MT"src/stm32f0xx_it.o" -o "src/stm32f0xx_it.o" "../src/stm32f0xx_it.c"
'Finished building: ../src/stm32f0xx_it.c'
' '
'Building target: pps_phase_shifter.elf'
'Invoking: MCU G++ Linker'
arm-none-eabi-g++ -mcpu=cortex-m0 -mthumb -mfloat-abi=soft -T"D:\Uczelnia\Rok V\Semestr 10\Praca Magisterska\Oprogramowanie\Git\electronics\Projects\Eclipse Neon\Workspace\pps_phase_shifter\LinkerScript.ld" -Wl,-Map=output.map -Wl,--gc-sections -fno-exceptions -fno-rtti -lm -o "pps_phase_shifter.elf" @"objects.list"  
'Finished building target: pps_phase_shifter.elf'
' '
make --no-print-directory post-build
'Generating binary and Printing size information:'
arm-none-eabi-objcopy -O binary "pps_phase_shifter.elf" "pps_phase_shifter.bin"
arm-none-eabi-size "pps_phase_shifter.elf"
   text	   data	    bss	    dec	    hex	filename
   9900	   1084	   1304	  12288	   3000	pps_phase_shifter.elf
' '
22:53:14 **** Incremental Build of configuration Debug for project pps_phase_shifter ****
make all 
make: Nothing to be done for `all'.
22:53:42 **** Incremental Build of configuration Debug for project pps_phase_shifter ****
make all 
make: Nothing to be done for `all'.
22:55:11 **** Incremental Build of configuration Debug for project pps_phase_shift_cubemx ****
make all 
make: Nothing to be done for `all'.
22:55:12 **** Incremental Build of configuration Debug for project pps_phase_shifter ****
make all 
'Building file: ../src/drivers/pc_comm.c'
'Invoking: MCU GCC Compiler'
D:\Uczelnia\Rok V\Semestr 10\Praca Magisterska\Oprogramowanie\Git\electronics\Projects\Eclipse Neon\Workspace\pps_phase_shifter\Debug
arm-none-eabi-gcc -mcpu=cortex-m0 -mthumb -mfloat-abi=soft -DSTM32F0 -DSTM32 -DSTM32F030K6Tx -DDEBUG -DUSE_HAL_DRIVER -DSTM32F030x6 -I"D:/Uczelnia/Rok V/Semestr 10/Praca Magisterska/Oprogramowanie/Git/electronics/Projects/Eclipse Neon/Workspace/pps_phase_shifter/inc" -I"D:/Uczelnia/Rok V/Semestr 10/Praca Magisterska/Oprogramowanie/Git/electronics/Projects/Eclipse Neon/Workspace/pps_phase_shifter/CMSIS/core" -I"D:/Uczelnia/Rok V/Semestr 10/Praca Magisterska/Oprogramowanie/Git/electronics/Projects/Eclipse Neon/Workspace/pps_phase_shifter/CMSIS/device" -I"D:/Uczelnia/Rok V/Semestr 10/Praca Magisterska/Oprogramowanie/Git/electronics/Projects/Eclipse Neon/Workspace/pps_phase_shifter/HAL_Driver/Inc/Legacy" -I"D:/Uczelnia/Rok V/Semestr 10/Praca Magisterska/Oprogramowanie/Git/electronics/Projects/Eclipse Neon/Workspace/pps_phase_shifter/HAL_Driver/Inc" -O0 -g3 -Wall -fmessage-length=0 -ffunction-sections -c -MMD -MP -MF"src/drivers/pc_comm.d" -MT"src/drivers/pc_comm.o" -o "src/drivers/pc_comm.o" "../src/drivers/pc_comm.c"
'Finished building: ../src/drivers/pc_comm.c'
' '
'Building target: pps_phase_shifter.elf'
'Invoking: MCU G++ Linker'
arm-none-eabi-g++ -mcpu=cortex-m0 -mthumb -mfloat-abi=soft -T"D:\Uczelnia\Rok V\Semestr 10\Praca Magisterska\Oprogramowanie\Git\electronics\Projects\Eclipse Neon\Workspace\pps_phase_shifter\LinkerScript.ld" -Wl,-Map=output.map -Wl,--gc-sections -fno-exceptions -fno-rtti -lm -o "pps_phase_shifter.elf" @"objects.list"  
'Finished building target: pps_phase_shifter.elf'
' '
make --no-print-directory post-build
'Generating binary and Printing size information:'
arm-none-eabi-objcopy -O binary "pps_phase_shifter.elf" "pps_phase_shifter.bin"
arm-none-eabi-size "pps_phase_shifter.elf"
   text	   data	    bss	    dec	    hex	filename
   9900	   1084	   1304	  12288	   3000	pps_phase_shifter.elf
' '
22:55:30 **** Incremental Build of configuration Debug for project pps_phase_shift_cubemx ****
make all 
make: Nothing to be done for `all'.
22:55:32 **** Incremental Build of configuration Debug for project pps_phase_shifter ****
make all 
'Building file: ../src/main.c'
'Invoking: MCU GCC Compiler'
D:\Uczelnia\Rok V\Semestr 10\Praca Magisterska\Oprogramowanie\Git\electronics\Projects\Eclipse Neon\Workspace\pps_phase_shifter\Debug
arm-none-eabi-gcc -mcpu=cortex-m0 -mthumb -mfloat-abi=soft -DSTM32F0 -DSTM32 -DSTM32F030K6Tx -DDEBUG -DUSE_HAL_DRIVER -DSTM32F030x6 -I"D:/Uczelnia/Rok V/Semestr 10/Praca Magisterska/Oprogramowanie/Git/electronics/Projects/Eclipse Neon/Workspace/pps_phase_shifter/inc" -I"D:/Uczelnia/Rok V/Semestr 10/Praca Magisterska/Oprogramowanie/Git/electronics/Projects/Eclipse Neon/Workspace/pps_phase_shifter/CMSIS/core" -I"D:/Uczelnia/Rok V/Semestr 10/Praca Magisterska/Oprogramowanie/Git/electronics/Projects/Eclipse Neon/Workspace/pps_phase_shifter/CMSIS/device" -I"D:/Uczelnia/Rok V/Semestr 10/Praca Magisterska/Oprogramowanie/Git/electronics/Projects/Eclipse Neon/Workspace/pps_phase_shifter/HAL_Driver/Inc/Legacy" -I"D:/Uczelnia/Rok V/Semestr 10/Praca Magisterska/Oprogramowanie/Git/electronics/Projects/Eclipse Neon/Workspace/pps_phase_shifter/HAL_Driver/Inc" -O0 -g3 -Wall -fmessage-length=0 -ffunction-sections -c -MMD -MP -MF"src/main.d" -MT"src/main.o" -o "src/main.o" "../src/main.c"
../src/main.c: In function 'main':
../src/main.c:66:23: warning: unused variable 'dupa' [-Wunused-variable]
     volatile uint32_t dupa = HAL_RCC_GetSysClockFreq();
                       ^
'Finished building: ../src/main.c'
' '
'Building target: pps_phase_shifter.elf'
'Invoking: MCU G++ Linker'
arm-none-eabi-g++ -mcpu=cortex-m0 -mthumb -mfloat-abi=soft -T"D:\Uczelnia\Rok V\Semestr 10\Praca Magisterska\Oprogramowanie\Git\electronics\Projects\Eclipse Neon\Workspace\pps_phase_shifter\LinkerScript.ld" -Wl,-Map=output.map -Wl,--gc-sections -fno-exceptions -fno-rtti -lm -o "pps_phase_shifter.elf" @"objects.list"  
'Finished building target: pps_phase_shifter.elf'
' '
make --no-print-directory post-build
'Generating binary and Printing size information:'
arm-none-eabi-objcopy -O binary "pps_phase_shifter.elf" "pps_phase_shifter.bin"
arm-none-eabi-size "pps_phase_shifter.elf"
   text	   data	    bss	    dec	    hex	filename
   9900	   1084	   1304	  12288	   3000	pps_phase_shifter.elf
' '
22:55:41 **** Incremental Build of configuration Debug for project pps_phase_shifter ****
make all 
make: Nothing to be done for `all'.
22:56:38 **** Incremental Build of configuration Debug for project pps_phase_shift_cubemx ****
make all 
make: Nothing to be done for `all'.
22:56:39 **** Incremental Build of configuration Debug for project pps_phase_shifter ****
make all 
'Building file: ../src/main.c'
'Invoking: MCU GCC Compiler'
D:\Uczelnia\Rok V\Semestr 10\Praca Magisterska\Oprogramowanie\Git\electronics\Projects\Eclipse Neon\Workspace\pps_phase_shifter\Debug
arm-none-eabi-gcc -mcpu=cortex-m0 -mthumb -mfloat-abi=soft -DSTM32F0 -DSTM32 -DSTM32F030K6Tx -DDEBUG -DUSE_HAL_DRIVER -DSTM32F030x6 -I"D:/Uczelnia/Rok V/Semestr 10/Praca Magisterska/Oprogramowanie/Git/electronics/Projects/Eclipse Neon/Workspace/pps_phase_shifter/inc" -I"D:/Uczelnia/Rok V/Semestr 10/Praca Magisterska/Oprogramowanie/Git/electronics/Projects/Eclipse Neon/Workspace/pps_phase_shifter/CMSIS/core" -I"D:/Uczelnia/Rok V/Semestr 10/Praca Magisterska/Oprogramowanie/Git/electronics/Projects/Eclipse Neon/Workspace/pps_phase_shifter/CMSIS/device" -I"D:/Uczelnia/Rok V/Semestr 10/Praca Magisterska/Oprogramowanie/Git/electronics/Projects/Eclipse Neon/Workspace/pps_phase_shifter/HAL_Driver/Inc/Legacy" -I"D:/Uczelnia/Rok V/Semestr 10/Praca Magisterska/Oprogramowanie/Git/electronics/Projects/Eclipse Neon/Workspace/pps_phase_shifter/HAL_Driver/Inc" -O0 -g3 -Wall -fmessage-length=0 -ffunction-sections -c -MMD -MP -MF"src/main.d" -MT"src/main.o" -o "src/main.o" "../src/main.c"
../src/main.c: In function 'main':
../src/main.c:66:23: warning: unused variable 'dupa' [-Wunused-variable]
     volatile uint32_t dupa = HAL_RCC_GetSysClockFreq();
                       ^
'Finished building: ../src/main.c'
' '
'Building target: pps_phase_shifter.elf'
'Invoking: MCU G++ Linker'
arm-none-eabi-g++ -mcpu=cortex-m0 -mthumb -mfloat-abi=soft -T"D:\Uczelnia\Rok V\Semestr 10\Praca Magisterska\Oprogramowanie\Git\electronics\Projects\Eclipse Neon\Workspace\pps_phase_shifter\LinkerScript.ld" -Wl,-Map=output.map -Wl,--gc-sections -fno-exceptions -fno-rtti -lm -o "pps_phase_shifter.elf" @"objects.list"  
'Finished building target: pps_phase_shifter.elf'
' '
make --no-print-directory post-build
'Generating binary and Printing size information:'
arm-none-eabi-objcopy -O binary "pps_phase_shifter.elf" "pps_phase_shifter.bin"
arm-none-eabi-size "pps_phase_shifter.elf"
   text	   data	    bss	    dec	    hex	filename
   9892	   1084	   1304	  12280	   2ff8	pps_phase_shifter.elf
' '
22:56:48 **** Incremental Build of configuration Debug for project pps_phase_shifter ****
make all 
make: Nothing to be done for `all'.
22:57:40 **** Incremental Build of configuration Debug for project pps_phase_shift_cubemx ****
make all 
make: Nothing to be done for `all'.
22:57:41 **** Incremental Build of configuration Debug for project pps_phase_shifter ****
make all 
'Building file: ../src/main.c'
'Invoking: MCU GCC Compiler'
D:\Uczelnia\Rok V\Semestr 10\Praca Magisterska\Oprogramowanie\Git\electronics\Projects\Eclipse Neon\Workspace\pps_phase_shifter\Debug
arm-none-eabi-gcc -mcpu=cortex-m0 -mthumb -mfloat-abi=soft -DSTM32F0 -DSTM32 -DSTM32F030K6Tx -DDEBUG -DUSE_HAL_DRIVER -DSTM32F030x6 -I"D:/Uczelnia/Rok V/Semestr 10/Praca Magisterska/Oprogramowanie/Git/electronics/Projects/Eclipse Neon/Workspace/pps_phase_shifter/inc" -I"D:/Uczelnia/Rok V/Semestr 10/Praca Magisterska/Oprogramowanie/Git/electronics/Projects/Eclipse Neon/Workspace/pps_phase_shifter/CMSIS/core" -I"D:/Uczelnia/Rok V/Semestr 10/Praca Magisterska/Oprogramowanie/Git/electronics/Projects/Eclipse Neon/Workspace/pps_phase_shifter/CMSIS/device" -I"D:/Uczelnia/Rok V/Semestr 10/Praca Magisterska/Oprogramowanie/Git/electronics/Projects/Eclipse Neon/Workspace/pps_phase_shifter/HAL_Driver/Inc/Legacy" -I"D:/Uczelnia/Rok V/Semestr 10/Praca Magisterska/Oprogramowanie/Git/electronics/Projects/Eclipse Neon/Workspace/pps_phase_shifter/HAL_Driver/Inc" -O0 -g3 -Wall -fmessage-length=0 -ffunction-sections -c -MMD -MP -MF"src/main.d" -MT"src/main.o" -o "src/main.o" "../src/main.c"
../src/main.c: In function 'main':
../src/main.c:88:12: error: lvalue required as increment operand
      s_data++;
            ^
../src/main.c:66:23: warning: unused variable 'dupa' [-Wunused-variable]
     volatile uint32_t dupa = HAL_RCC_GetSysClockFreq();
                       ^
make: *** [src/main.o] Error 1
22:58:45 **** Incremental Build of configuration Debug for project pps_phase_shift_cubemx ****
make all 
make: Nothing to be done for `all'.
22:58:46 **** Incremental Build of configuration Debug for project pps_phase_shifter ****
make all 
'Building file: ../src/main.c'
'Invoking: MCU GCC Compiler'
D:\Uczelnia\Rok V\Semestr 10\Praca Magisterska\Oprogramowanie\Git\electronics\Projects\Eclipse Neon\Workspace\pps_phase_shifter\Debug
arm-none-eabi-gcc -mcpu=cortex-m0 -mthumb -mfloat-abi=soft -DSTM32F0 -DSTM32 -DSTM32F030K6Tx -DDEBUG -DUSE_HAL_DRIVER -DSTM32F030x6 -I"D:/Uczelnia/Rok V/Semestr 10/Praca Magisterska/Oprogramowanie/Git/electronics/Projects/Eclipse Neon/Workspace/pps_phase_shifter/inc" -I"D:/Uczelnia/Rok V/Semestr 10/Praca Magisterska/Oprogramowanie/Git/electronics/Projects/Eclipse Neon/Workspace/pps_phase_shifter/CMSIS/core" -I"D:/Uczelnia/Rok V/Semestr 10/Praca Magisterska/Oprogramowanie/Git/electronics/Projects/Eclipse Neon/Workspace/pps_phase_shifter/CMSIS/device" -I"D:/Uczelnia/Rok V/Semestr 10/Praca Magisterska/Oprogramowanie/Git/electronics/Projects/Eclipse Neon/Workspace/pps_phase_shifter/HAL_Driver/Inc/Legacy" -I"D:/Uczelnia/Rok V/Semestr 10/Praca Magisterska/Oprogramowanie/Git/electronics/Projects/Eclipse Neon/Workspace/pps_phase_shifter/HAL_Driver/Inc" -O0 -g3 -Wall -fmessage-length=0 -ffunction-sections -c -MMD -MP -MF"src/main.d" -MT"src/main.o" -o "src/main.o" "../src/main.c"
../src/main.c: In function 'main':
../src/main.c:93:24: error: 'pointer' undeclared (first use in this function)
      pc_comm_send_data(pointer, 5);
                        ^
../src/main.c:93:24: note: each undeclared identifier is reported only once for each function it appears in
../src/main.c:66:23: warning: unused variable 'dupa' [-Wunused-variable]
     volatile uint32_t dupa = HAL_RCC_GetSysClockFreq();
                       ^
make: *** [src/main.o] Error 1
22:59:01 **** Incremental Build of configuration Debug for project pps_phase_shift_cubemx ****
make all 
make: Nothing to be done for `all'.
22:59:02 **** Incremental Build of configuration Debug for project pps_phase_shifter ****
make all 
'Building file: ../src/main.c'
'Invoking: MCU GCC Compiler'
D:\Uczelnia\Rok V\Semestr 10\Praca Magisterska\Oprogramowanie\Git\electronics\Projects\Eclipse Neon\Workspace\pps_phase_shifter\Debug
arm-none-eabi-gcc -mcpu=cortex-m0 -mthumb -mfloat-abi=soft -DSTM32F0 -DSTM32 -DSTM32F030K6Tx -DDEBUG -DUSE_HAL_DRIVER -DSTM32F030x6 -I"D:/Uczelnia/Rok V/Semestr 10/Praca Magisterska/Oprogramowanie/Git/electronics/Projects/Eclipse Neon/Workspace/pps_phase_shifter/inc" -I"D:/Uczelnia/Rok V/Semestr 10/Praca Magisterska/Oprogramowanie/Git/electronics/Projects/Eclipse Neon/Workspace/pps_phase_shifter/CMSIS/core" -I"D:/Uczelnia/Rok V/Semestr 10/Praca Magisterska/Oprogramowanie/Git/electronics/Projects/Eclipse Neon/Workspace/pps_phase_shifter/CMSIS/device" -I"D:/Uczelnia/Rok V/Semestr 10/Praca Magisterska/Oprogramowanie/Git/electronics/Projects/Eclipse Neon/Workspace/pps_phase_shifter/HAL_Driver/Inc/Legacy" -I"D:/Uczelnia/Rok V/Semestr 10/Praca Magisterska/Oprogramowanie/Git/electronics/Projects/Eclipse Neon/Workspace/pps_phase_shifter/HAL_Driver/Inc" -O0 -g3 -Wall -fmessage-length=0 -ffunction-sections -c -MMD -MP -MF"src/main.d" -MT"src/main.o" -o "src/main.o" "../src/main.c"
../src/main.c: In function 'main':
../src/main.c:66:23: warning: unused variable 'dupa' [-Wunused-variable]
     volatile uint32_t dupa = HAL_RCC_GetSysClockFreq();
                       ^
'Finished building: ../src/main.c'
' '
'Building target: pps_phase_shifter.elf'
'Invoking: MCU G++ Linker'
arm-none-eabi-g++ -mcpu=cortex-m0 -mthumb -mfloat-abi=soft -T"D:\Uczelnia\Rok V\Semestr 10\Praca Magisterska\Oprogramowanie\Git\electronics\Projects\Eclipse Neon\Workspace\pps_phase_shifter\LinkerScript.ld" -Wl,-Map=output.map -Wl,--gc-sections -fno-exceptions -fno-rtti -lm -o "pps_phase_shifter.elf" @"objects.list"  
'Finished building target: pps_phase_shifter.elf'
' '
make --no-print-directory post-build
'Generating binary and Printing size information:'
arm-none-eabi-objcopy -O binary "pps_phase_shifter.elf" "pps_phase_shifter.bin"
arm-none-eabi-size "pps_phase_shifter.elf"
   text	   data	    bss	    dec	    hex	filename
   9908	   1084	   1304	  12296	   3008	pps_phase_shifter.elf
' '
22:59:16 **** Incremental Build of configuration Debug for project pps_phase_shifter ****
make all 
make: Nothing to be done for `all'.
23:06:37 **** Incremental Build of configuration Debug for project pps_phase_shift_cubemx ****
make all 
make: Nothing to be done for `all'.
23:06:38 **** Incremental Build of configuration Debug for project pps_phase_shifter ****
make all 
'Building file: ../src/main.c'
'Invoking: MCU GCC Compiler'
D:\Uczelnia\Rok V\Semestr 10\Praca Magisterska\Oprogramowanie\Git\electronics\Projects\Eclipse Neon\Workspace\pps_phase_shifter\Debug
arm-none-eabi-gcc -mcpu=cortex-m0 -mthumb -mfloat-abi=soft -DSTM32F0 -DSTM32 -DSTM32F030K6Tx -DDEBUG -DUSE_HAL_DRIVER -DSTM32F030x6 -I"D:/Uczelnia/Rok V/Semestr 10/Praca Magisterska/Oprogramowanie/Git/electronics/Projects/Eclipse Neon/Workspace/pps_phase_shifter/inc" -I"D:/Uczelnia/Rok V/Semestr 10/Praca Magisterska/Oprogramowanie/Git/electronics/Projects/Eclipse Neon/Workspace/pps_phase_shifter/CMSIS/core" -I"D:/Uczelnia/Rok V/Semestr 10/Praca Magisterska/Oprogramowanie/Git/electronics/Projects/Eclipse Neon/Workspace/pps_phase_shifter/CMSIS/device" -I"D:/Uczelnia/Rok V/Semestr 10/Praca Magisterska/Oprogramowanie/Git/electronics/Projects/Eclipse Neon/Workspace/pps_phase_shifter/HAL_Driver/Inc/Legacy" -I"D:/Uczelnia/Rok V/Semestr 10/Praca Magisterska/Oprogramowanie/Git/electronics/Projects/Eclipse Neon/Workspace/pps_phase_shifter/HAL_Driver/Inc" -O0 -g3 -Wall -fmessage-length=0 -ffunction-sections -c -MMD -MP -MF"src/main.d" -MT"src/main.o" -o "src/main.o" "../src/main.c"
../src/main.c: In function 'main':
../src/main.c:83:21: warning: initialization makes pointer from integer without a cast [-Wint-conversion]
  uint8_t* pointer = s_data;
                     ^
../src/main.c:66:23: warning: unused variable 'dupa' [-Wunused-variable]
     volatile uint32_t dupa = HAL_RCC_GetSysClockFreq();
                       ^
'Finished building: ../src/main.c'
' '
'Building target: pps_phase_shifter.elf'
'Invoking: MCU G++ Linker'
arm-none-eabi-g++ -mcpu=cortex-m0 -mthumb -mfloat-abi=soft -T"D:\Uczelnia\Rok V\Semestr 10\Praca Magisterska\Oprogramowanie\Git\electronics\Projects\Eclipse Neon\Workspace\pps_phase_shifter\LinkerScript.ld" -Wl,-Map=output.map -Wl,--gc-sections -fno-exceptions -fno-rtti -lm -o "pps_phase_shifter.elf" @"objects.list"  
'Finished building target: pps_phase_shifter.elf'
' '
make --no-print-directory post-build
'Generating binary and Printing size information:'
arm-none-eabi-objcopy -O binary "pps_phase_shifter.elf" "pps_phase_shifter.bin"
arm-none-eabi-size "pps_phase_shifter.elf"
   text	   data	    bss	    dec	    hex	filename
   9880	   1084	   1304	  12268	   2fec	pps_phase_shifter.elf
' '
23:06:46 **** Incremental Build of configuration Debug for project pps_phase_shifter ****
make all 
make: Nothing to be done for `all'.
23:08:55 **** Incremental Build of configuration Debug for project pps_phase_shift_cubemx ****
make all 
make: Nothing to be done for `all'.
23:08:56 **** Incremental Build of configuration Debug for project pps_phase_shifter ****
make all 
'Building file: ../src/main.c'
'Invoking: MCU GCC Compiler'
D:\Uczelnia\Rok V\Semestr 10\Praca Magisterska\Oprogramowanie\Git\electronics\Projects\Eclipse Neon\Workspace\pps_phase_shifter\Debug
arm-none-eabi-gcc -mcpu=cortex-m0 -mthumb -mfloat-abi=soft -DSTM32F0 -DSTM32 -DSTM32F030K6Tx -DDEBUG -DUSE_HAL_DRIVER -DSTM32F030x6 -I"D:/Uczelnia/Rok V/Semestr 10/Praca Magisterska/Oprogramowanie/Git/electronics/Projects/Eclipse Neon/Workspace/pps_phase_shifter/inc" -I"D:/Uczelnia/Rok V/Semestr 10/Praca Magisterska/Oprogramowanie/Git/electronics/Projects/Eclipse Neon/Workspace/pps_phase_shifter/CMSIS/core" -I"D:/Uczelnia/Rok V/Semestr 10/Praca Magisterska/Oprogramowanie/Git/electronics/Projects/Eclipse Neon/Workspace/pps_phase_shifter/CMSIS/device" -I"D:/Uczelnia/Rok V/Semestr 10/Praca Magisterska/Oprogramowanie/Git/electronics/Projects/Eclipse Neon/Workspace/pps_phase_shifter/HAL_Driver/Inc/Legacy" -I"D:/Uczelnia/Rok V/Semestr 10/Praca Magisterska/Oprogramowanie/Git/electronics/Projects/Eclipse Neon/Workspace/pps_phase_shifter/HAL_Driver/Inc" -O0 -g3 -Wall -fmessage-length=0 -ffunction-sections -c -MMD -MP -MF"src/main.d" -MT"src/main.o" -o "src/main.o" "../src/main.c"
../src/main.c: In function 'main':
../src/main.c:66:23: warning: unused variable 'dupa' [-Wunused-variable]
     volatile uint32_t dupa = HAL_RCC_GetSysClockFreq();
                       ^
'Finished building: ../src/main.c'
' '
'Building target: pps_phase_shifter.elf'
'Invoking: MCU G++ Linker'
arm-none-eabi-g++ -mcpu=cortex-m0 -mthumb -mfloat-abi=soft -T"D:\Uczelnia\Rok V\Semestr 10\Praca Magisterska\Oprogramowanie\Git\electronics\Projects\Eclipse Neon\Workspace\pps_phase_shifter\LinkerScript.ld" -Wl,-Map=output.map -Wl,--gc-sections -fno-exceptions -fno-rtti -lm -o "pps_phase_shifter.elf" @"objects.list"  
'Finished building target: pps_phase_shifter.elf'
' '
make --no-print-directory post-build
'Generating binary and Printing size information:'
arm-none-eabi-objcopy -O binary "pps_phase_shifter.elf" "pps_phase_shifter.bin"
arm-none-eabi-size "pps_phase_shifter.elf"
   text	   data	    bss	    dec	    hex	filename
   9884	   1084	   1304	  12272	   2ff0	pps_phase_shifter.elf
' '
23:09:07 **** Incremental Build of configuration Debug for project pps_phase_shifter ****
make all 
make: Nothing to be done for `all'.
23:15:41 **** Incremental Build of configuration Debug for project pps_phase_shift_cubemx ****
make all 
make: Nothing to be done for `all'.
23:15:43 **** Incremental Build of configuration Debug for project pps_phase_shifter ****
make all 
'Building file: ../src/drivers/pc_comm.c'
'Invoking: MCU GCC Compiler'
D:\Uczelnia\Rok V\Semestr 10\Praca Magisterska\Oprogramowanie\Git\electronics\Projects\Eclipse Neon\Workspace\pps_phase_shifter\Debug
arm-none-eabi-gcc -mcpu=cortex-m0 -mthumb -mfloat-abi=soft -DSTM32F0 -DSTM32 -DSTM32F030K6Tx -DDEBUG -DUSE_HAL_DRIVER -DSTM32F030x6 -I"D:/Uczelnia/Rok V/Semestr 10/Praca Magisterska/Oprogramowanie/Git/electronics/Projects/Eclipse Neon/Workspace/pps_phase_shifter/inc" -I"D:/Uczelnia/Rok V/Semestr 10/Praca Magisterska/Oprogramowanie/Git/electronics/Projects/Eclipse Neon/Workspace/pps_phase_shifter/CMSIS/core" -I"D:/Uczelnia/Rok V/Semestr 10/Praca Magisterska/Oprogramowanie/Git/electronics/Projects/Eclipse Neon/Workspace/pps_phase_shifter/CMSIS/device" -I"D:/Uczelnia/Rok V/Semestr 10/Praca Magisterska/Oprogramowanie/Git/electronics/Projects/Eclipse Neon/Workspace/pps_phase_shifter/HAL_Driver/Inc/Legacy" -I"D:/Uczelnia/Rok V/Semestr 10/Praca Magisterska/Oprogramowanie/Git/electronics/Projects/Eclipse Neon/Workspace/pps_phase_shifter/HAL_Driver/Inc" -O0 -g3 -Wall -fmessage-length=0 -ffunction-sections -c -MMD -MP -MF"src/drivers/pc_comm.d" -MT"src/drivers/pc_comm.o" -o "src/drivers/pc_comm.o" "../src/drivers/pc_comm.c"
'Finished building: ../src/drivers/pc_comm.c'
' '
'Building target: pps_phase_shifter.elf'
'Invoking: MCU G++ Linker'
arm-none-eabi-g++ -mcpu=cortex-m0 -mthumb -mfloat-abi=soft -T"D:\Uczelnia\Rok V\Semestr 10\Praca Magisterska\Oprogramowanie\Git\electronics\Projects\Eclipse Neon\Workspace\pps_phase_shifter\LinkerScript.ld" -Wl,-Map=output.map -Wl,--gc-sections -fno-exceptions -fno-rtti -lm -o "pps_phase_shifter.elf" @"objects.list"  
'Finished building target: pps_phase_shifter.elf'
' '
make --no-print-directory post-build
'Generating binary and Printing size information:'
arm-none-eabi-objcopy -O binary "pps_phase_shifter.elf" "pps_phase_shifter.bin"
arm-none-eabi-size "pps_phase_shifter.elf"
   text	   data	    bss	    dec	    hex	filename
   9896	   1084	   1304	  12284	   2ffc	pps_phase_shifter.elf
' '
23:15:55 **** Incremental Build of configuration Debug for project pps_phase_shifter ****
make all 
make: Nothing to be done for `all'.
23:16:00 **** Incremental Build of configuration Debug for project pps_phase_shifter ****
make all 
make: Nothing to be done for `all'.
23:16:02 **** Incremental Build of configuration Debug for project pps_phase_shifter ****
make all 
make: Nothing to be done for `all'.
23:25:21 **** Incremental Build of configuration Debug for project pps_phase_shift_cubemx ****
make all 
make: Nothing to be done for `all'.
23:25:23 **** Incremental Build of configuration Debug for project pps_phase_shifter ****
make all 
'Building file: ../src/main.c'
'Invoking: MCU GCC Compiler'
D:\Uczelnia\Rok V\Semestr 10\Praca Magisterska\Oprogramowanie\Git\electronics\Projects\Eclipse Neon\Workspace\pps_phase_shifter\Debug
arm-none-eabi-gcc -mcpu=cortex-m0 -mthumb -mfloat-abi=soft -DSTM32F0 -DSTM32 -DSTM32F030K6Tx -DDEBUG -DUSE_HAL_DRIVER -DSTM32F030x6 -I"D:/Uczelnia/Rok V/Semestr 10/Praca Magisterska/Oprogramowanie/Git/electronics/Projects/Eclipse Neon/Workspace/pps_phase_shifter/inc" -I"D:/Uczelnia/Rok V/Semestr 10/Praca Magisterska/Oprogramowanie/Git/electronics/Projects/Eclipse Neon/Workspace/pps_phase_shifter/CMSIS/core" -I"D:/Uczelnia/Rok V/Semestr 10/Praca Magisterska/Oprogramowanie/Git/electronics/Projects/Eclipse Neon/Workspace/pps_phase_shifter/CMSIS/device" -I"D:/Uczelnia/Rok V/Semestr 10/Praca Magisterska/Oprogramowanie/Git/electronics/Projects/Eclipse Neon/Workspace/pps_phase_shifter/HAL_Driver/Inc/Legacy" -I"D:/Uczelnia/Rok V/Semestr 10/Praca Magisterska/Oprogramowanie/Git/electronics/Projects/Eclipse Neon/Workspace/pps_phase_shifter/HAL_Driver/Inc" -O0 -g3 -Wall -fmessage-length=0 -ffunction-sections -c -MMD -MP -MF"src/main.d" -MT"src/main.o" -o "src/main.o" "../src/main.c"
../src/main.c: In function 'main':
../src/main.c:66:23: warning: unused variable 'dupa' [-Wunused-variable]
     volatile uint32_t dupa = HAL_RCC_GetSysClockFreq();
                       ^
'Finished building: ../src/main.c'
' '
'Building target: pps_phase_shifter.elf'
'Invoking: MCU G++ Linker'
arm-none-eabi-g++ -mcpu=cortex-m0 -mthumb -mfloat-abi=soft -T"D:\Uczelnia\Rok V\Semestr 10\Praca Magisterska\Oprogramowanie\Git\electronics\Projects\Eclipse Neon\Workspace\pps_phase_shifter\LinkerScript.ld" -Wl,-Map=output.map -Wl,--gc-sections -fno-exceptions -fno-rtti -lm -o "pps_phase_shifter.elf" @"objects.list"  
'Finished building target: pps_phase_shifter.elf'
' '
make --no-print-directory post-build
'Generating binary and Printing size information:'
arm-none-eabi-objcopy -O binary "pps_phase_shifter.elf" "pps_phase_shifter.bin"
arm-none-eabi-size "pps_phase_shifter.elf"
   text	   data	    bss	    dec	    hex	filename
   9904	   1084	   1304	  12292	   3004	pps_phase_shifter.elf
' '
23:25:43 **** Incremental Build of configuration Debug for project pps_phase_shift_cubemx ****
make all 
make: Nothing to be done for `all'.
23:25:44 **** Incremental Build of configuration Debug for project pps_phase_shifter ****
make all 
'Building file: ../src/drivers/pc_comm.c'
'Invoking: MCU GCC Compiler'
D:\Uczelnia\Rok V\Semestr 10\Praca Magisterska\Oprogramowanie\Git\electronics\Projects\Eclipse Neon\Workspace\pps_phase_shifter\Debug
arm-none-eabi-gcc -mcpu=cortex-m0 -mthumb -mfloat-abi=soft -DSTM32F0 -DSTM32 -DSTM32F030K6Tx -DDEBUG -DUSE_HAL_DRIVER -DSTM32F030x6 -I"D:/Uczelnia/Rok V/Semestr 10/Praca Magisterska/Oprogramowanie/Git/electronics/Projects/Eclipse Neon/Workspace/pps_phase_shifter/inc" -I"D:/Uczelnia/Rok V/Semestr 10/Praca Magisterska/Oprogramowanie/Git/electronics/Projects/Eclipse Neon/Workspace/pps_phase_shifter/CMSIS/core" -I"D:/Uczelnia/Rok V/Semestr 10/Praca Magisterska/Oprogramowanie/Git/electronics/Projects/Eclipse Neon/Workspace/pps_phase_shifter/CMSIS/device" -I"D:/Uczelnia/Rok V/Semestr 10/Praca Magisterska/Oprogramowanie/Git/electronics/Projects/Eclipse Neon/Workspace/pps_phase_shifter/HAL_Driver/Inc/Legacy" -I"D:/Uczelnia/Rok V/Semestr 10/Praca Magisterska/Oprogramowanie/Git/electronics/Projects/Eclipse Neon/Workspace/pps_phase_shifter/HAL_Driver/Inc" -O0 -g3 -Wall -fmessage-length=0 -ffunction-sections -c -MMD -MP -MF"src/drivers/pc_comm.d" -MT"src/drivers/pc_comm.o" -o "src/drivers/pc_comm.o" "../src/drivers/pc_comm.c"
'Finished building: ../src/drivers/pc_comm.c'
' '
'Building target: pps_phase_shifter.elf'
'Invoking: MCU G++ Linker'
arm-none-eabi-g++ -mcpu=cortex-m0 -mthumb -mfloat-abi=soft -T"D:\Uczelnia\Rok V\Semestr 10\Praca Magisterska\Oprogramowanie\Git\electronics\Projects\Eclipse Neon\Workspace\pps_phase_shifter\LinkerScript.ld" -Wl,-Map=output.map -Wl,--gc-sections -fno-exceptions -fno-rtti -lm -o "pps_phase_shifter.elf" @"objects.list"  
'Finished building target: pps_phase_shifter.elf'
' '
make --no-print-directory post-build
'Generating binary and Printing size information:'
arm-none-eabi-objcopy -O binary "pps_phase_shifter.elf" "pps_phase_shifter.bin"
arm-none-eabi-size "pps_phase_shifter.elf"
   text	   data	    bss	    dec	    hex	filename
   9892	   1084	   1304	  12280	   2ff8	pps_phase_shifter.elf
' '
23:25:57 **** Incremental Build of configuration Debug for project pps_phase_shifter ****
make all 
make: Nothing to be done for `all'.
23:31:56 **** Incremental Build of configuration Debug for project pps_phase_shift_cubemx ****
make all 
make: Nothing to be done for `all'.
23:31:57 **** Incremental Build of configuration Debug for project pps_phase_shifter ****
make all 
'Building file: ../src/main.c'
'Invoking: MCU GCC Compiler'
D:\Uczelnia\Rok V\Semestr 10\Praca Magisterska\Oprogramowanie\Git\electronics\Projects\Eclipse Neon\Workspace\pps_phase_shifter\Debug
arm-none-eabi-gcc -mcpu=cortex-m0 -mthumb -mfloat-abi=soft -DSTM32F0 -DSTM32 -DSTM32F030K6Tx -DDEBUG -DUSE_HAL_DRIVER -DSTM32F030x6 -I"D:/Uczelnia/Rok V/Semestr 10/Praca Magisterska/Oprogramowanie/Git/electronics/Projects/Eclipse Neon/Workspace/pps_phase_shifter/inc" -I"D:/Uczelnia/Rok V/Semestr 10/Praca Magisterska/Oprogramowanie/Git/electronics/Projects/Eclipse Neon/Workspace/pps_phase_shifter/CMSIS/core" -I"D:/Uczelnia/Rok V/Semestr 10/Praca Magisterska/Oprogramowanie/Git/electronics/Projects/Eclipse Neon/Workspace/pps_phase_shifter/CMSIS/device" -I"D:/Uczelnia/Rok V/Semestr 10/Praca Magisterska/Oprogramowanie/Git/electronics/Projects/Eclipse Neon/Workspace/pps_phase_shifter/HAL_Driver/Inc/Legacy" -I"D:/Uczelnia/Rok V/Semestr 10/Praca Magisterska/Oprogramowanie/Git/electronics/Projects/Eclipse Neon/Workspace/pps_phase_shifter/HAL_Driver/Inc" -O0 -g3 -Wall -fmessage-length=0 -ffunction-sections -c -MMD -MP -MF"src/main.d" -MT"src/main.o" -o "src/main.o" "../src/main.c"
In file included from D:/Uczelnia/Rok V/Semestr 10/Praca Magisterska/Oprogramowanie/Git/electronics/Projects/Eclipse Neon/Workspace/pps_phase_shifter/HAL_Driver/Inc/stm32f0xx_hal_rcc.h:47:0,
                 from D:/Uczelnia/Rok V/Semestr 10/Praca Magisterska/Oprogramowanie/Git/electronics/Projects/Eclipse Neon/Workspace/pps_phase_shifter/HAL_Driver/Inc/stm32f0xx_hal_conf.h:188,
                 from D:/Uczelnia/Rok V/Semestr 10/Praca Magisterska/Oprogramowanie/Git/electronics/Projects/Eclipse Neon/Workspace/pps_phase_shifter/HAL_Driver/Inc/stm32f0xx_hal.h:48,
                 from ../src/main.c:12:
../src/main.c: In function 'main':
../src/main.c:93:31: error: 'huart' undeclared (first use in this function)
      bool aa = HAL_IS_BIT_SET(huart->Instance->CR3, USART_CR3_DMAT);
                               ^
D:/Uczelnia/Rok V/Semestr 10/Praca Magisterska/Oprogramowanie/Git/electronics/Projects/Eclipse Neon/Workspace/pps_phase_shifter/HAL_Driver/Inc/stm32f0xx_hal_def.h:78:45: note: in definition of macro 'HAL_IS_BIT_SET'
 #define HAL_IS_BIT_SET(REG, BIT)         (((REG) & (BIT)) != RESET)
                                             ^
../src/main.c:93:31: note: each undeclared identifier is reported only once for each function it appears in
      bool aa = HAL_IS_BIT_SET(huart->Instance->CR3, USART_CR3_DMAT);
                               ^
D:/Uczelnia/Rok V/Semestr 10/Praca Magisterska/Oprogramowanie/Git/electronics/Projects/Eclipse Neon/Workspace/pps_phase_shifter/HAL_Driver/Inc/stm32f0xx_hal_def.h:78:45: note: in definition of macro 'HAL_IS_BIT_SET'
 #define HAL_IS_BIT_SET(REG, BIT)         (((REG) & (BIT)) != RESET)
                                             ^
../src/main.c:93:11: warning: unused variable 'aa' [-Wunused-variable]
      bool aa = HAL_IS_BIT_SET(huart->Instance->CR3, USART_CR3_DMAT);
           ^
../src/main.c:66:23: warning: unused variable 'dupa' [-Wunused-variable]
     volatile uint32_t dupa = HAL_RCC_GetSysClockFreq();
                       ^
make: *** [src/main.o] Error 1
23:32:23 **** Incremental Build of configuration Debug for project pps_phase_shift_cubemx ****
make all 
make: Nothing to be done for `all'.
23:32:24 **** Incremental Build of configuration Debug for project pps_phase_shifter ****
make all 
'Building file: ../src/main.c'
'Invoking: MCU GCC Compiler'
D:\Uczelnia\Rok V\Semestr 10\Praca Magisterska\Oprogramowanie\Git\electronics\Projects\Eclipse Neon\Workspace\pps_phase_shifter\Debug
arm-none-eabi-gcc -mcpu=cortex-m0 -mthumb -mfloat-abi=soft -DSTM32F0 -DSTM32 -DSTM32F030K6Tx -DDEBUG -DUSE_HAL_DRIVER -DSTM32F030x6 -I"D:/Uczelnia/Rok V/Semestr 10/Praca Magisterska/Oprogramowanie/Git/electronics/Projects/Eclipse Neon/Workspace/pps_phase_shifter/inc" -I"D:/Uczelnia/Rok V/Semestr 10/Praca Magisterska/Oprogramowanie/Git/electronics/Projects/Eclipse Neon/Workspace/pps_phase_shifter/CMSIS/core" -I"D:/Uczelnia/Rok V/Semestr 10/Praca Magisterska/Oprogramowanie/Git/electronics/Projects/Eclipse Neon/Workspace/pps_phase_shifter/CMSIS/device" -I"D:/Uczelnia/Rok V/Semestr 10/Praca Magisterska/Oprogramowanie/Git/electronics/Projects/Eclipse Neon/Workspace/pps_phase_shifter/HAL_Driver/Inc/Legacy" -I"D:/Uczelnia/Rok V/Semestr 10/Praca Magisterska/Oprogramowanie/Git/electronics/Projects/Eclipse Neon/Workspace/pps_phase_shifter/HAL_Driver/Inc" -O0 -g3 -Wall -fmessage-length=0 -ffunction-sections -c -MMD -MP -MF"src/main.d" -MT"src/main.o" -o "src/main.o" "../src/main.c"
../src/main.c: In function 'main':
../src/main.c:93:11: warning: unused variable 'aa' [-Wunused-variable]
      bool aa = HAL_IS_BIT_SET(huart1.Instance->CR3, USART_CR3_DMAT);
           ^
../src/main.c:66:23: warning: unused variable 'dupa' [-Wunused-variable]
     volatile uint32_t dupa = HAL_RCC_GetSysClockFreq();
                       ^
'Finished building: ../src/main.c'
' '
'Building target: pps_phase_shifter.elf'
'Invoking: MCU G++ Linker'
arm-none-eabi-g++ -mcpu=cortex-m0 -mthumb -mfloat-abi=soft -T"D:\Uczelnia\Rok V\Semestr 10\Praca Magisterska\Oprogramowanie\Git\electronics\Projects\Eclipse Neon\Workspace\pps_phase_shifter\LinkerScript.ld" -Wl,-Map=output.map -Wl,--gc-sections -fno-exceptions -fno-rtti -lm -o "pps_phase_shifter.elf" @"objects.list"  
'Finished building target: pps_phase_shifter.elf'
' '
make --no-print-directory post-build
'Generating binary and Printing size information:'
arm-none-eabi-objcopy -O binary "pps_phase_shifter.elf" "pps_phase_shifter.bin"
arm-none-eabi-size "pps_phase_shifter.elf"
   text	   data	    bss	    dec	    hex	filename
   9904	   1084	   1304	  12292	   3004	pps_phase_shifter.elf
' '
23:32:33 **** Incremental Build of configuration Debug for project pps_phase_shifter ****
make all 
make: Nothing to be done for `all'.
23:32:43 **** Incremental Build of configuration Debug for project pps_phase_shifter ****
make all 
make: Nothing to be done for `all'.
23:43:32 **** Incremental Build of configuration Debug for project pps_phase_shift_cubemx ****
make all 
make: Nothing to be done for `all'.
23:43:33 **** Incremental Build of configuration Debug for project pps_phase_shifter ****
make all 
'Building file: ../src/drivers/pc_comm.c'
'Invoking: MCU GCC Compiler'
D:\Uczelnia\Rok V\Semestr 10\Praca Magisterska\Oprogramowanie\Git\electronics\Projects\Eclipse Neon\Workspace\pps_phase_shifter\Debug
arm-none-eabi-gcc -mcpu=cortex-m0 -mthumb -mfloat-abi=soft -DSTM32F0 -DSTM32 -DSTM32F030K6Tx -DDEBUG -DUSE_HAL_DRIVER -DSTM32F030x6 -I"D:/Uczelnia/Rok V/Semestr 10/Praca Magisterska/Oprogramowanie/Git/electronics/Projects/Eclipse Neon/Workspace/pps_phase_shifter/inc" -I"D:/Uczelnia/Rok V/Semestr 10/Praca Magisterska/Oprogramowanie/Git/electronics/Projects/Eclipse Neon/Workspace/pps_phase_shifter/CMSIS/core" -I"D:/Uczelnia/Rok V/Semestr 10/Praca Magisterska/Oprogramowanie/Git/electronics/Projects/Eclipse Neon/Workspace/pps_phase_shifter/CMSIS/device" -I"D:/Uczelnia/Rok V/Semestr 10/Praca Magisterska/Oprogramowanie/Git/electronics/Projects/Eclipse Neon/Workspace/pps_phase_shifter/HAL_Driver/Inc/Legacy" -I"D:/Uczelnia/Rok V/Semestr 10/Praca Magisterska/Oprogramowanie/Git/electronics/Projects/Eclipse Neon/Workspace/pps_phase_shifter/HAL_Driver/Inc" -O0 -g3 -Wall -fmessage-length=0 -ffunction-sections -c -MMD -MP -MF"src/drivers/pc_comm.d" -MT"src/drivers/pc_comm.o" -o "src/drivers/pc_comm.o" "../src/drivers/pc_comm.c"
'Finished building: ../src/drivers/pc_comm.c'
' '
'Building file: ../src/main.c'
'Invoking: MCU GCC Compiler'
D:\Uczelnia\Rok V\Semestr 10\Praca Magisterska\Oprogramowanie\Git\electronics\Projects\Eclipse Neon\Workspace\pps_phase_shifter\Debug
arm-none-eabi-gcc -mcpu=cortex-m0 -mthumb -mfloat-abi=soft -DSTM32F0 -DSTM32 -DSTM32F030K6Tx -DDEBUG -DUSE_HAL_DRIVER -DSTM32F030x6 -I"D:/Uczelnia/Rok V/Semestr 10/Praca Magisterska/Oprogramowanie/Git/electronics/Projects/Eclipse Neon/Workspace/pps_phase_shifter/inc" -I"D:/Uczelnia/Rok V/Semestr 10/Praca Magisterska/Oprogramowanie/Git/electronics/Projects/Eclipse Neon/Workspace/pps_phase_shifter/CMSIS/core" -I"D:/Uczelnia/Rok V/Semestr 10/Praca Magisterska/Oprogramowanie/Git/electronics/Projects/Eclipse Neon/Workspace/pps_phase_shifter/CMSIS/device" -I"D:/Uczelnia/Rok V/Semestr 10/Praca Magisterska/Oprogramowanie/Git/electronics/Projects/Eclipse Neon/Workspace/pps_phase_shifter/HAL_Driver/Inc/Legacy" -I"D:/Uczelnia/Rok V/Semestr 10/Praca Magisterska/Oprogramowanie/Git/electronics/Projects/Eclipse Neon/Workspace/pps_phase_shifter/HAL_Driver/Inc" -O0 -g3 -Wall -fmessage-length=0 -ffunction-sections -c -MMD -MP -MF"src/main.d" -MT"src/main.o" -o "src/main.o" "../src/main.c"
../src/main.c: In function 'main':
../src/main.c:93:11: warning: unused variable 'aa' [-Wunused-variable]
      bool aa = HAL_IS_BIT_SET(huart1.Instance->CR3, USART_CR3_DMAT);
           ^
../src/main.c:66:23: warning: unused variable 'dupa' [-Wunused-variable]
     volatile uint32_t dupa = HAL_RCC_GetSysClockFreq();
                       ^
'Finished building: ../src/main.c'
' '
'Building target: pps_phase_shifter.elf'
'Invoking: MCU G++ Linker'
arm-none-eabi-g++ -mcpu=cortex-m0 -mthumb -mfloat-abi=soft -T"D:\Uczelnia\Rok V\Semestr 10\Praca Magisterska\Oprogramowanie\Git\electronics\Projects\Eclipse Neon\Workspace\pps_phase_shifter\LinkerScript.ld" -Wl,-Map=output.map -Wl,--gc-sections -fno-exceptions -fno-rtti -lm -o "pps_phase_shifter.elf" @"objects.list"  
'Finished building target: pps_phase_shifter.elf'
' '
make --no-print-directory post-build
'Generating binary and Printing size information:'
arm-none-eabi-objcopy -O binary "pps_phase_shifter.elf" "pps_phase_shifter.bin"
arm-none-eabi-size "pps_phase_shifter.elf"
   text	   data	    bss	    dec	    hex	filename
   9408	   1084	   1304	  11796	   2e14	pps_phase_shifter.elf
' '
23:43:46 **** Incremental Build of configuration Debug for project pps_phase_shifter ****
make all 
make: Nothing to be done for `all'.
23:58:19 **** Incremental Build of configuration Debug for project pps_phase_shift_cubemx ****
make all 
make: Nothing to be done for `all'.
23:58:20 **** Incremental Build of configuration Debug for project pps_phase_shifter ****
make all 
'Building file: ../src/stm32f0xx_it.c'
'Invoking: MCU GCC Compiler'
D:\Uczelnia\Rok V\Semestr 10\Praca Magisterska\Oprogramowanie\Git\electronics\Projects\Eclipse Neon\Workspace\pps_phase_shifter\Debug
arm-none-eabi-gcc -mcpu=cortex-m0 -mthumb -mfloat-abi=soft -DSTM32F0 -DSTM32 -DSTM32F030K6Tx -DDEBUG -DUSE_HAL_DRIVER -DSTM32F030x6 -I"D:/Uczelnia/Rok V/Semestr 10/Praca Magisterska/Oprogramowanie/Git/electronics/Projects/Eclipse Neon/Workspace/pps_phase_shifter/inc" -I"D:/Uczelnia/Rok V/Semestr 10/Praca Magisterska/Oprogramowanie/Git/electronics/Projects/Eclipse Neon/Workspace/pps_phase_shifter/CMSIS/core" -I"D:/Uczelnia/Rok V/Semestr 10/Praca Magisterska/Oprogramowanie/Git/electronics/Projects/Eclipse Neon/Workspace/pps_phase_shifter/CMSIS/device" -I"D:/Uczelnia/Rok V/Semestr 10/Praca Magisterska/Oprogramowanie/Git/electronics/Projects/Eclipse Neon/Workspace/pps_phase_shifter/HAL_Driver/Inc/Legacy" -I"D:/Uczelnia/Rok V/Semestr 10/Praca Magisterska/Oprogramowanie/Git/electronics/Projects/Eclipse Neon/Workspace/pps_phase_shifter/HAL_Driver/Inc" -O0 -g3 -Wall -fmessage-length=0 -ffunction-sections -c -MMD -MP -MF"src/stm32f0xx_it.d" -MT"src/stm32f0xx_it.o" -o "src/stm32f0xx_it.o" "../src/stm32f0xx_it.c"
'Finished building: ../src/stm32f0xx_it.c'
' '
'Building target: pps_phase_shifter.elf'
'Invoking: MCU G++ Linker'
arm-none-eabi-g++ -mcpu=cortex-m0 -mthumb -mfloat-abi=soft -T"D:\Uczelnia\Rok V\Semestr 10\Praca Magisterska\Oprogramowanie\Git\electronics\Projects\Eclipse Neon\Workspace\pps_phase_shifter\LinkerScript.ld" -Wl,-Map=output.map -Wl,--gc-sections -fno-exceptions -fno-rtti -lm -o "pps_phase_shifter.elf" @"objects.list"  
'Finished building target: pps_phase_shifter.elf'
' '
make --no-print-directory post-build
'Generating binary and Printing size information:'
arm-none-eabi-objcopy -O binary "pps_phase_shifter.elf" "pps_phase_shifter.bin"
arm-none-eabi-size "pps_phase_shifter.elf"
   text	   data	    bss	    dec	    hex	filename
   9408	   1084	   1304	  11796	   2e14	pps_phase_shifter.elf
' '
23:58:39 **** Incremental Build of configuration Debug for project pps_phase_shift_cubemx ****
make all 
make: Nothing to be done for `all'.
23:58:40 **** Incremental Build of configuration Debug for project pps_phase_shifter ****
make all 
'Building file: ../src/stm32f0xx_it.c'
'Invoking: MCU GCC Compiler'
D:\Uczelnia\Rok V\Semestr 10\Praca Magisterska\Oprogramowanie\Git\electronics\Projects\Eclipse Neon\Workspace\pps_phase_shifter\Debug
arm-none-eabi-gcc -mcpu=cortex-m0 -mthumb -mfloat-abi=soft -DSTM32F0 -DSTM32 -DSTM32F030K6Tx -DDEBUG -DUSE_HAL_DRIVER -DSTM32F030x6 -I"D:/Uczelnia/Rok V/Semestr 10/Praca Magisterska/Oprogramowanie/Git/electronics/Projects/Eclipse Neon/Workspace/pps_phase_shifter/inc" -I"D:/Uczelnia/Rok V/Semestr 10/Praca Magisterska/Oprogramowanie/Git/electronics/Projects/Eclipse Neon/Workspace/pps_phase_shifter/CMSIS/core" -I"D:/Uczelnia/Rok V/Semestr 10/Praca Magisterska/Oprogramowanie/Git/electronics/Projects/Eclipse Neon/Workspace/pps_phase_shifter/CMSIS/device" -I"D:/Uczelnia/Rok V/Semestr 10/Praca Magisterska/Oprogramowanie/Git/electronics/Projects/Eclipse Neon/Workspace/pps_phase_shifter/HAL_Driver/Inc/Legacy" -I"D:/Uczelnia/Rok V/Semestr 10/Praca Magisterska/Oprogramowanie/Git/electronics/Projects/Eclipse Neon/Workspace/pps_phase_shifter/HAL_Driver/Inc" -O0 -g3 -Wall -fmessage-length=0 -ffunction-sections -c -MMD -MP -MF"src/stm32f0xx_it.d" -MT"src/stm32f0xx_it.o" -o "src/stm32f0xx_it.o" "../src/stm32f0xx_it.c"
'Finished building: ../src/stm32f0xx_it.c'
' '
'Building target: pps_phase_shifter.elf'
'Invoking: MCU G++ Linker'
arm-none-eabi-g++ -mcpu=cortex-m0 -mthumb -mfloat-abi=soft -T"D:\Uczelnia\Rok V\Semestr 10\Praca Magisterska\Oprogramowanie\Git\electronics\Projects\Eclipse Neon\Workspace\pps_phase_shifter\LinkerScript.ld" -Wl,-Map=output.map -Wl,--gc-sections -fno-exceptions -fno-rtti -lm -o "pps_phase_shifter.elf" @"objects.list"  
'Finished building target: pps_phase_shifter.elf'
' '
make --no-print-directory post-build
'Generating binary and Printing size information:'
arm-none-eabi-objcopy -O binary "pps_phase_shifter.elf" "pps_phase_shifter.bin"
arm-none-eabi-size "pps_phase_shifter.elf"
   text	   data	    bss	    dec	    hex	filename
   9408	   1084	   1304	  11796	   2e14	pps_phase_shifter.elf
' '
23:58:50 **** Incremental Build of configuration Debug for project pps_phase_shifter ****
make all 
make: Nothing to be done for `all'.
23:59:03 **** Incremental Build of configuration Debug for project pps_phase_shifter ****
make all 
make: Nothing to be done for `all'.
23:59:20 **** Incremental Build of configuration Debug for project pps_phase_shift_cubemx ****
make all 
make: Nothing to be done for `all'.
23:59:21 **** Incremental Build of configuration Debug for project pps_phase_shifter ****
make all 
make: Nothing to be done for `all'.
23:59:25 **** Incremental Build of configuration Debug for project pps_phase_shifter ****
make all 
make: Nothing to be done for `all'.
00:00:10 **** Incremental Build of configuration Debug for project pps_phase_shift_cubemx ****
make all 
make: Nothing to be done for `all'.
00:00:11 **** Incremental Build of configuration Debug for project pps_phase_shifter ****
make all 
make: Nothing to be done for `all'.
00:00:14 **** Incremental Build of configuration Debug for project pps_phase_shifter ****
make all 
make: Nothing to be done for `all'.
00:11:54 **** Incremental Build of configuration Debug for project pps_phase_shift_cubemx ****
make all 
make: Nothing to be done for `all'.
00:11:55 **** Incremental Build of configuration Debug for project pps_phase_shifter ****
make all 
'Building file: ../src/drivers/pc_comm.c'
'Invoking: MCU GCC Compiler'
D:\Uczelnia\Rok V\Semestr 10\Praca Magisterska\Oprogramowanie\Git\electronics\Projects\Eclipse Neon\Workspace\pps_phase_shifter\Debug
arm-none-eabi-gcc -mcpu=cortex-m0 -mthumb -mfloat-abi=soft -DSTM32F0 -DSTM32 -DSTM32F030K6Tx -DDEBUG -DUSE_HAL_DRIVER -DSTM32F030x6 -I"D:/Uczelnia/Rok V/Semestr 10/Praca Magisterska/Oprogramowanie/Git/electronics/Projects/Eclipse Neon/Workspace/pps_phase_shifter/inc" -I"D:/Uczelnia/Rok V/Semestr 10/Praca Magisterska/Oprogramowanie/Git/electronics/Projects/Eclipse Neon/Workspace/pps_phase_shifter/CMSIS/core" -I"D:/Uczelnia/Rok V/Semestr 10/Praca Magisterska/Oprogramowanie/Git/electronics/Projects/Eclipse Neon/Workspace/pps_phase_shifter/CMSIS/device" -I"D:/Uczelnia/Rok V/Semestr 10/Praca Magisterska/Oprogramowanie/Git/electronics/Projects/Eclipse Neon/Workspace/pps_phase_shifter/HAL_Driver/Inc/Legacy" -I"D:/Uczelnia/Rok V/Semestr 10/Praca Magisterska/Oprogramowanie/Git/electronics/Projects/Eclipse Neon/Workspace/pps_phase_shifter/HAL_Driver/Inc" -O0 -g3 -Wall -fmessage-length=0 -ffunction-sections -c -MMD -MP -MF"src/drivers/pc_comm.d" -MT"src/drivers/pc_comm.o" -o "src/drivers/pc_comm.o" "../src/drivers/pc_comm.c"
In file included from D:/Uczelnia/Rok V/Semestr 10/Praca Magisterska/Oprogramowanie/Git/electronics/Projects/Eclipse Neon/Workspace/pps_phase_shifter/HAL_Driver/Inc/stm32f0xx_hal_rcc.h:47:0,
                 from D:/Uczelnia/Rok V/Semestr 10/Praca Magisterska/Oprogramowanie/Git/electronics/Projects/Eclipse Neon/Workspace/pps_phase_shifter/HAL_Driver/Inc/stm32f0xx_hal_conf.h:188,
                 from D:/Uczelnia/Rok V/Semestr 10/Praca Magisterska/Oprogramowanie/Git/electronics/Projects/Eclipse Neon/Workspace/pps_phase_shifter/HAL_Driver/Inc/stm32f0xx_hal.h:48,
                 from ../src/drivers/pc_comm.c:10:
../src/drivers/pc_comm.c: In function 'pc_comm_send_data':
../src/drivers/pc_comm.c:106:19: error: 'huart' undeclared (first use in this function)
     __HAL_LINKDMA(huart, hdmatx, hdma_usart1_tx);
                   ^
D:/Uczelnia/Rok V/Semestr 10/Praca Magisterska/Oprogramowanie/Git/electronics/Projects/Eclipse Neon/Workspace/pps_phase_shifter/HAL_Driver/Inc/stm32f0xx_hal_def.h:83:32: note: in definition of macro '__HAL_LINKDMA'
                               (__HANDLE__)->__PPP_DMA_FIELD_ = &(__DMA_HANDLE_);   \
                                ^
../src/drivers/pc_comm.c:106:19: note: each undeclared identifier is reported only once for each function it appears in
     __HAL_LINKDMA(huart, hdmatx, hdma_usart1_tx);
                   ^
D:/Uczelnia/Rok V/Semestr 10/Praca Magisterska/Oprogramowanie/Git/electronics/Projects/Eclipse Neon/Workspace/pps_phase_shifter/HAL_Driver/Inc/stm32f0xx_hal_def.h:83:32: note: in definition of macro '__HAL_LINKDMA'
                               (__HANDLE__)->__PPP_DMA_FIELD_ = &(__DMA_HANDLE_);   \
                                ^
make: *** [src/drivers/pc_comm.o] Error 1
00:12:40 **** Incremental Build of configuration Debug for project pps_phase_shift_cubemx ****
make all 
make: Nothing to be done for `all'.
00:12:42 **** Incremental Build of configuration Debug for project pps_phase_shifter ****
make all 
'Building file: ../src/drivers/pc_comm.c'
'Invoking: MCU GCC Compiler'
D:\Uczelnia\Rok V\Semestr 10\Praca Magisterska\Oprogramowanie\Git\electronics\Projects\Eclipse Neon\Workspace\pps_phase_shifter\Debug
arm-none-eabi-gcc -mcpu=cortex-m0 -mthumb -mfloat-abi=soft -DSTM32F0 -DSTM32 -DSTM32F030K6Tx -DDEBUG -DUSE_HAL_DRIVER -DSTM32F030x6 -I"D:/Uczelnia/Rok V/Semestr 10/Praca Magisterska/Oprogramowanie/Git/electronics/Projects/Eclipse Neon/Workspace/pps_phase_shifter/inc" -I"D:/Uczelnia/Rok V/Semestr 10/Praca Magisterska/Oprogramowanie/Git/electronics/Projects/Eclipse Neon/Workspace/pps_phase_shifter/CMSIS/core" -I"D:/Uczelnia/Rok V/Semestr 10/Praca Magisterska/Oprogramowanie/Git/electronics/Projects/Eclipse Neon/Workspace/pps_phase_shifter/CMSIS/device" -I"D:/Uczelnia/Rok V/Semestr 10/Praca Magisterska/Oprogramowanie/Git/electronics/Projects/Eclipse Neon/Workspace/pps_phase_shifter/HAL_Driver/Inc/Legacy" -I"D:/Uczelnia/Rok V/Semestr 10/Praca Magisterska/Oprogramowanie/Git/electronics/Projects/Eclipse Neon/Workspace/pps_phase_shifter/HAL_Driver/Inc" -O0 -g3 -Wall -fmessage-length=0 -ffunction-sections -c -MMD -MP -MF"src/drivers/pc_comm.d" -MT"src/drivers/pc_comm.o" -o "src/drivers/pc_comm.o" "../src/drivers/pc_comm.c"
In file included from D:/Uczelnia/Rok V/Semestr 10/Praca Magisterska/Oprogramowanie/Git/electronics/Projects/Eclipse Neon/Workspace/pps_phase_shifter/HAL_Driver/Inc/stm32f0xx_hal_rcc.h:47:0,
                 from D:/Uczelnia/Rok V/Semestr 10/Praca Magisterska/Oprogramowanie/Git/electronics/Projects/Eclipse Neon/Workspace/pps_phase_shifter/HAL_Driver/Inc/stm32f0xx_hal_conf.h:188,
                 from D:/Uczelnia/Rok V/Semestr 10/Praca Magisterska/Oprogramowanie/Git/electronics/Projects/Eclipse Neon/Workspace/pps_phase_shifter/HAL_Driver/Inc/stm32f0xx_hal.h:48,
                 from ../src/drivers/pc_comm.c:10:
../src/drivers/pc_comm.c: In function 'pc_comm_send_data':
D:/Uczelnia/Rok V/Semestr 10/Praca Magisterska/Oprogramowanie/Git/electronics/Projects/Eclipse Neon/Workspace/pps_phase_shifter/HAL_Driver/Inc/stm32f0xx_hal_def.h:83:43: error: invalid type argument of '->' (have 'UART_HandleTypeDef {aka struct <anonymous>}')
                               (__HANDLE__)->__PPP_DMA_FIELD_ = &(__DMA_HANDLE_);   \
                                           ^
../src/drivers/pc_comm.c:106:5: note: in expansion of macro '__HAL_LINKDMA'
     __HAL_LINKDMA(huart1, hdmatx, hdma_usart1_tx);
     ^
D:/Uczelnia/Rok V/Semestr 10/Praca Magisterska/Oprogramowanie/Git/electronics/Projects/Eclipse Neon/Workspace/pps_phase_shifter/HAL_Driver/Inc/stm32f0xx_hal_def.h:84:54: error: incompatible types when assigning to type 'void *' from type 'UART_HandleTypeDef {aka struct <anonymous>}'
                               (__DMA_HANDLE_).Parent = (__HANDLE__);               \
                                                      ^
../src/drivers/pc_comm.c:106:5: note: in expansion of macro '__HAL_LINKDMA'
     __HAL_LINKDMA(huart1, hdmatx, hdma_usart1_tx);
     ^
make: *** [src/drivers/pc_comm.o] Error 1
00:13:39 **** Incremental Build of configuration Debug for project pps_phase_shift_cubemx ****
make all 
make: Nothing to be done for `all'.
00:13:40 **** Incremental Build of configuration Debug for project pps_phase_shifter ****
make all 
'Building file: ../src/drivers/pc_comm.c'
'Invoking: MCU GCC Compiler'
D:\Uczelnia\Rok V\Semestr 10\Praca Magisterska\Oprogramowanie\Git\electronics\Projects\Eclipse Neon\Workspace\pps_phase_shifter\Debug
arm-none-eabi-gcc -mcpu=cortex-m0 -mthumb -mfloat-abi=soft -DSTM32F0 -DSTM32 -DSTM32F030K6Tx -DDEBUG -DUSE_HAL_DRIVER -DSTM32F030x6 -I"D:/Uczelnia/Rok V/Semestr 10/Praca Magisterska/Oprogramowanie/Git/electronics/Projects/Eclipse Neon/Workspace/pps_phase_shifter/inc" -I"D:/Uczelnia/Rok V/Semestr 10/Praca Magisterska/Oprogramowanie/Git/electronics/Projects/Eclipse Neon/Workspace/pps_phase_shifter/CMSIS/core" -I"D:/Uczelnia/Rok V/Semestr 10/Praca Magisterska/Oprogramowanie/Git/electronics/Projects/Eclipse Neon/Workspace/pps_phase_shifter/CMSIS/device" -I"D:/Uczelnia/Rok V/Semestr 10/Praca Magisterska/Oprogramowanie/Git/electronics/Projects/Eclipse Neon/Workspace/pps_phase_shifter/HAL_Driver/Inc/Legacy" -I"D:/Uczelnia/Rok V/Semestr 10/Praca Magisterska/Oprogramowanie/Git/electronics/Projects/Eclipse Neon/Workspace/pps_phase_shifter/HAL_Driver/Inc" -O0 -g3 -Wall -fmessage-length=0 -ffunction-sections -c -MMD -MP -MF"src/drivers/pc_comm.d" -MT"src/drivers/pc_comm.o" -o "src/drivers/pc_comm.o" "../src/drivers/pc_comm.c"
'Finished building: ../src/drivers/pc_comm.c'
' '
'Building target: pps_phase_shifter.elf'
'Invoking: MCU G++ Linker'
arm-none-eabi-g++ -mcpu=cortex-m0 -mthumb -mfloat-abi=soft -T"D:\Uczelnia\Rok V\Semestr 10\Praca Magisterska\Oprogramowanie\Git\electronics\Projects\Eclipse Neon\Workspace\pps_phase_shifter\LinkerScript.ld" -Wl,-Map=output.map -Wl,--gc-sections -fno-exceptions -fno-rtti -lm -o "pps_phase_shifter.elf" @"objects.list"  
'Finished building target: pps_phase_shifter.elf'
' '
make --no-print-directory post-build
'Generating binary and Printing size information:'
arm-none-eabi-objcopy -O binary "pps_phase_shifter.elf" "pps_phase_shifter.bin"
arm-none-eabi-size "pps_phase_shifter.elf"
   text	   data	    bss	    dec	    hex	filename
   9484	   1084	   1304	  11872	   2e60	pps_phase_shifter.elf
' '
00:13:48 **** Incremental Build of configuration Debug for project pps_phase_shifter ****
make all 
make: Nothing to be done for `all'.
00:14:02 **** Incremental Build of configuration Debug for project pps_phase_shifter ****
make all 
make: Nothing to be done for `all'.
00:15:13 **** Incremental Build of configuration Debug for project pps_phase_shift_cubemx ****
make all 
make: Nothing to be done for `all'.
00:15:15 **** Incremental Build of configuration Debug for project pps_phase_shifter ****
make all 
'Building file: ../src/drivers/pc_comm.c'
'Invoking: MCU GCC Compiler'
D:\Uczelnia\Rok V\Semestr 10\Praca Magisterska\Oprogramowanie\Git\electronics\Projects\Eclipse Neon\Workspace\pps_phase_shifter\Debug
arm-none-eabi-gcc -mcpu=cortex-m0 -mthumb -mfloat-abi=soft -DSTM32F0 -DSTM32 -DSTM32F030K6Tx -DDEBUG -DUSE_HAL_DRIVER -DSTM32F030x6 -I"D:/Uczelnia/Rok V/Semestr 10/Praca Magisterska/Oprogramowanie/Git/electronics/Projects/Eclipse Neon/Workspace/pps_phase_shifter/inc" -I"D:/Uczelnia/Rok V/Semestr 10/Praca Magisterska/Oprogramowanie/Git/electronics/Projects/Eclipse Neon/Workspace/pps_phase_shifter/CMSIS/core" -I"D:/Uczelnia/Rok V/Semestr 10/Praca Magisterska/Oprogramowanie/Git/electronics/Projects/Eclipse Neon/Workspace/pps_phase_shifter/CMSIS/device" -I"D:/Uczelnia/Rok V/Semestr 10/Praca Magisterska/Oprogramowanie/Git/electronics/Projects/Eclipse Neon/Workspace/pps_phase_shifter/HAL_Driver/Inc/Legacy" -I"D:/Uczelnia/Rok V/Semestr 10/Praca Magisterska/Oprogramowanie/Git/electronics/Projects/Eclipse Neon/Workspace/pps_phase_shifter/HAL_Driver/Inc" -O0 -g3 -Wall -fmessage-length=0 -ffunction-sections -c -MMD -MP -MF"src/drivers/pc_comm.d" -MT"src/drivers/pc_comm.o" -o "src/drivers/pc_comm.o" "../src/drivers/pc_comm.c"
'Finished building: ../src/drivers/pc_comm.c'
' '
'Building target: pps_phase_shifter.elf'
'Invoking: MCU G++ Linker'
arm-none-eabi-g++ -mcpu=cortex-m0 -mthumb -mfloat-abi=soft -T"D:\Uczelnia\Rok V\Semestr 10\Praca Magisterska\Oprogramowanie\Git\electronics\Projects\Eclipse Neon\Workspace\pps_phase_shifter\LinkerScript.ld" -Wl,-Map=output.map -Wl,--gc-sections -fno-exceptions -fno-rtti -lm -o "pps_phase_shifter.elf" @"objects.list"  
'Finished building target: pps_phase_shifter.elf'
' '
make --no-print-directory post-build
'Generating binary and Printing size information:'
arm-none-eabi-objcopy -O binary "pps_phase_shifter.elf" "pps_phase_shifter.bin"
arm-none-eabi-size "pps_phase_shifter.elf"
   text	   data	    bss	    dec	    hex	filename
   9412	   1084	   1304	  11800	   2e18	pps_phase_shifter.elf
' '
00:15:58 **** Incremental Build of configuration Debug for project pps_phase_shifter ****
make all 
make: Nothing to be done for `all'.
00:25:26 **** Incremental Build of configuration Debug for project pps_phase_shift_cubemx ****
make all 
make: Nothing to be done for `all'.
[...]
                 from ../Src/main.c:35:
D:/Uczelnia/Rok V/Semestr 10/Praca Magisterska/Oprogramowanie/Git/electronics/Projects/Eclipse Neon/Workspace/pps_phase_shifter_cubemx/pps_phase_shift_cubemx/Drivers/STM32F0xx_HAL_Driver/Inc/stm32f0xx_hal_uart.h:1307:19: note: expected 'uint8_t * {aka unsigned char *}' but argument is of type 'int'
 HAL_StatusTypeDef HAL_UART_Transmit_DMA(UART_HandleTypeDef *huart, uint8_t *pData, uint16_t Size);
                   ^
../Src/main.c:100:3: error: expected ';' before '}' token
   }
   ^
make: *** [Src/main.o] Error 1
00:28:38 **** Incremental Build of configuration Debug for project pps_phase_shifter ****
make all 
make: Nothing to be done for `all'.
00:29:29 **** Incremental Build of configuration Debug for project pps_phase_shift_cubemx ****
make all 
'Building file: ../Src/main.c'
'Invoking: MCU GCC Compiler'
D:\Uczelnia\Rok V\Semestr 10\Praca Magisterska\Oprogramowanie\Git\electronics\Projects\Eclipse Neon\Workspace\pps_phase_shifter_cubemx\pps_phase_shift_cubemx\Debug
arm-none-eabi-gcc -mcpu=cortex-m0 -mthumb -mfloat-abi=soft -D__weak=__attribute__((weak)) -D__packed=__attribute__((__packed__)) -DUSE_HAL_DRIVER -DSTM32F030x6 -I"D:/Uczelnia/Rok V/Semestr 10/Praca Magisterska/Oprogramowanie/Git/electronics/Projects/Eclipse Neon/Workspace/pps_phase_shifter_cubemx/pps_phase_shift_cubemx/Inc" -I"D:/Uczelnia/Rok V/Semestr 10/Praca Magisterska/Oprogramowanie/Git/electronics/Projects/Eclipse Neon/Workspace/pps_phase_shifter_cubemx/pps_phase_shift_cubemx/Drivers/STM32F0xx_HAL_Driver/Inc" -I"D:/Uczelnia/Rok V/Semestr 10/Praca Magisterska/Oprogramowanie/Git/electronics/Projects/Eclipse Neon/Workspace/pps_phase_shifter_cubemx/pps_phase_shift_cubemx/Drivers/STM32F0xx_HAL_Driver/Inc/Legacy" -I"D:/Uczelnia/Rok V/Semestr 10/Praca Magisterska/Oprogramowanie/Git/electronics/Projects/Eclipse Neon/Workspace/pps_phase_shifter_cubemx/pps_phase_shift_cubemx/Drivers/CMSIS/Device/ST/STM32F0xx/Include" -I"D:/Uczelnia/Rok V/Semestr 10/Praca Magisterska/Oprogramowanie/Git/electronics/Projects/Eclipse Neon/Workspace/pps_phase_shifter_cubemx/pps_phase_shift_cubemx/Drivers/CMSIS/Include" -I"D:/Uczelnia/Rok V/Semestr 10/Praca Magisterska/Oprogramowanie/Git/electronics/Projects/Eclipse Neon/Workspace/pps_phase_shifter_cubemx/pps_phase_shift_cubemx/Inc"  -Os -g3 -Wall -fmessage-length=0 -ffunction-sections -c -fmessage-length=0 -MMD -MP -MF"Src/main.d" -MT"Src/main.o" -o "Src/main.o" "../Src/main.c"
../Src/main.c: In function 'main':
../Src/main.c:98:38: warning: passing argument 2 of 'HAL_UART_Transmit_DMA' makes pointer from integer without a cast [-Wint-conversion]
       HAL_UART_Transmit_DMA(&huart1, 'a', 1);
                                      ^
In file included from D:/Uczelnia/Rok V/Semestr 10/Praca Magisterska/Oprogramowanie/Git/electronics/Projects/Eclipse Neon/Workspace/pps_phase_shifter_cubemx/pps_phase_shift_cubemx/Inc/stm32f0xx_hal_conf.h:275:0,
                 from D:/Uczelnia/Rok V/Semestr 10/Praca Magisterska/Oprogramowanie/Git/electronics/Projects/Eclipse Neon/Workspace/pps_phase_shifter_cubemx/pps_phase_shift_cubemx/Drivers/STM32F0xx_HAL_Driver/Inc/stm32f0xx_hal.h:48,
                 from ../Src/main.c:35:
D:/Uczelnia/Rok V/Semestr 10/Praca Magisterska/Oprogramowanie/Git/electronics/Projects/Eclipse Neon/Workspace/pps_phase_shifter_cubemx/pps_phase_shift_cubemx/Drivers/STM32F0xx_HAL_Driver/Inc/stm32f0xx_hal_uart.h:1307:19: note: expected 'uint8_t * {aka unsigned char *}' but argument is of type 'int'
 HAL_StatusTypeDef HAL_UART_Transmit_DMA(UART_HandleTypeDef *huart, uint8_t *pData, uint16_t Size);
                   ^
../Src/main.c:100:3: error: expected ';' before '}' token
   }
   ^
make: *** [Src/main.o] Error 1
00:29:41 **** Incremental Build of configuration Debug for project pps_phase_shift_cubemx ****
make all 
'Building file: ../Src/main.c'
'Invoking: MCU GCC Compiler'
D:\Uczelnia\Rok V\Semestr 10\Praca Magisterska\Oprogramowanie\Git\electronics\Projects\Eclipse Neon\Workspace\pps_phase_shifter_cubemx\pps_phase_shift_cubemx\Debug
arm-none-eabi-gcc -mcpu=cortex-m0 -mthumb -mfloat-abi=soft -D__weak=__attribute__((weak)) -D__packed=__attribute__((__packed__)) -DUSE_HAL_DRIVER -DSTM32F030x6 -I"D:/Uczelnia/Rok V/Semestr 10/Praca Magisterska/Oprogramowanie/Git/electronics/Projects/Eclipse Neon/Workspace/pps_phase_shifter_cubemx/pps_phase_shift_cubemx/Inc" -I"D:/Uczelnia/Rok V/Semestr 10/Praca Magisterska/Oprogramowanie/Git/electronics/Projects/Eclipse Neon/Workspace/pps_phase_shifter_cubemx/pps_phase_shift_cubemx/Drivers/STM32F0xx_HAL_Driver/Inc" -I"D:/Uczelnia/Rok V/Semestr 10/Praca Magisterska/Oprogramowanie/Git/electronics/Projects/Eclipse Neon/Workspace/pps_phase_shifter_cubemx/pps_phase_shift_cubemx/Drivers/STM32F0xx_HAL_Driver/Inc/Legacy" -I"D:/Uczelnia/Rok V/Semestr 10/Praca Magisterska/Oprogramowanie/Git/electronics/Projects/Eclipse Neon/Workspace/pps_phase_shifter_cubemx/pps_phase_shift_cubemx/Drivers/CMSIS/Device/ST/STM32F0xx/Include" -I"D:/Uczelnia/Rok V/Semestr 10/Praca Magisterska/Oprogramowanie/Git/electronics/Projects/Eclipse Neon/Workspace/pps_phase_shifter_cubemx/pps_phase_shift_cubemx/Drivers/CMSIS/Include" -I"D:/Uczelnia/Rok V/Semestr 10/Praca Magisterska/Oprogramowanie/Git/electronics/Projects/Eclipse Neon/Workspace/pps_phase_shifter_cubemx/pps_phase_shift_cubemx/Inc"  -Os -g3 -Wall -fmessage-length=0 -ffunction-sections -c -fmessage-length=0 -MMD -MP -MF"Src/main.d" -MT"Src/main.o" -o "Src/main.o" "../Src/main.c"
../Src/main.c: In function 'main':
../Src/main.c:98:38: warning: passing argument 2 of 'HAL_UART_Transmit_DMA' makes pointer from integer without a cast [-Wint-conversion]
       HAL_UART_Transmit_DMA(&huart1, 'a', 1);
                                      ^
In file included from D:/Uczelnia/Rok V/Semestr 10/Praca Magisterska/Oprogramowanie/Git/electronics/Projects/Eclipse Neon/Workspace/pps_phase_shifter_cubemx/pps_phase_shift_cubemx/Inc/stm32f0xx_hal_conf.h:275:0,
                 from D:/Uczelnia/Rok V/Semestr 10/Praca Magisterska/Oprogramowanie/Git/electronics/Projects/Eclipse Neon/Workspace/pps_phase_shifter_cubemx/pps_phase_shift_cubemx/Drivers/STM32F0xx_HAL_Driver/Inc/stm32f0xx_hal.h:48,
                 from ../Src/main.c:35:
D:/Uczelnia/Rok V/Semestr 10/Praca Magisterska/Oprogramowanie/Git/electronics/Projects/Eclipse Neon/Workspace/pps_phase_shifter_cubemx/pps_phase_shift_cubemx/Drivers/STM32F0xx_HAL_Driver/Inc/stm32f0xx_hal_uart.h:1307:19: note: expected 'uint8_t * {aka unsigned char *}' but argument is of type 'int'
 HAL_StatusTypeDef HAL_UART_Transmit_DMA(UART_HandleTypeDef *huart, uint8_t *pData, uint16_t Size);
                   ^
'Finished building: ../Src/main.c'
' '
'Building file: ../Src/usart.c'
'Invoking: MCU GCC Compiler'
D:\Uczelnia\Rok V\Semestr 10\Praca Magisterska\Oprogramowanie\Git\electronics\Projects\Eclipse Neon\Workspace\pps_phase_shifter_cubemx\pps_phase_shift_cubemx\Debug
arm-none-eabi-gcc -mcpu=cortex-m0 -mthumb -mfloat-abi=soft -D__weak=__attribute__((weak)) -D__packed=__attribute__((__packed__)) -DUSE_HAL_DRIVER -DSTM32F030x6 -I"D:/Uczelnia/Rok V/Semestr 10/Praca Magisterska/Oprogramowanie/Git/electronics/Projects/Eclipse Neon/Workspace/pps_phase_shifter_cubemx/pps_phase_shift_cubemx/Inc" -I"D:/Uczelnia/Rok V/Semestr 10/Praca Magisterska/Oprogramowanie/Git/electronics/Projects/Eclipse Neon/Workspace/pps_phase_shifter_cubemx/pps_phase_shift_cubemx/Drivers/STM32F0xx_HAL_Driver/Inc" -I"D:/Uczelnia/Rok V/Semestr 10/Praca Magisterska/Oprogramowanie/Git/electronics/Projects/Eclipse Neon/Workspace/pps_phase_shifter_cubemx/pps_phase_shift_cubemx/Drivers/STM32F0xx_HAL_Driver/Inc/Legacy" -I"D:/Uczelnia/Rok V/Semestr 10/Praca Magisterska/Oprogramowanie/Git/electronics/Projects/Eclipse Neon/Workspace/pps_phase_shifter_cubemx/pps_phase_shift_cubemx/Drivers/CMSIS/Device/ST/STM32F0xx/Include" -I"D:/Uczelnia/Rok V/Semestr 10/Praca Magisterska/Oprogramowanie/Git/electronics/Projects/Eclipse Neon/Workspace/pps_phase_shifter_cubemx/pps_phase_shift_cubemx/Drivers/CMSIS/Include" -I"D:/Uczelnia/Rok V/Semestr 10/Praca Magisterska/Oprogramowanie/Git/electronics/Projects/Eclipse Neon/Workspace/pps_phase_shifter_cubemx/pps_phase_shift_cubemx/Inc"  -Os -g3 -Wall -fmessage-length=0 -ffunction-sections -c -fmessage-length=0 -MMD -MP -MF"Src/usart.d" -MT"Src/usart.o" -o "Src/usart.o" "../Src/usart.c"
'Finished building: ../Src/usart.c'
' '
'Building target: pps_phase_shift_cubemx.elf'
'Invoking: MCU GCC Linker'
arm-none-eabi-gcc -mcpu=cortex-m0 -mthumb -mfloat-abi=soft -specs=nosys.specs -specs=nano.specs -T"../STM32F030K6Tx_FLASH.ld" -Wl,-Map=output.map -Wl,--gc-sections -lm -o "pps_phase_shift_cubemx.elf" @"objects.list"  
'Finished building target: pps_phase_shift_cubemx.elf'
' '
make --no-print-directory post-build
'Generating binary and Printing size information:'
arm-none-eabi-objcopy -O binary "pps_phase_shift_cubemx.elf" "pps_phase_shift_cubemx.bin"
arm-none-eabi-size "pps_phase_shift_cubemx.elf"
   text	   data	    bss	    dec	    hex	filename
   5568	     12	   1916	   7496	   1d48	pps_phase_shift_cubemx.elf
' '
00:30:56 **** Incremental Build of configuration Debug for project pps_phase_shift_cubemx ****
make all 
'Building file: ../Src/main.c'
'Invoking: MCU GCC Compiler'
D:\Uczelnia\Rok V\Semestr 10\Praca Magisterska\Oprogramowanie\Git\electronics\Projects\Eclipse Neon\Workspace\pps_phase_shifter_cubemx\pps_phase_shift_cubemx\Debug
arm-none-eabi-gcc -mcpu=cortex-m0 -mthumb -mfloat-abi=soft -D__weak=__attribute__((weak)) -D__packed=__attribute__((__packed__)) -DUSE_HAL_DRIVER -DSTM32F030x6 -I"D:/Uczelnia/Rok V/Semestr 10/Praca Magisterska/Oprogramowanie/Git/electronics/Projects/Eclipse Neon/Workspace/pps_phase_shifter_cubemx/pps_phase_shift_cubemx/Inc" -I"D:/Uczelnia/Rok V/Semestr 10/Praca Magisterska/Oprogramowanie/Git/electronics/Projects/Eclipse Neon/Workspace/pps_phase_shifter_cubemx/pps_phase_shift_cubemx/Drivers/STM32F0xx_HAL_Driver/Inc" -I"D:/Uczelnia/Rok V/Semestr 10/Praca Magisterska/Oprogramowanie/Git/electronics/Projects/Eclipse Neon/Workspace/pps_phase_shifter_cubemx/pps_phase_shift_cubemx/Drivers/STM32F0xx_HAL_Driver/Inc/Legacy" -I"D:/Uczelnia/Rok V/Semestr 10/Praca Magisterska/Oprogramowanie/Git/electronics/Projects/Eclipse Neon/Workspace/pps_phase_shifter_cubemx/pps_phase_shift_cubemx/Drivers/CMSIS/Device/ST/STM32F0xx/Include" -I"D:/Uczelnia/Rok V/Semestr 10/Praca Magisterska/Oprogramowanie/Git/electronics/Projects/Eclipse Neon/Workspace/pps_phase_shifter_cubemx/pps_phase_shift_cubemx/Drivers/CMSIS/Include" -I"D:/Uczelnia/Rok V/Semestr 10/Praca Magisterska/Oprogramowanie/Git/electronics/Projects/Eclipse Neon/Workspace/pps_phase_shifter_cubemx/pps_phase_shift_cubemx/Inc"  -Os -g3 -Wall -fmessage-length=0 -ffunction-sections -c -fmessage-length=0 -MMD -MP -MF"Src/main.d" -MT"Src/main.o" -o "Src/main.o" "../Src/main.c"
../Src/main.c: In function 'main':
../Src/main.c:99:38: warning: passing argument 2 of 'HAL_UART_Transmit_DMA' from incompatible pointer type [-Wincompatible-pointer-types]
       HAL_UART_Transmit_DMA(&huart1, &a, 1);
                                      ^
In file included from D:/Uczelnia/Rok V/Semestr 10/Praca Magisterska/Oprogramowanie/Git/electronics/Projects/Eclipse Neon/Workspace/pps_phase_shifter_cubemx/pps_phase_shift_cubemx/Inc/stm32f0xx_hal_conf.h:275:0,
                 from D:/Uczelnia/Rok V/Semestr 10/Praca Magisterska/Oprogramowanie/Git/electronics/Projects/Eclipse Neon/Workspace/pps_phase_shifter_cubemx/pps_phase_shift_cubemx/Drivers/STM32F0xx_HAL_Driver/Inc/stm32f0xx_hal.h:48,
                 from ../Src/main.c:35:
D:/Uczelnia/Rok V/Semestr 10/Praca Magisterska/Oprogramowanie/Git/electronics/Projects/Eclipse Neon/Workspace/pps_phase_shifter_cubemx/pps_phase_shift_cubemx/Drivers/STM32F0xx_HAL_Driver/Inc/stm32f0xx_hal_uart.h:1307:19: note: expected 'uint8_t * {aka unsigned char *}' but argument is of type 'int *'
 HAL_StatusTypeDef HAL_UART_Transmit_DMA(UART_HandleTypeDef *huart, uint8_t *pData, uint16_t Size);
                   ^
'Finished building: ../Src/main.c'
' '
'Building target: pps_phase_shift_cubemx.elf'
'Invoking: MCU GCC Linker'
arm-none-eabi-gcc -mcpu=cortex-m0 -mthumb -mfloat-abi=soft -specs=nosys.specs -specs=nano.specs -T"../STM32F030K6Tx_FLASH.ld" -Wl,-Map=output.map -Wl,--gc-sections -lm -o "pps_phase_shift_cubemx.elf" @"objects.list"  
'Finished building target: pps_phase_shift_cubemx.elf'
' '
make --no-print-directory post-build
'Generating binary and Printing size information:'
arm-none-eabi-objcopy -O binary "pps_phase_shift_cubemx.elf" "pps_phase_shift_cubemx.bin"
arm-none-eabi-size "pps_phase_shift_cubemx.elf"
   text	   data	    bss	    dec	    hex	filename
   5572	     12	   1916	   7500	   1d4c	pps_phase_shift_cubemx.elf
' '
00:31:01 **** Incremental Build of configuration Debug for project pps_phase_shifter ****
make all 
make: Nothing to be done for `all'.
00:31:09 **** Incremental Build of configuration Debug for project pps_phase_shift_cubemx ****
make all 
make: Nothing to be done for `all'.
00:36:23 **** Incremental Build of configuration Debug for project pps_phase_shift_cubemx ****
make all 
make: Nothing to be done for `all'.
00:36:24 **** Incremental Build of configuration Debug for project pps_phase_shifter ****
make all 
'Building file: ../HAL_Driver/Src/stm32f0xx_hal_uart.c'
'Invoking: MCU GCC Compiler'
D:\Uczelnia\Rok V\Semestr 10\Praca Magisterska\Oprogramowanie\Git\electronics\Projects\Eclipse Neon\Workspace\pps_phase_shifter\Debug
arm-none-eabi-gcc -mcpu=cortex-m0 -mthumb -mfloat-abi=soft -DSTM32F0 -DSTM32 -DSTM32F030K6Tx -DDEBUG -DUSE_HAL_DRIVER -DSTM32F030x6 -I"D:/Uczelnia/Rok V/Semestr 10/Praca Magisterska/Oprogramowanie/Git/electronics/Projects/Eclipse Neon/Workspace/pps_phase_shifter/inc" -I"D:/Uczelnia/Rok V/Semestr 10/Praca Magisterska/Oprogramowanie/Git/electronics/Projects/Eclipse Neon/Workspace/pps_phase_shifter/CMSIS/core" -I"D:/Uczelnia/Rok V/Semestr 10/Praca Magisterska/Oprogramowanie/Git/electronics/Projects/Eclipse Neon/Workspace/pps_phase_shifter/CMSIS/device" -I"D:/Uczelnia/Rok V/Semestr 10/Praca Magisterska/Oprogramowanie/Git/electronics/Projects/Eclipse Neon/Workspace/pps_phase_shifter/HAL_Driver/Inc/Legacy" -I"D:/Uczelnia/Rok V/Semestr 10/Praca Magisterska/Oprogramowanie/Git/electronics/Projects/Eclipse Neon/Workspace/pps_phase_shifter/HAL_Driver/Inc" -O0 -g3 -Wall -fmessage-length=0 -ffunction-sections -c -MMD -MP -MF"HAL_Driver/Src/stm32f0xx_hal_uart.d" -MT"HAL_Driver/Src/stm32f0xx_hal_uart.o" -o "HAL_Driver/Src/stm32f0xx_hal_uart.o" "../HAL_Driver/Src/stm32f0xx_hal_uart.c"
'Finished building: ../HAL_Driver/Src/stm32f0xx_hal_uart.c'
' '
'Building target: pps_phase_shifter.elf'
'Invoking: MCU G++ Linker'
arm-none-eabi-g++ -mcpu=cortex-m0 -mthumb -mfloat-abi=soft -T"D:\Uczelnia\Rok V\Semestr 10\Praca Magisterska\Oprogramowanie\Git\electronics\Projects\Eclipse Neon\Workspace\pps_phase_shifter\LinkerScript.ld" -Wl,-Map=output.map -Wl,--gc-sections -fno-exceptions -fno-rtti -lm -o "pps_phase_shifter.elf" @"objects.list"  
'Finished building target: pps_phase_shifter.elf'
' '
make --no-print-directory post-build
'Generating binary and Printing size information:'
arm-none-eabi-objcopy -O binary "pps_phase_shifter.elf" "pps_phase_shifter.bin"
arm-none-eabi-size "pps_phase_shifter.elf"
   text	   data	    bss	    dec	    hex	filename
   9420	   1084	   1304	  11808	   2e20	pps_phase_shifter.elf
' '
00:39:32 **** Incremental Build of configuration Debug for project pps_phase_shift_cubemx ****
make all 
make: Nothing to be done for `all'.
00:39:34 **** Incremental Build of configuration Debug for project pps_phase_shifter ****
make all 
'Building file: ../src/drivers/pc_comm.c'
'Invoking: MCU GCC Compiler'
D:\Uczelnia\Rok V\Semestr 10\Praca Magisterska\Oprogramowanie\Git\electronics\Projects\Eclipse Neon\Workspace\pps_phase_shifter\Debug
arm-none-eabi-gcc -mcpu=cortex-m0 -mthumb -mfloat-abi=soft -DSTM32F0 -DSTM32 -DSTM32F030K6Tx -DDEBUG -DUSE_HAL_DRIVER -DSTM32F030x6 -I"D:/Uczelnia/Rok V/Semestr 10/Praca Magisterska/Oprogramowanie/Git/electronics/Projects/Eclipse Neon/Workspace/pps_phase_shifter/inc" -I"D:/Uczelnia/Rok V/Semestr 10/Praca Magisterska/Oprogramowanie/Git/electronics/Projects/Eclipse Neon/Workspace/pps_phase_shifter/CMSIS/core" -I"D:/Uczelnia/Rok V/Semestr 10/Praca Magisterska/Oprogramowanie/Git/electronics/Projects/Eclipse Neon/Workspace/pps_phase_shifter/CMSIS/device" -I"D:/Uczelnia/Rok V/Semestr 10/Praca Magisterska/Oprogramowanie/Git/electronics/Projects/Eclipse Neon/Workspace/pps_phase_shifter/HAL_Driver/Inc/Legacy" -I"D:/Uczelnia/Rok V/Semestr 10/Praca Magisterska/Oprogramowanie/Git/electronics/Projects/Eclipse Neon/Workspace/pps_phase_shifter/HAL_Driver/Inc" -O0 -g3 -Wall -fmessage-length=0 -ffunction-sections -c -MMD -MP -MF"src/drivers/pc_comm.d" -MT"src/drivers/pc_comm.o" -o "src/drivers/pc_comm.o" "../src/drivers/pc_comm.c"
'Finished building: ../src/drivers/pc_comm.c'
' '
'Building file: ../src/main.c'
'Invoking: MCU GCC Compiler'
D:\Uczelnia\Rok V\Semestr 10\Praca Magisterska\Oprogramowanie\Git\electronics\Projects\Eclipse Neon\Workspace\pps_phase_shifter\Debug
arm-none-eabi-gcc -mcpu=cortex-m0 -mthumb -mfloat-abi=soft -DSTM32F0 -DSTM32 -DSTM32F030K6Tx -DDEBUG -DUSE_HAL_DRIVER -DSTM32F030x6 -I"D:/Uczelnia/Rok V/Semestr 10/Praca Magisterska/Oprogramowanie/Git/electronics/Projects/Eclipse Neon/Workspace/pps_phase_shifter/inc" -I"D:/Uczelnia/Rok V/Semestr 10/Praca Magisterska/Oprogramowanie/Git/electronics/Projects/Eclipse Neon/Workspace/pps_phase_shifter/CMSIS/core" -I"D:/Uczelnia/Rok V/Semestr 10/Praca Magisterska/Oprogramowanie/Git/electronics/Projects/Eclipse Neon/Workspace/pps_phase_shifter/CMSIS/device" -I"D:/Uczelnia/Rok V/Semestr 10/Praca Magisterska/Oprogramowanie/Git/electronics/Projects/Eclipse Neon/Workspace/pps_phase_shifter/HAL_Driver/Inc/Legacy" -I"D:/Uczelnia/Rok V/Semestr 10/Praca Magisterska/Oprogramowanie/Git/electronics/Projects/Eclipse Neon/Workspace/pps_phase_shifter/HAL_Driver/Inc" -O0 -g3 -Wall -fmessage-length=0 -ffunction-sections -c -MMD -MP -MF"src/main.d" -MT"src/main.o" -o "src/main.o" "../src/main.c"
../src/main.c: In function 'main':
../src/main.c:92:32: warning: implicit declaration of function 'strlen' [-Wimplicit-function-declaration]
      pc_comm_send_data(s_data, strlen(s_data));
                                ^
../src/main.c:92:32: warning: incompatible implicit declaration of built-in function 'strlen'
../src/main.c:92:32: note: include '<string.h>' or provide a declaration of 'strlen'
../src/main.c:92:39: warning: pointer targets in passing argument 1 of 'strlen' differ in signedness [-Wpointer-sign]
      pc_comm_send_data(s_data, strlen(s_data));
                                       ^
../src/main.c:92:39: note: expected 'const char *' but argument is of type 'uint8_t * {aka unsigned char *}'
../src/main.c:66:23: warning: unused variable 'dupa' [-Wunused-variable]
     volatile uint32_t dupa = HAL_RCC_GetSysClockFreq();
                       ^
'Finished building: ../src/main.c'
' '
'Building target: pps_phase_shifter.elf'
'Invoking: MCU G++ Linker'
arm-none-eabi-g++ -mcpu=cortex-m0 -mthumb -mfloat-abi=soft -T"D:\Uczelnia\Rok V\Semestr 10\Praca Magisterska\Oprogramowanie\Git\electronics\Projects\Eclipse Neon\Workspace\pps_phase_shifter\LinkerScript.ld" -Wl,-Map=output.map -Wl,--gc-sections -fno-exceptions -fno-rtti -lm -o "pps_phase_shifter.elf" @"objects.list"  
'Finished building target: pps_phase_shifter.elf'
' '
make --no-print-directory post-build
'Generating binary and Printing size information:'
arm-none-eabi-objcopy -O binary "pps_phase_shifter.elf" "pps_phase_shifter.bin"
arm-none-eabi-size "pps_phase_shifter.elf"
   text	   data	    bss	    dec	    hex	filename
  10028	   1084	   1304	  12416	   3080	pps_phase_shifter.elf
' '
00:39:49 **** Incremental Build of configuration Debug for project pps_phase_shifter ****
make all 
make: Nothing to be done for `all'.
